{
'project:as3-commons/as3-commons-aop/src/main/actionscript/org/as3commons/aop/intercept/factory/impl/InterceptorChainFactory.as':[
63,
],
'project:as3-commons/as3-commons-asblocks/src/main/actionscript/org/as3commons/asblocks/dom/IASConfigStatement.as':[
66,
],
'project:as3-commons/as3-commons-asblocks/src/main/actionscript/org/as3commons/asblocks/dom/IASMember.as':[
96,
],
'project:as3-commons/as3-commons-asblocks/src/main/actionscript/org/as3commons/asblocks/impl/ASTASMetaTag.as':[
177,
],
'project:as3-commons/as3-commons-asblocks/src/main/actionscript/org/as3commons/asblocks/impl/ContainerDelegate.as':[
37,
],
'project:as3-commons/as3-commons-async-flex/src/main/actionscript/org/as3commons/async/operation/impl/LoadModuleOperation.as':[
55,
],
'project:as3-commons/as3-commons-async-flex/src/main/actionscript/org/as3commons/async/operation/impl/LoadResourceModuleOperation.as':[
70,
],
'project:as3-commons/as3-commons-async-flex/src/main/actionscript/org/as3commons/async/operation/impl/LoadStyleModuleOperation.as':[
92,
],
'project:as3-commons/as3-commons-async/src/main/actionscript/org/as3commons/async/operation/trigger/impl/AbstractOperationCompleteTrigger.as':[
60,
],
'project:as3-commons/as3-commons-async/src/main/actionscript/org/as3commons/async/task/impl/Task.as':[
137,
],
'project:as3-commons/as3-commons-async/src/test/actionscript/org/as3commons/async/command/CompositeCommandTest.as':[
60,
63,
74,
78,
89,
92,
105,
108,
],
'project:as3-commons/as3-commons-async/src/test/actionscript/org/as3commons/async/operation/OperationHandlerTest.as':[
91,
],
'project:as3-commons/as3-commons-async/src/test/actionscript/org/as3commons/async/operation/OperationQueueTest.as':[
59,
],
'project:as3-commons/as3-commons-async/src/test/actionscript/org/as3commons/async/task/command/FunctionCommandTest.as':[
30,
],
'project:as3-commons/as3-commons-async/src/test/actionscript/org/as3commons/async/task/impl/ForBlockTest.as':[
73,
77,
],
'project:as3-commons/as3-commons-async/src/test/actionscript/org/as3commons/async/task/impl/TaskTest.as':[
80,
84,
87,
138,
141,
144,
163,
186,
203,
207,
221,
231,
247,
252,
256,
],
'project:as3-commons/as3-commons-async/src/test/actionscript/org/as3commons/async/task/impl/WhileBlockTest.as':[
64,
68,
],
'project:as3-commons/as3-commons-bytecode/src/main/actionscript/org/as3commons/bytecode/emit/impl/AbcBuilder.as':[
277,
],
'project:as3-commons/as3-commons-bytecode/src/main/actionscript/org/as3commons/bytecode/emit/impl/BaseBuilder.as':[
38,
196,
],
'project:as3-commons/as3-commons-bytecode/src/main/actionscript/org/as3commons/bytecode/io/AbstractAbcDeserializer.as':[
244,
257,
],
'project:as3-commons/as3-commons-bytecode/src/main/actionscript/org/as3commons/bytecode/proxy/impl/ConstructorProxyFactory.as':[
161,
],
'project:as3-commons/as3-commons-bytecode/src/main/actionscript/org/as3commons/bytecode/proxy/impl/ProxyFactory.as':[
336,
],
'project:as3-commons/as3-commons-bytecode/src/main/actionscript/org/as3commons/bytecode/util/MultinameUtil.as':[
141,
],
'project:as3-commons/as3-commons-bytecode/src/main/actionscript/org/as3commons/bytecode/util/SWFSpec.as':[
216,
313,
],
'project:as3-commons/as3-commons-bytecode/src/main/actionscript/org/as3commons/bytecode/util/StringLookup.as':[
30,
],
'project:as3-commons/as3-commons-eventbus/src/main/actionscript/org/as3commons/eventbus/impl/EventBus.as':[
322,
],
'project:as3-commons/as3-commons-eventbus/src/test/actionscript/org/as3commons/eventbus/impl/EventBusTest.as':[
409,
],
'project:as3-commons/as3-commons-lang/src/main/actionscript/org/as3commons/lang/ClassUtils.as':[
398,
],
'project:as3-commons/as3-commons-lang/src/main/actionscript/org/as3commons/lang/DateUtils.as':[
309,
],
'project:as3-commons/as3-commons-lang/src/test/actionscript/org/as3commons/lang/EnumTest.as':[
60,
],
'project:as3-commons/as3-commons-logging/src/main/actionscript/org/as3commons/logging/api/ILogger.as':[
92,
],
'project:as3-commons/as3-commons-logging/src/test/actionscript/FirebugTest.as':[
70,
],
'project:as3-commons/as3-commons-reflect/src/main/actionscript/org/as3commons/reflect/MetadataUtils.as':[
232,
],
'project:as3-commons/as3-commons-serialization/src/main/actionscript/org/as3commons/serialization/xml/XMLConverter.as':[
110,
],
'project:spring-actionscript/spring-actionscript-core/src/main/actionscript/org/springextensions/actionscript/context/impl/DefaultChildContextManager.as':[
105,
],
'project:spring-actionscript/spring-actionscript-core/src/main/actionscript/org/springextensions/actionscript/eventbus/impl/DefaultEventBusUserRegistry.as':[
415,
],
'project:spring-actionscript/spring-actionscript-core/src/main/actionscript/org/springextensions/actionscript/ioc/config/impl/xml/XMLObjectDefinitionsProvider.as':[
319,
],
'project:spring-actionscript/spring-actionscript-core/src/main/actionscript/org/springextensions/actionscript/ioc/config/impl/xml/namespacehandler/impl/task/nodeparser/BlockNodeParser.as':[
44,
],
'project:spring-actionscript/spring-actionscript-core/src/main/actionscript/org/springextensions/actionscript/ioc/factory/IInstanceCache.as':[
78,
],
'project:spring-actionscript/spring-actionscript-core/src/main/actionscript/org/springextensions/actionscript/ioc/factory/impl/GenericFactoryObject.as':[
92,
],
'project:spring-actionscript/spring-actionscript-core/src/main/actionscript/org/springextensions/actionscript/ioc/impl/DefaultDependencyInjector.as':[
415,
],
'project:spring-actionscript/spring-actionscript-core/src/main/actionscript/org/springextensions/actionscript/object/PropertyEditorRegistrySupport.as':[
41,
],
'project:spring-actionscript/spring-actionscript-flex/src/main/actionscript/org/springextensions/actionscript/ioc/config/impl/mxml/component/MXMLObjectDefinition.as':[
724,
],
'project:spring-actionscript/spring-actionscript-flex/src/test/actionscript/org/springextensions/actionscript/ioc/config/impl/mxml/component/PropertyTest.as':[
30,
],
'project:spring-actionscript/spring-actionscript-mvc/src/main/actionscript/org/springextensions/actionscript/mvc/impl/CommandProxy.as':[
57,
],
'project:spring-actionscript/spring-actionscript-mvc/src/main/actionscript/org/springextensions/actionscript/mvc/processor/MVCControllerObjectFactoryPostProcessor.as':[
131,
],
'project:spring-actionscript/spring-actionscript-security/src/main/actionscript/org/springextensions/actionscript/security/impl/SimpleMembershipOwner.as':[
28,
],
}
