{
'project:spring-actionscript/spring-actionscript-samples/cafe-townsend-bootstrap/src/main/actionscript/org/springextensions/actionscript/samples/cafetownsend/presentation/EmployeeListPresentationModel.as':[
198,
],
'project:spring-actionscript/spring-actionscript-samples/cafe-townsend-bootstrap/src/main/actionscript/org/springextensions/actionscript/samples/cafetownsend/presentation/EmployeeLoginPresentationModel.as':[
182,
188,
],
'project:spring-actionscript/spring-actionscript-samples/cafe-townsend-metadata-config/src/main/actionscript/org/springextensions/actionscript/samples/cafetownsend/presentation/EmployeeListPresentationModel.as':[
199,
],
'project:spring-actionscript/spring-actionscript-samples/cafe-townsend-metadata-config/src/main/actionscript/org/springextensions/actionscript/samples/cafetownsend/presentation/EmployeeLoginPresentationModel.as':[
181,
187,
],
'project:spring-actionscript/spring-actionscript-samples/cafe-townsend-multi-module/src/main/actionscript/org/springextensions/actionscript/samples/cafetownsend/presentation/EmployeeListPresentationModel.as':[
198,
],
'project:spring-actionscript/spring-actionscript-samples/cafe-townsend-multi-module/src/main/actionscript/org/springextensions/actionscript/samples/cafetownsend/presentation/EmployeeLoginPresentationModel.as':[
182,
188,
],
'project:spring-actionscript/spring-actionscript-samples/cafe-townsend-mxml-config/src/main/actionscript/org/springextensions/actionscript/samples/cafetownsend/presentation/EmployeeListPresentationModel.as':[
198,
],
'project:spring-actionscript/spring-actionscript-samples/cafe-townsend-mxml-config/src/main/actionscript/org/springextensions/actionscript/samples/cafetownsend/presentation/EmployeeLoginPresentationModel.as':[
182,
188,
],
'project:spring-actionscript/spring-actionscript-samples/cafe-townsend/src/main/actionscript/org/springextensions/actionscript/samples/cafetownsend/presentation/EmployeeListPresentationModel.as':[
198,
],
'project:spring-actionscript/spring-actionscript-samples/cafe-townsend/src/main/actionscript/org/springextensions/actionscript/samples/cafetownsend/presentation/EmployeeLoginPresentationModel.as':[
182,
188,
],
}
