{
'project:as3-commons/as3-commons-bytecode/src/test/actionscript/org/as3commons/bytecode/testclasses/EventDispatcherSubclass.as':[
27,
31,
],
'project:as3-commons/as3-commons-bytecode/src/test/actionscript/org/as3commons/bytecode/testclasses/EventDispatcherSubclass2.as':[
27,
31,
],
'project:as3-commons/as3-commons-logging/src/test/actionscript/perf/SpiceLibPerformance.as':[
43,
],
'project:as3-commons/as3-commons-reflect/src/test/actionscript/org/as3commons/reflect/AccessorTest.as':[
20,
24,
],
'project:as3-commons/as3-commons-ui/src/test/actionscript/org/as3commons/ui/lifecycle/i10n/testhelper/TestI10NAdapter.as':[
65,
],
'project:as3-commons/as3-commons-ui/src/test/actionscript/org/as3commons/ui/lifecycle/lifecycle/testhelper/TestLifeCycleAdapter.as':[
81,
],
'project:spring-actionscript/spring-actionscript-flex/src/main/actionscript/org/springextensions/actionscript/ioc/config/impl/mxml/component/MethodInvocation.as':[
99,
],
}
