{
'project:as3-commons/as3-commons-aop/src/main/actionscript/org/as3commons/aop/factory/util/ProxyFactoryUtil.as':[
66,
80,
],
'project:as3-commons/as3-commons-asblocks/src/main/actionscript/org/as3commons/asblocks/impl/ASTUtils.as':[
832,
],
'project:as3-commons/as3-commons-asblocks/src/main/actionscript/org/as3commons/asblocks/impl/DocumentationUtils.as':[
374,
],
'project:as3-commons/as3-commons-asblocks/src/main/actionscript/org/as3commons/asblocks/parser/antlr/as3/AS3Lexer.as':[
287,
308,
329,
350,
371,
392,
413,
434,
455,
476,
497,
518,
539,
560,
581,
602,
623,
644,
665,
686,
707,
728,
749,
770,
791,
812,
833,
854,
875,
896,
917,
938,
959,
980,
1001,
1022,
1043,
1064,
1085,
1106,
1127,
1148,
1169,
1190,
1211,
1232,
1253,
1274,
1295,
1316,
1337,
1358,
1379,
1400,
1420,
1440,
1460,
1480,
1500,
1520,
1540,
1560,
1581,
1601,
1621,
1642,
1663,
1683,
1703,
1724,
1745,
1765,
1786,
1807,
1827,
1848,
1869,
1889,
1909,
1930,
1950,
1970,
1991,
2011,
2032,
2053,
2073,
2094,
2115,
2136,
2157,
2177,
2197,
2217,
2237,
2258,
2279,
2300,
2320,
2341,
2362,
2383,
2404,
2424,
2468,
2521,
2662,
2682,
2881,
2981,
2999,
3047,
3113,
3173,
3233,
3257,
3318,
3451,
3510,
3587,
3637,
3803,
3863,
3932,
3989,
4092,
4155,
4235,
4259,
4275,
4355,
4380,
4497,
4518,
],
'project:as3-commons/as3-commons-asblocks/src/main/actionscript/org/as3commons/asblocks/parser/antlr/as3/AS3Parser.as':[
471,
566,
661,
737,
810,
917,
1096,
1132,
1253,
1395,
1449,
1525,
1658,
1796,
2039,
2094,
2157,
2240,
2366,
2412,
2541,
2657,
2722,
2822,
2923,
3023,
3156,
3410,
3601,
3716,
3844,
3969,
4076,
4151,
4438,
4578,
4677,
4723,
4838,
4879,
4946,
5280,
5326,
5456,
5569,
5692,
5728,
5895,
5943,
6021,
6121,
6364,
6416,
7067,
7254,
7380,
7428,
7484,
7623,
7685,
7739,
7843,
7899,
7966,
8022,
8101,
8174,
8247,
8320,
8422,
8494,
8646,
8712,
8794,
8920,
8994,
9040,
9198,
9465,
9616,
9694,
10031,
10155,
10207,
10291,
10331,
10415,
10455,
10538,
10621,
10704,
10788,
10834,
10912,
11155,
11263,
11397,
11481,
11527,
11620,
11733,
12032,
12379,
12445,
12562,
13059,
13099,
13225,
13266,
13507,
13555,
13629,
13811,
13857,
13897,
13997,
14067,
14143,
14243,
14336,
14418,
14530,
14650,
14758,
14807,
14873,
15011,
15086,
15245,
15395,
15630,
15835,
15958,
16013,
16057,
16103,
16183,
16229,
],
'project:as3-commons/as3-commons-asblocks/src/main/actionscript/org/as3commons/asblocks/parser/antlr/asdoc/ASDocLexer.as':[
117,
137,
157,
177,
232,
333,
373,
401,
448,
],
'project:as3-commons/as3-commons-asblocks/src/main/actionscript/org/as3commons/asblocks/parser/antlr/asdoc/ASDocParser.as':[
220,
309,
450,
587,
739,
853,
899,
972,
1135,
],
'project:as3-commons/as3-commons-asblocks/src/main/actionscript/org/as3commons/asblocks/parser/antlr/e4x/E4XLexer.as':[
68,
88,
109,
129,
149,
169,
190,
211,
231,
286,
331,
433,
493,
562,
631,
654,
677,
700,
716,
749,
],
'project:as3-commons/as3-commons-asblocks/src/main/actionscript/org/as3commons/asblocks/parser/antlr/e4x/E4XParser.as':[
129,
201,
273,
538,
606,
673,
757,
800,
870,
966,
1092,
1162,
1284,
1388,
],
'project:as3-commons/as3-commons-asblocks/src/main/actionscript/org/as3commons/asblocks/parser/antlr/regexsimple/RegexSimpleLexer.as':[
60,
115,
160,
183,
206,
229,
245,
262,
303,
326,
349,
419,
442,
],
'project:as3-commons/as3-commons-asblocks/src/main/actionscript/org/as3commons/asblocks/parser/antlr/regexsimple/RegexSimpleParser.as':[
192,
290,
333,
429,
],
'project:as3-commons/as3-commons-asblocks/src/test/actionscript/org/as3commons/asblocks/impl/Test_ASTASFunctionType.as':[
43,
],
'project:as3-commons/as3-commons-asblocks/src/test/actionscript/org/as3commons/asblocks/impl/Test_ASTASNamespaceType.as':[
43,
59,
],
'project:as3-commons/as3-commons-asblocks/src/test/actionscript/org/as3commons/asblocks/impl/Test_ASTStatementList.as':[
113,
],
'project:as3-commons/as3-commons-asblocks/src/test/actionscript/org/as3commons/asblocks/parser/antlr/as3/TestAS3Parser_CompilationUnit.as':[
373,
411,
],
'project:as3-commons/as3-commons-asblocks/src/test/actionscript/org/as3commons/asblocks/parser/antlr/as3/Test_Expression.as':[
356,
394,
],
'project:as3-commons/as3-commons-bytecode/src/test/actionscript/org/as3commons/bytecode/emit/impl/AbcBuilderTest.as':[
95,
449,
],
'project:as3-commons/as3-commons-bytecode/src/test/actionscript/org/as3commons/bytecode/testclasses/EventDispatcherExImpl.as':[
50,
80,
],
'project:as3-commons/as3-commons-bytecode/src/test/actionscript/org/as3commons/bytecode/util/AbcSpecTest.as':[
56,
65,
82,
91,
108,
117,
],
'project:as3-commons/as3-commons-lang/src/main/actionscript/org/as3commons/lang/Enum.as':[
226,
],
'project:as3-commons/as3-commons-lang/src/test/actionscript/org/as3commons/lang/ClassUtilsTest.as':[
107,
],
'project:as3-commons/as3-commons-lang/src/test/actionscript/org/as3commons/lang/DateUtilsTest.as':[
83,
89,
],
'project:as3-commons/as3-commons-lang/src/test/actionscript/org/as3commons/lang/EnumTest.as':[
69,
78,
87,
96,
105,
114,
145,
],
'project:as3-commons/as3-commons-lang/src/test/actionscript/org/as3commons/lang/StringUtilsTest.as':[
373,
379,
],
'project:as3-commons/as3-commons-lang/src/test/actionscript/org/as3commons/lang/XMLUtilsTest.as':[
147,
],
'project:as3-commons/as3-commons-logging/src/main/actionscript/org/as3commons/logging/integration/MaashaackIntegration.as':[
68,
],
'project:as3-commons/as3-commons-logging/src/main/actionscript/org/as3commons/logging/setup/log4j/Log4JStyleSetup.as':[
291,
],
'project:as3-commons/as3-commons-logging/src/main/actionscript/org/as3commons/logging/setup/target/FirebugTarget.as':[
159,
],
'project:as3-commons/as3-commons-logging/src/main/actionscript/org/as3commons/logging/setup/target/XMLSocketGateway.as':[
139,
],
'project:as3-commons/as3-commons-logging/src/main/actionscript/org/as3commons/logging/util/clone.as':[
69,
75,
101,
],
'project:as3-commons/as3-commons-logging/src/main/actionscript/org/as3commons/logging/util/objectify.as':[
113,
],
'project:as3-commons/as3-commons-logging/src/test/actionscript/org/as3commons/logging/setup/target/MergedTest.as':[
130,
137,
144,
],
'project:as3-commons/as3-commons-reflect/src/main/actionscript/avmplus/DescribeType.as':[
46,
],
'project:as3-commons/as3-commons-reflect/src/main/actionscript/org/as3commons/reflect/Type.as':[
187,
],
'project:as3-commons/as3-commons-ui/src/main/actionscript/org/as3commons/ui/layout/framework/core/init/AbstractLayoutItemInitializer.as':[
94,
],
'project:as3-commons/as3-commons-ui/src/main/actionscript/org/as3commons/ui/layout/shortcut/cellconfig.as':[
40,
],
'project:as3-commons/as3-commons-zip/src/main/actionscript/org/as3commons/zip/Zip.as':[
411,
],
'project:as3-commons/as3-commons-zip/src/main/actionscript/org/as3commons/zip/ZipFile.as':[
404,
],
'project:spring-actionscript/spring-actionscript-core/src/main/actionscript/org/springextensions/actionscript/context/impl/ApplicationContext.as':[
421,
605,
719,
],
'project:spring-actionscript/spring-actionscript-core/src/main/actionscript/org/springextensions/actionscript/ioc/autowire/impl/DefaultAutowireProcessor.as':[
502,
],
'project:spring-actionscript/spring-actionscript-core/src/main/actionscript/org/springextensions/actionscript/ioc/config/impl/xml/XMLObjectDefinitionsProvider.as':[
274,
],
'project:spring-actionscript/spring-actionscript-core/src/main/actionscript/org/springextensions/actionscript/ioc/factory/impl/referenceresolver/DictionaryReferenceResolver.as':[
51,
],
'project:spring-actionscript/spring-actionscript-core/src/main/actionscript/org/springextensions/actionscript/ioc/factory/process/impl/factory/ClassScannerObjectFactoryPostProcessor.as':[
205,
],
'project:spring-actionscript/spring-actionscript-core/src/main/actionscript/org/springextensions/actionscript/ioc/impl/DefaultDependencyChecker.as':[
82,
122,
],
'project:spring-actionscript/spring-actionscript-core/src/main/actionscript/org/springextensions/actionscript/stage/DefaultSpringObjectSelector.as':[
47,
],
'project:spring-actionscript/spring-actionscript-core/src/main/actionscript/org/springextensions/actionscript/stage/PopupAndTooltipWireManager.as':[
94,
168,
],
'project:spring-actionscript/spring-actionscript-flex/src/main/actionscript/org/springextensions/actionscript/stage/DefaultFlexAutowiringStageProcessor.as':[
49,
54,
],
}
