{
'project:as3-commons/as3-commons-asblocks/src/main/actionscript/org/as3commons/asblocks/impl/ModifierUtils.as':[
148,
176,
],
'project:as3-commons/as3-commons-asblocks/src/main/actionscript/org/as3commons/asblocks/parser/antlr/as3/AS3Lexer.as':[
2500,
2620,
2642,
2791,
2821,
2828,
2835,
2842,
2849,
3030,
3147,
3214,
3299,
3366,
3373,
3417,
3424,
3565,
3682,
3688,
3689,
3712,
3763,
3769,
3770,
3837,
4024,
4401,
],
'project:as3-commons/as3-commons-asblocks/src/main/actionscript/org/as3commons/asblocks/parser/antlr/as3/AS3Parser.as':[
1726,
1727,
1733,
1734,
2789,
2794,
2795,
2990,
2995,
2996,
3511,
7160,
7161,
7167,
7168,
11073,
11201,
14308,
14309,
14941,
14942,
14948,
14949,
],
'project:as3-commons/as3-commons-asblocks/src/main/actionscript/org/as3commons/asblocks/parser/antlr/asdoc/ASDocParser.as':[
376,
377,
1062,
1063,
],
'project:as3-commons/as3-commons-asblocks/src/main/actionscript/org/as3commons/asblocks/parser/antlr/e4x/E4XLexer.as':[
520,
589,
],
'project:as3-commons/as3-commons-bytecode/src/main/actionscript/org/as3commons/bytecode/abc/ClassInfo.as':[
53,
60,
],
'project:as3-commons/as3-commons-bytecode/src/main/actionscript/org/as3commons/bytecode/abc/InstanceInfo.as':[
72,
86,
],
'project:as3-commons/as3-commons-bytecode/src/main/actionscript/org/as3commons/bytecode/abc/MethodBody.as':[
151,
154,
158,
],
'project:as3-commons/as3-commons-bytecode/src/main/actionscript/org/as3commons/bytecode/abc/Multiname.as':[
46,
],
'project:as3-commons/as3-commons-bytecode/src/main/actionscript/org/as3commons/bytecode/abc/MultinameG.as':[
62,
],
'project:as3-commons/as3-commons-bytecode/src/main/actionscript/org/as3commons/bytecode/abc/Op.as':[
126,
131,
134,
140,
],
'project:as3-commons/as3-commons-bytecode/src/main/actionscript/org/as3commons/bytecode/abc/QualifiedName.as':[
72,
],
'project:as3-commons/as3-commons-bytecode/src/main/actionscript/org/as3commons/bytecode/abc/SlotOrConstantTrait.as':[
81,
],
'project:as3-commons/as3-commons-bytecode/src/main/actionscript/org/as3commons/bytecode/emit/asm/Asm.as':[
268,
],
'project:as3-commons/as3-commons-bytecode/src/main/actionscript/org/as3commons/bytecode/emit/impl/BaseTypeBuilder.as':[
145,
166,
],
'project:as3-commons/as3-commons-bytecode/src/main/actionscript/org/as3commons/bytecode/emit/impl/ClassBuilder.as':[
329,
],
'project:as3-commons/as3-commons-bytecode/src/main/actionscript/org/as3commons/bytecode/io/AbcDeserializer.as':[
331,
528,
],
'project:as3-commons/as3-commons-bytecode/src/main/actionscript/org/as3commons/bytecode/io/AbcSerializer.as':[
419,
],
'project:as3-commons/as3-commons-bytecode/src/main/actionscript/org/as3commons/bytecode/reflect/ByteCodeType.as':[
340,
345,
350,
],
'project:as3-commons/as3-commons-bytecode/src/main/actionscript/org/as3commons/bytecode/reflect/ClassMetadataDeserializer.as':[
139,
170,
211,
242,
277,
308,
],
'project:as3-commons/as3-commons-bytecode/src/main/actionscript/org/as3commons/bytecode/reflect/PlayerGlobalData.as':[
130,
],
'project:as3-commons/as3-commons-bytecode/src/main/actionscript/org/as3commons/bytecode/reflect/ReflectionDeserializer.as':[
318,
362,
396,
410,
422,
475,
485,
573,
623,
705,
],
'project:as3-commons/as3-commons-bytecode/src/main/actionscript/org/as3commons/bytecode/util/Assertions.as':[
68,
],
'project:as3-commons/as3-commons-bytecode/src/main/actionscript/org/as3commons/bytecode/util/OpcodeIO.as':[
236,
268,
],
'project:as3-commons/as3-commons-bytecode/src/test/actionscript/org/as3commons/bytecode/testclasses/interceptors/EventDispatcherExInterceptor.as':[
41,
],
'project:as3-commons/as3-commons-collections/src/main/actionscript/org/as3commons/collections/SortedList.as':[
346,
379,
],
'project:as3-commons/as3-commons-collections/src/main/actionscript/org/as3commons/collections/framework/core/AbstractLinkedCollection.as':[
370,
375,
385,
],
'project:as3-commons/as3-commons-collections/src/main/actionscript/org/as3commons/collections/iterators/RecursiveFilterIterator2.as':[
187,
],
'project:as3-commons/as3-commons-collections/src/main/actionscript/org/as3commons/collections/utils/Sets.as':[
141,
],
'project:as3-commons/as3-commons-eventbus/src/main/actionscript/org/as3commons/eventbus/impl/SimpleEventBus.as':[
317,
341,
364,
388,
],
'project:as3-commons/as3-commons-lang/src/main/actionscript/org/as3commons/lang/ClassUtils.as':[
420,
],
'project:as3-commons/as3-commons-lang/src/main/actionscript/org/as3commons/lang/Enum.as':[
243,
],
'project:as3-commons/as3-commons-lang/src/main/actionscript/org/as3commons/lang/StringUtils.as':[
2348,
2585,
],
'project:as3-commons/as3-commons-logging/src/main/actionscript/org/as3commons/logging/setup/log4j/log4jPropertiesToSetup.as':[
53,
60,
],
'project:as3-commons/as3-commons-logging/src/main/actionscript/org/as3commons/logging/setup/target/AbstractClassicTarget.as':[
62,
],
'project:as3-commons/as3-commons-logging/src/main/actionscript/org/as3commons/logging/setup/target/FirebugTarget.as':[
186,
],
'project:as3-commons/as3-commons-logging/src/main/actionscript/org/as3commons/logging/util/LogMessageFormatter.as':[
180,
229,
235,
250,
326,
372,
414,
467,
480,
],
'project:as3-commons/as3-commons-logging/src/main/actionscript/org/as3commons/logging/util/clone.as':[
82,
111,
],
'project:as3-commons/as3-commons-logging/src/main/actionscript/org/as3commons/logging/util/jsonXify.as':[
66,
87,
],
'project:as3-commons/as3-commons-logging/src/main/actionscript/org/as3commons/logging/util/objectify.as':[
63,
70,
77,
],
'project:as3-commons/as3-commons-logging/src/main/actionscript/org/as3commons/logging/util/xml/xmlToSetup.as':[
285,
291,
306,
318,
335,
384,
],
'project:as3-commons/as3-commons-logging/src/main/actionscript/org/as3commons/logging/util/xml/xmlToTarget.as':[
106,
109,
133,
140,
178,
197,
],
'project:as3-commons/as3-commons-logging/src/test/actionscript/org/as3commons/logging/util/AlikeMatcher.as':[
33,
],
'project:as3-commons/as3-commons-logging/src/test/actionscript/org/as3commons/logging/util/ByteArrayCopyTest.as':[
145,
159,
],
'project:as3-commons/as3-commons-metadata/src/main/actionscript/org/as3commons/metadata/registry/impl/AS3ReflectMetadataProcessorRegistry.as':[
97,
],
'project:as3-commons/as3-commons-metadata/src/main/actionscript/org/as3commons/metadata/registry/impl/SpiceLibMetadataProcessorRegistry.as':[
55,
],
'project:as3-commons/as3-commons-reflect/src/main/actionscript/org/as3commons/reflect/JSONTypeProvider.as':[
84,
122,
],
'project:as3-commons/as3-commons-reflect/src/main/actionscript/org/as3commons/reflect/MethodInvoker.as':[
139,
163,
],
'project:as3-commons/as3-commons-reflect/src/main/actionscript/org/as3commons/reflect/XmlTypeProvider.as':[
45,
103,
],
'project:as3-commons/as3-commons-serialization/src/main/actionscript/org/as3commons/serialization/xml/converters/basic/ReflectionConverter.as':[
110,
166,
219,
],
'project:as3-commons/as3-commons-serialization/src/main/actionscript/org/as3commons/serialization/xml/core/ASToXML.as':[
96,
],
'project:as3-commons/as3-commons-stageprocessing/src/main/actionscript/org/as3commons/stageprocessing/impl/FlashStageObjectProcessorRegistry.as':[
261,
295,
492,
],
'project:as3-commons/as3-commons-ui/src/main/actionscript/org/as3commons/ui/layer/placement/AbstractPlacement.as':[
253,
262,
275,
284,
],
'project:as3-commons/as3-commons-ui/src/main/actionscript/org/as3commons/ui/layout/framework/core/AbstractLayout.as':[
406,
],
'project:as3-commons/as3-commons-ui/src/main/actionscript/org/as3commons/ui/layout/framework/core/parser/DynTableParser.as':[
154,
157,
163,
168,
171,
],
'project:as3-commons/as3-commons-ui/src/main/actionscript/org/as3commons/ui/layout/framework/core/row/AbstractRow.as':[
234,
240,
],
'project:as3-commons/as3-commons-ui/src/main/actionscript/org/as3commons/ui/lifecycle/i10n/I10N.as':[
413,
],
'project:as3-commons/as3-commons-zip/src/main/actionscript/org/as3commons/zip/ZipLibrary.as':[
219,
222,
],
'project:spring-actionscript/spring-actionscript-core/src/main/actionscript/org/springextensions/actionscript/context/impl/ApplicationContext.as':[
468,
],
'project:spring-actionscript/spring-actionscript-core/src/main/actionscript/org/springextensions/actionscript/context/impl/DefaultApplicationContextInitializer.as':[
173,
],
'project:spring-actionscript/spring-actionscript-core/src/main/actionscript/org/springextensions/actionscript/context/impl/DefaultChildContextManager.as':[
120,
170,
],
'project:spring-actionscript/spring-actionscript-core/src/main/actionscript/org/springextensions/actionscript/eventbus/impl/DefaultEventBusUserRegistry.as':[
204,
207,
211,
214,
218,
221,
411,
],
'project:spring-actionscript/spring-actionscript-core/src/main/actionscript/org/springextensions/actionscript/eventbus/process/EventInterceptorMetadataDestroyer.as':[
62,
72,
],
'project:spring-actionscript/spring-actionscript-core/src/main/actionscript/org/springextensions/actionscript/eventbus/process/EventInterceptorMetadataProcessor.as':[
73,
81,
],
'project:spring-actionscript/spring-actionscript-core/src/main/actionscript/org/springextensions/actionscript/eventbus/process/RouteEventsMetaDataProcessor.as':[
158,
],
'project:spring-actionscript/spring-actionscript-core/src/main/actionscript/org/springextensions/actionscript/ioc/autowire/impl/DefaultAutowireProcessor.as':[
404,
455,
],
'project:spring-actionscript/spring-actionscript-core/src/main/actionscript/org/springextensions/actionscript/ioc/config/impl/metadata/ConfigurationClassScanner.as':[
99,
],
'project:spring-actionscript/spring-actionscript-core/src/main/actionscript/org/springextensions/actionscript/ioc/config/impl/metadata/util/MetadataConfigUtils.as':[
218,
],
'project:spring-actionscript/spring-actionscript-core/src/main/actionscript/org/springextensions/actionscript/ioc/config/impl/xml/XMLObjectDefinitionsProvider.as':[
219,
],
'project:spring-actionscript/spring-actionscript-core/src/main/actionscript/org/springextensions/actionscript/ioc/config/impl/xml/preprocess/impl/AttributeToElementPreprocessor.as':[
76,
],
'project:spring-actionscript/spring-actionscript-core/src/main/actionscript/org/springextensions/actionscript/ioc/factory/process/impl/factory/ObjectDefinitionFactoryPostProcessor.as':[
200,
206,
213,
],
'project:spring-actionscript/spring-actionscript-core/src/main/actionscript/org/springextensions/actionscript/ioc/factory/process/impl/factory/PropertyPlaceholderConfigurerFactoryPostProcessor.as':[
150,
167,
247,
252,
],
'project:spring-actionscript/spring-actionscript-core/src/main/actionscript/org/springextensions/actionscript/ioc/impl/DefaultDependencyChecker.as':[
100,
],
'project:spring-actionscript/spring-actionscript-core/src/main/actionscript/org/springextensions/actionscript/ioc/impl/DefaultDependencyInjector.as':[
280,
410,
],
'project:spring-actionscript/spring-actionscript-core/src/main/actionscript/org/springextensions/actionscript/ioc/impl/DefaultLazyDependencyManager.as':[
89,
],
'project:spring-actionscript/spring-actionscript-core/src/main/actionscript/org/springextensions/actionscript/ioc/impl/DefaultObjectDestroyer.as':[
113,
],
'project:spring-actionscript/spring-actionscript-core/src/main/actionscript/org/springextensions/actionscript/stage/StageProcessorFactoryPostprocessor.as':[
66,
],
'project:spring-actionscript/spring-actionscript-flex/src/main/actionscript/org/springextensions/actionscript/ioc/config/impl/mxml/component/MXMLObjectDefinition.as':[
720,
742,
789,
],
'project:spring-actionscript/spring-actionscript-samples/cafe-townsend-bootstrap/src/main/actionscript/org/springextensions/actionscript/domain/BaseObject.as':[
212,
220,
],
'project:spring-actionscript/spring-actionscript-samples/cafe-townsend-bootstrap/src/main/actionscript/org/springextensions/actionscript/domain/util/EntityUtil.as':[
112,
],
'project:spring-actionscript/spring-actionscript-samples/cafe-townsend-metadata-config/src/main/actionscript/org/springextensions/actionscript/domain/BaseObject.as':[
212,
220,
],
'project:spring-actionscript/spring-actionscript-samples/cafe-townsend-metadata-config/src/main/actionscript/org/springextensions/actionscript/domain/util/EntityUtil.as':[
112,
],
'project:spring-actionscript/spring-actionscript-samples/cafe-townsend-multi-module/src/main/actionscript/org/springextensions/actionscript/domain/BaseObject.as':[
212,
220,
],
'project:spring-actionscript/spring-actionscript-samples/cafe-townsend-multi-module/src/main/actionscript/org/springextensions/actionscript/domain/util/EntityUtil.as':[
112,
],
'project:spring-actionscript/spring-actionscript-samples/cafe-townsend-mxml-config/src/main/actionscript/org/springextensions/actionscript/domain/BaseObject.as':[
212,
220,
],
'project:spring-actionscript/spring-actionscript-samples/cafe-townsend-mxml-config/src/main/actionscript/org/springextensions/actionscript/domain/util/EntityUtil.as':[
112,
],
'project:spring-actionscript/spring-actionscript-samples/cafe-townsend/src/main/actionscript/org/springextensions/actionscript/domain/BaseObject.as':[
212,
220,
],
'project:spring-actionscript/spring-actionscript-samples/cafe-townsend/src/main/actionscript/org/springextensions/actionscript/domain/util/EntityUtil.as':[
112,
],
}
