{
'project:as3-commons/as3-commons-logging/src/main/actionscript/org/as3commons/logging/util/xml/xmlToSetup.as':[
331,
],
}
