{
'project:as3-commons/as3-commons-asblocks/src/main/actionscript/org/as3commons/asblocks/impl/ASTASMember.as':[
39,
],
'project:as3-commons/as3-commons-asblocks/src/test/actionscript/org/as3commons/asblocks/impl/TestSourceFolderResourceRoot.as':[
10,
12,
13,
15,
],
'project:as3-commons/as3-commons-asblocks/src/test/actionscript/org/as3commons/asblocks/parser/antlr/as3/Test_AS3ParserModes.as':[
16,
17,
],
'project:as3-commons/as3-commons-async/src/test/actionscript/org/as3commons/async/command/CompositeCommandTest.as':[
34,
],
'project:as3-commons/as3-commons-bytecode/src/main/actionscript/org/as3commons/bytecode/abc/Op.as':[
30,
],
'project:as3-commons/as3-commons-bytecode/src/main/actionscript/org/as3commons/bytecode/abc/enum/TraitKind.as':[
42,
],
'project:as3-commons/as3-commons-bytecode/src/main/actionscript/org/as3commons/bytecode/emit/asm/Asm.as':[
45,
],
'project:as3-commons/as3-commons-bytecode/src/main/actionscript/org/as3commons/bytecode/emit/impl/InterfaceBuilder.as':[
38,
],
'project:as3-commons/as3-commons-bytecode/src/main/actionscript/org/as3commons/bytecode/proxy/impl/ClassProxyInfo.as':[
60,
],
'project:as3-commons/as3-commons-bytecode/src/main/actionscript/org/as3commons/bytecode/proxy/impl/ProxyFactory.as':[
143,
],
'project:as3-commons/as3-commons-bytecode/src/main/actionscript/org/as3commons/bytecode/reflect/ByteCodeAccessor.as':[
30,
],
'project:as3-commons/as3-commons-bytecode/src/main/actionscript/org/as3commons/bytecode/reflect/ReflectionDeserializer.as':[
50,
51,
53,
],
'project:as3-commons/as3-commons-bytecode/src/main/actionscript/org/as3commons/bytecode/tags/DefineShapeTag.as':[
26,
27,
28,
],
'project:as3-commons/as3-commons-bytecode/src/main/actionscript/org/as3commons/bytecode/tags/struct/FillStyle.as':[
20,
],
'project:as3-commons/as3-commons-bytecode/src/main/actionscript/org/as3commons/bytecode/tags/struct/Matrix.as':[
20,
21,
22,
23,
24,
25,
],
'project:as3-commons/as3-commons-bytecode/src/main/actionscript/org/as3commons/bytecode/util/AbcFileUtil.as':[
49,
],
'project:as3-commons/as3-commons-bytecode/src/test/resources/assets/abc/FullClassDefinition.as':[
33,
],
'project:as3-commons/as3-commons-eventbus/src/main/actionscript/org/as3commons/eventbus/impl/EventListenerLimiter.as':[
31,
],
'project:as3-commons/as3-commons-lang/src/test/actionscript/org/as3commons/lang/testclasses/PublicClass.as':[
35,
45,
51,
63,
],
'project:as3-commons/as3-commons-reflect/src/main/actionscript/org/as3commons/reflect/AbstractMember.as':[
154,
],
'project:as3-commons/as3-commons-reflect/src/main/actionscript/org/as3commons/reflect/Method.as':[
132,
],
'project:as3-commons/as3-commons-reflect/src/test/actionscript/org/as3commons/reflect/testclasses/PublicClass.as':[
34,
40,
46,
55,
],
'project:as3-commons/as3-commons-rpc/src/main/actionscript/org/as3commons/rpc/impl/RemotingService.as':[
36,
],
'project:as3-commons/as3-commons-rpc/src/main/actionscript/org/as3commons/rpc/impl/SpringSecurityAuthenticator.as':[
15,
],
'project:as3-commons/as3-commons-stageprocessing/src/main/actionscript/org/as3commons/stageprocessing/impl/selector/NameBasedObjectSelector.as':[
33,
],
'project:spring-actionscript/spring-actionscript-core/src/main/actionscript/org/springextensions/actionscript/eventbus/process/RouteEventsMetaDataProcessor.as':[
123,
124,
],
'project:spring-actionscript/spring-actionscript-core/src/main/actionscript/org/springextensions/actionscript/ioc/config/impl/metadata/MetadataObjectDefinitionsProvider.as':[
65,
66,
],
'project:spring-actionscript/spring-actionscript-core/src/main/actionscript/org/springextensions/actionscript/ioc/config/impl/metadata/customscanner/eventbus/EventListenerInterceptorCustomConfigurationClassScanner.as':[
42,
],
'project:spring-actionscript/spring-actionscript-core/src/main/actionscript/org/springextensions/actionscript/ioc/impl/DefaultDependencyInjector.as':[
61,
],
'project:spring-actionscript/spring-actionscript-core/src/main/actionscript/org/springextensions/actionscript/stage/GenericStageProcessor.as':[
33,
],
'project:spring-actionscript/spring-actionscript-core/src/test/actionscript/org/springextensions/actionscript/context/impl/ApplicationContextTest.as':[
53,
],
'project:spring-actionscript/spring-actionscript-core/src/test/actionscript/org/springextensions/actionscript/ioc/config/impl/xml/namespacehandler/impl/util/nodeparser/ConstantNodeParserTest.as':[
45,
],
'project:spring-actionscript/spring-actionscript-core/src/test/actionscript/org/springextensions/actionscript/ioc/config/property/impl/KeyValuePropertiesParserTest.as':[
28,
30,
],
'project:spring-actionscript/spring-actionscript-flex/src/main/actionscript/org/springextensions/actionscript/context/impl/mxml/MXMLApplicationContextBase.as':[
71,
],
'project:spring-actionscript/spring-actionscript-flex/src/main/actionscript/org/springextensions/actionscript/ioc/config/impl/mxml/MXMLObjectDefinitionsProvider.as':[
41,
],
'project:spring-actionscript/spring-actionscript-flex/src/main/actionscript/org/springextensions/actionscript/ioc/config/impl/mxml/component/MXMLObjectDefinition.as':[
70,
76,
147,
],
'project:spring-actionscript/spring-actionscript-flex/src/main/actionscript/org/springextensions/actionscript/ioc/config/impl/mxml/custom/bootstrap/Module.as':[
45,
],
}
