{
'project:as3-commons/as3-commons-collections/src/test/actionscript/org/as3commons/collections/mocks/MapMock.as':[
25,
],
'project:as3-commons/as3-commons-collections/src/test/actionscript/org/as3commons/collections/mocks/StringMapMock.as':[
27,
],
'project:as3-commons/as3-commons-collections/src/test/actionscript/org/as3commons/collections/mocks/StringSetMock.as':[
25,
],
'project:as3-commons/as3-commons-logging/src/main/actionscript/org/as3commons/logging/setup/log4j/Log4JStyleSetup.as':[
196,
221,
277,
317,
336,
],
'project:as3-commons/as3-commons-reflect/src/test/actionscript/org/as3commons/reflect/testclasses/DynamicFinalComplexClass.as':[
31,
],
'project:as3-commons/as3-commons-rpc/src/main/actionscript/org/as3commons/rpc/impl/AsyncOperationToken.as':[
32,
],
'project:as3-commons/as3-commons-ui/src/main/actionscript/org/as3commons/ui/layout/framework/core/init/CellConfigInitObject.as':[
25,
],
'project:spring-actionscript/spring-actionscript-core/src/test/actionscript/org/springextensions/actionscript/test/testtypes/Person.as':[
25,
],
}
