{
'project:as3-commons/as3-commons-asblocks/src/main/actionscript/org/as3commons/asblocks/parser/antlr/as3/AS3Parser.as':[
406,
411,
483,
488,
578,
583,
673,
675,
681,
749,
751,
757,
822,
824,
825,
829,
830,
831,
832,
833,
929,
931,
945,
1108,
1110,
1112,
1144,
1149,
1265,
1407,
1409,
1410,
1411,
1413,
1414,
1415,
1461,
1468,
1469,
1537,
1539,
1540,
1541,
1547,
1548,
1549,
1550,
1551,
1552,
1553,
1554,
1670,
1672,
1673,
1674,
1680,
1681,
1682,
1683,
1684,
1685,
1686,
1808,
1810,
1811,
1827,
1828,
1829,
1830,
1831,
1832,
2051,
2053,
2054,
2058,
2059,
2106,
2108,
2109,
2115,
2116,
2169,
2171,
2172,
2173,
2179,
2180,
2181,
2252,
2257,
2378,
2382,
2424,
2426,
2427,
2428,
2430,
2431,
2432,
2553,
2555,
2565,
2566,
2567,
2568,
2569,
2570,
2669,
2671,
2675,
2734,
2736,
2737,
2743,
2744,
2834,
2836,
2844,
2845,
2846,
2847,
2848,
2935,
2937,
2938,
2944,
2945,
3035,
3037,
3047,
3048,
3049,
3050,
3051,
3052,
3170,
3172,
3182,
3183,
3184,
3185,
3186,
3307,
3309,
3310,
3314,
3315,
3316,
3317,
3318,
3422,
3613,
3615,
3616,
3620,
3621,
3622,
3623,
3624,
3728,
3856,
3858,
3859,
3865,
3866,
3867,
3868,
3869,
3870,
3981,
3983,
3984,
3988,
3989,
3990,
3991,
3992,
4088,
4095,
4096,
4165,
4167,
4177,
4178,
4179,
4180,
4181,
4303,
4305,
4317,
4318,
4319,
4320,
4321,
4322,
4323,
4450,
4452,
4464,
4465,
4466,
4467,
4468,
4469,
4470,
4590,
4595,
4689,
4693,
4735,
4737,
4738,
4742,
4743,
4744,
4745,
4746,
4850,
4891,
4958,
5292,
5296,
5338,
5347,
5348,
5349,
5470,
5524,
5583,
5585,
5589,
5656,
5658,
5662,
5704,
5706,
5708,
5742,
5749,
5750,
5822,
5824,
5832,
5907,
5909,
5913,
5955,
5957,
5958,
5962,
5963,
5964,
5965,
5966,
6033,
6036,
6037,
6038,
6044,
6045,
6046,
6047,
6048,
6049,
6050,
6051,
6052,
6053,
6135,
6138,
6139,
6140,
6150,
6151,
6152,
6153,
6154,
6155,
6156,
6157,
6158,
6159,
6304,
6306,
6307,
6315,
6316,
6376,
6378,
6384,
6430,
6540,
6588,
6595,
6596,
6836,
6841,
6931,
6936,
7024,
7026,
7032,
7079,
7081,
7091,
7092,
7093,
7094,
7095,
7266,
7268,
7269,
7270,
7278,
7279,
7280,
7281,
7282,
7283,
7284,
7285,
7286,
7392,
7394,
7398,
7440,
7442,
7448,
7496,
7498,
7499,
7505,
7506,
7507,
7508,
7509,
7510,
7635,
7637,
7638,
7644,
7645,
7697,
7699,
7700,
7704,
7705,
7751,
7756,
7855,
7857,
7863,
7911,
7913,
7914,
7922,
7923,
7978,
7980,
7986,
8034,
8036,
8037,
8041,
8042,
8043,
8044,
8045,
8113,
8115,
8121,
8186,
8188,
8194,
8259,
8261,
8267,
8332,
8334,
8335,
8336,
8344,
8345,
8346,
8347,
8348,
8349,
8350,
8351,
8352,
8434,
8440,
8441,
8442,
8506,
8508,
8509,
8513,
8514,
8515,
8516,
8517,
8658,
8724,
8726,
8732,
8806,
8808,
8809,
8810,
8814,
8815,
8816,
8932,
8934,
8938,
9006,
9010,
9052,
9054,
9055,
9056,
9062,
9063,
9064,
9065,
9066,
9067,
9068,
9069,
9210,
9213,
9217,
9218,
9219,
9220,
9221,
9222,
9223,
9224,
9225,
9479,
9525,
9527,
9533,
9534,
9535,
9628,
9706,
9708,
9709,
9710,
9711,
9712,
9713,
9714,
9715,
9716,
9717,
9718,
9719,
9720,
9721,
9722,
9723,
9724,
9725,
9726,
9727,
9729,
9730,
9731,
9732,
9733,
9734,
9735,
9736,
9737,
9738,
9739,
9740,
9741,
9742,
9743,
9744,
9745,
9746,
9747,
9748,
9749,
9750,
9751,
10043,
10045,
10051,
10052,
10053,
10054,
10167,
10169,
10175,
10219,
10303,
10305,
10307,
10343,
10427,
10429,
10431,
10467,
10475,
10550,
10558,
10633,
10641,
10716,
10800,
10804,
10846,
10924,
10926,
10927,
10928,
10929,
10930,
10931,
10932,
10933,
10934,
10936,
10937,
10938,
10939,
10940,
10941,
10942,
10943,
10944,
10945,
10946,
11167,
11275,
11277,
11278,
11279,
11280,
11281,
11282,
11284,
11285,
11286,
11287,
11288,
11289,
11290,
11409,
11493,
11497,
11539,
11632,
11635,
11636,
11638,
11639,
11640,
11641,
11745,
11749,
11750,
11762,
11763,
11764,
11765,
11766,
11767,
11768,
11769,
11770,
12044,
12046,
12047,
12048,
12049,
12050,
12064,
12065,
12066,
12067,
12068,
12069,
12070,
12071,
12072,
12073,
12074,
12075,
12391,
12457,
12462,
12463,
12464,
12465,
12574,
12577,
12578,
12579,
12580,
12581,
12582,
12583,
12584,
12604,
12605,
12606,
12607,
12608,
12609,
12610,
12611,
12612,
12613,
12614,
12615,
12616,
12617,
12618,
12619,
12620,
12621,
12622,
12623,
12624,
12625,
12626,
13071,
13073,
13075,
13111,
13237,
13278,
13280,
13281,
13282,
13296,
13297,
13298,
13519,
13521,
13525,
13567,
13569,
13573,
13641,
13643,
13644,
13645,
13646,
13647,
13653,
13654,
13655,
13656,
13657,
13823,
13827,
13869,
13871,
13873,
13909,
13911,
13912,
13916,
13917,
13918,
13919,
13920,
14009,
14011,
14015,
14079,
14081,
14087,
14155,
14157,
14158,
14162,
14163,
14164,
14165,
14166,
14255,
14257,
14263,
14348,
14350,
14356,
14357,
14358,
14359,
14430,
14544,
14590,
14592,
14596,
14597,
14598,
14662,
14671,
14672,
14673,
14770,
14819,
14885,
14887,
14888,
14889,
14895,
14896,
14897,
14898,
14899,
14900,
14901,
15023,
15098,
15100,
15108,
15109,
15110,
15111,
15112,
15259,
15261,
15265,
15312,
15314,
15318,
15319,
15320,
15409,
15411,
15412,
15413,
15414,
15418,
15419,
15420,
15421,
15422,
15423,
15424,
15554,
15556,
15557,
15563,
15564,
15565,
15566,
15567,
15568,
15644,
15646,
15647,
15651,
15652,
15653,
15654,
15655,
15727,
15729,
15737,
15847,
15849,
15850,
15851,
15852,
15858,
15859,
15860,
15861,
15970,
15972,
15973,
15977,
15978,
16025,
16027,
16029,
16069,
16073,
16115,
16195,
16199,
],
'project:as3-commons/as3-commons-asblocks/src/main/actionscript/org/as3commons/asblocks/parser/antlr/asdoc/ASDocParser.as':[
118,
120,
126,
127,
128,
129,
232,
237,
321,
323,
324,
325,
331,
332,
333,
462,
464,
465,
466,
467,
468,
469,
473,
474,
475,
476,
477,
478,
599,
601,
602,
603,
604,
605,
606,
607,
611,
612,
613,
614,
615,
616,
617,
751,
753,
754,
755,
759,
760,
761,
762,
763,
764,
765,
865,
869,
911,
913,
917,
918,
919,
984,
986,
987,
993,
994,
995,
996,
997,
998,
],
'project:as3-commons/as3-commons-asblocks/src/main/actionscript/org/as3commons/asblocks/parser/antlr/e4x/E4XParser.as':[
98,
102,
141,
213,
285,
287,
288,
289,
290,
291,
292,
293,
301,
302,
303,
304,
305,
306,
307,
308,
309,
310,
311,
312,
313,
314,
315,
550,
618,
620,
621,
625,
626,
627,
628,
629,
685,
769,
773,
812,
814,
818,
882,
884,
890,
978,
980,
981,
982,
983,
984,
988,
989,
990,
991,
992,
993,
994,
995,
996,
1104,
1106,
1110,
1174,
1296,
1298,
1299,
1303,
1304,
1305,
1306,
1307,
],
'project:as3-commons/as3-commons-asblocks/src/main/actionscript/org/as3commons/asblocks/parser/antlr/regexsimple/RegexSimpleParser.as':[
98,
101,
107,
108,
109,
110,
111,
204,
209,
302,
306,
345,
347,
349,
350,
],
'project:as3-commons/as3-commons-asblocks/src/test/actionscript/org/as3commons/asblocks/impl/Test_ASTMetaTag.as':[
116,
],
'project:as3-commons/as3-commons-bytecode/src/main/actionscript/org/as3commons/bytecode/emit/IAbcBuilder.as':[
72,
],
'project:as3-commons/as3-commons-bytecode/src/main/actionscript/org/as3commons/bytecode/emit/IPackageBuilder.as':[
55,
],
'project:as3-commons/as3-commons-bytecode/src/main/actionscript/org/as3commons/bytecode/emit/impl/AbcBuilder.as':[
212,
],
'project:as3-commons/as3-commons-bytecode/src/main/actionscript/org/as3commons/bytecode/emit/impl/PackageBuilder.as':[
98,
],
'project:as3-commons/as3-commons-reflect/src/test/actionscript/org/as3commons/reflect/FieldTest.as':[
25,
],
'project:spring-actionscript/spring-actionscript-core/src/main/actionscript/org/springextensions/actionscript/ioc/config/ITextFilesLoader.as':[
24,
26,
],
'project:spring-actionscript/spring-actionscript-core/src/main/actionscript/org/springextensions/actionscript/ioc/config/impl/metadata/MetadataObjectDefinitionsProvider.as':[
299,
],
'project:spring-actionscript/spring-actionscript-core/src/main/actionscript/org/springextensions/actionscript/ioc/config/impl/xml/XMLObjectDefinitionsProvider.as':[
330,
],
'project:spring-actionscript/spring-actionscript-core/src/main/actionscript/org/springextensions/actionscript/ioc/config/impl/xml/namespacehandler/impl/eventbus/nodeparser/EventHandlerNodeParser.as':[
63,
],
'project:spring-actionscript/spring-actionscript-core/src/main/actionscript/org/springextensions/actionscript/ioc/config/impl/xml/namespacehandler/impl/eventbus/nodeparser/EventInterceptorNodeParser.as':[
69,
],
'project:spring-actionscript/spring-actionscript-core/src/main/actionscript/org/springextensions/actionscript/ioc/config/impl/xml/namespacehandler/impl/eventbus/nodeparser/EventListenerInterceptorNodeParser.as':[
74,
],
'project:spring-actionscript/spring-actionscript-core/src/main/actionscript/org/springextensions/actionscript/ioc/config/impl/xml/namespacehandler/impl/eventbus/nodeparser/EventRouterNodeParser.as':[
65,
],
'project:spring-actionscript/spring-actionscript-core/src/main/actionscript/org/springextensions/actionscript/ioc/config/property/TextFileURI.as':[
30,
],
}
