{
'project:as3-commons/as3-commons-aop/src/main/actionscript/org/as3commons/aop/pointcut/impl/name/NameMatcher.as':[
68,
],
'project:as3-commons/as3-commons-asblocks/src/main/actionscript/org/as3commons/asblocks/dom/ASQName.as':[
197,
263,
],
'project:as3-commons/as3-commons-asblocks/src/main/actionscript/org/as3commons/asblocks/impl/ASTASMetaTag.as':[
168,
],
'project:as3-commons/as3-commons-asblocks/src/main/actionscript/org/as3commons/asblocks/impl/ASTBuilder.as':[
73,
],
'project:as3-commons/as3-commons-asblocks/src/main/actionscript/org/as3commons/asblocks/impl/ASTUtils.as':[
468,
571,
],
'project:as3-commons/as3-commons-asblocks/src/main/actionscript/org/as3commons/asblocks/impl/DocumentationUtils.as':[
55,
],
'project:as3-commons/as3-commons-asblocks/src/main/actionscript/org/as3commons/asblocks/impl/ExpressionBuilder.as':[
11,
],
'project:as3-commons/as3-commons-asblocks/src/main/actionscript/org/as3commons/asblocks/impl/ParentheticUpdateFactory.as':[
20,
],
'project:as3-commons/as3-commons-asblocks/src/main/actionscript/org/as3commons/asblocks/impl/StatementBuilder.as':[
15,
],
'project:as3-commons/as3-commons-asblocks/src/main/actionscript/org/as3commons/asblocks/parser/antlr/BasicListUpdateDelegate.as':[
66,
],
'project:as3-commons/as3-commons-asblocks/src/main/actionscript/org/as3commons/asblocks/parser/antlr/LinkedListTokenStream.as':[
75,
160,
],
'project:as3-commons/as3-commons-asblocks/src/main/actionscript/org/as3commons/asblocks/parser/antlr/as3/AS3Lexer.as':[
231,
2430,
2474,
2527,
2688,
2887,
3005,
3053,
3119,
3179,
3263,
3324,
3457,
3516,
3593,
3643,
3809,
3869,
3938,
3995,
4098,
4161,
4281,
4361,
4386,
4503,
4523,
5491,
5603,
6349,
],
'project:as3-commons/as3-commons-asblocks/src/main/actionscript/org/as3commons/asblocks/parser/antlr/as3/AS3Parser.as':[
479,
574,
669,
745,
818,
925,
1140,
1261,
1403,
1533,
1666,
1804,
2047,
2102,
2165,
2248,
2420,
2549,
2730,
2830,
2931,
3031,
3164,
3303,
3418,
3609,
3724,
3852,
3977,
4159,
4299,
4446,
4586,
4731,
4887,
4954,
5334,
5520,
5818,
5951,
6029,
6129,
6300,
6424,
6582,
6830,
6925,
7075,
7262,
7436,
7492,
7631,
7693,
7747,
7851,
7907,
7974,
8030,
8109,
8182,
8255,
8328,
8502,
8720,
8802,
8928,
9048,
9206,
9521,
9624,
9702,
10039,
10215,
10339,
10463,
10546,
10629,
10712,
10842,
10920,
11163,
11271,
11405,
11535,
11628,
11741,
12040,
12387,
12453,
12570,
13107,
13274,
13563,
13637,
13905,
14005,
14075,
14151,
14251,
14344,
14426,
14658,
14881,
15019,
15094,
15308,
15403,
15550,
15638,
15723,
15843,
15966,
16065,
16111,
16191,
16757,
16927,
17234,
17459,
17704,
17822,
17946,
18083,
],
'project:as3-commons/as3-commons-asblocks/src/main/actionscript/org/as3commons/asblocks/parser/antlr/as3/AS3ParserHelper.as':[
52,
],
'project:as3-commons/as3-commons-asblocks/src/main/actionscript/org/as3commons/asblocks/parser/antlr/asdoc/ASDocLexer.as':[
50,
238,
379,
407,
563,
],
'project:as3-commons/as3-commons-asblocks/src/main/actionscript/org/as3commons/asblocks/parser/antlr/asdoc/ASDocParser.as':[
114,
317,
458,
595,
747,
980,
1374,
1972,
],
'project:as3-commons/as3-commons-asblocks/src/main/actionscript/org/as3commons/asblocks/parser/antlr/e4x/E4XLexer.as':[
237,
292,
337,
439,
499,
568,
660,
754,
935,
],
'project:as3-commons/as3-commons-asblocks/src/main/actionscript/org/as3commons/asblocks/parser/antlr/e4x/E4XParser.as':[
281,
1170,
],
'project:as3-commons/as3-commons-asblocks/src/main/actionscript/org/as3commons/asblocks/parser/antlr/regexsimple/RegexSimpleLexer.as':[
66,
121,
189,
268,
516,
],
'project:as3-commons/as3-commons-asblocks/src/main/actionscript/org/as3commons/asblocks/parser/antlr/regexsimple/RegexSimpleParser.as':[
200,
],
'project:as3-commons/as3-commons-async/src/main/actionscript/org/as3commons/async/operation/impl/OperationHandler.as':[
159,
],
'project:as3-commons/as3-commons-bytecode/src/main/actionscript/org/as3commons/bytecode/abc/ClassInfo.as':[
41,
],
'project:as3-commons/as3-commons-bytecode/src/main/actionscript/org/as3commons/bytecode/abc/ExceptionInfo.as':[
62,
],
'project:as3-commons/as3-commons-bytecode/src/main/actionscript/org/as3commons/bytecode/abc/InstanceInfo.as':[
60,
],
'project:as3-commons/as3-commons-bytecode/src/main/actionscript/org/as3commons/bytecode/abc/MethodBody.as':[
107,
],
'project:as3-commons/as3-commons-bytecode/src/main/actionscript/org/as3commons/bytecode/abc/MethodInfo.as':[
145,
],
'project:as3-commons/as3-commons-bytecode/src/main/actionscript/org/as3commons/bytecode/abc/MethodTrait.as':[
48,
],
'project:as3-commons/as3-commons-bytecode/src/main/actionscript/org/as3commons/bytecode/abc/Op.as':[
66,
107,
],
'project:as3-commons/as3-commons-bytecode/src/main/actionscript/org/as3commons/bytecode/abc/SlotOrConstantTrait.as':[
60,
],
'project:as3-commons/as3-commons-bytecode/src/main/actionscript/org/as3commons/bytecode/abc/TraitInfo.as':[
57,
],
'project:as3-commons/as3-commons-bytecode/src/main/actionscript/org/as3commons/bytecode/abc/enum/ConstantKind.as':[
72,
],
'project:as3-commons/as3-commons-bytecode/src/main/actionscript/org/as3commons/bytecode/emit/impl/BaseBuilder.as':[
178,
],
'project:as3-commons/as3-commons-bytecode/src/main/actionscript/org/as3commons/bytecode/emit/impl/ClassBuilder.as':[
253,
],
'project:as3-commons/as3-commons-bytecode/src/main/actionscript/org/as3commons/bytecode/emit/impl/MethodBodyBuilder.as':[
256,
],
'project:as3-commons/as3-commons-bytecode/src/main/actionscript/org/as3commons/bytecode/emit/util/BuildUtil.as':[
45,
],
'project:as3-commons/as3-commons-bytecode/src/main/actionscript/org/as3commons/bytecode/interception/impl/BasicMethodInvocationInterceptor.as':[
43,
],
'project:as3-commons/as3-commons-bytecode/src/main/actionscript/org/as3commons/bytecode/io/AbcDeserializer.as':[
472,
624,
],
'project:as3-commons/as3-commons-bytecode/src/main/actionscript/org/as3commons/bytecode/io/AbcSerializer.as':[
172,
352,
518,
],
'project:as3-commons/as3-commons-bytecode/src/main/actionscript/org/as3commons/bytecode/io/AbstractAbcDeserializer.as':[
88,
],
'project:as3-commons/as3-commons-bytecode/src/main/actionscript/org/as3commons/bytecode/proxy/impl/ConstructorProxyFactory.as':[
86,
],
'project:as3-commons/as3-commons-bytecode/src/main/actionscript/org/as3commons/bytecode/proxy/impl/MethodProxyFactory.as':[
106,
],
'project:as3-commons/as3-commons-bytecode/src/main/actionscript/org/as3commons/bytecode/proxy/impl/ProxyFactory.as':[
428,
607,
],
'project:as3-commons/as3-commons-bytecode/src/main/actionscript/org/as3commons/bytecode/reflect/ClassMetadataDeserializer.as':[
82,
],
'project:as3-commons/as3-commons-bytecode/src/main/actionscript/org/as3commons/bytecode/reflect/PlayerGlobalData.as':[
122,
],
'project:as3-commons/as3-commons-bytecode/src/main/actionscript/org/as3commons/bytecode/reflect/ReflectionDeserializer.as':[
257,
514,
],
'project:as3-commons/as3-commons-bytecode/src/main/actionscript/org/as3commons/bytecode/swf/AbcClassLoader.as':[
132,
],
'project:as3-commons/as3-commons-bytecode/src/main/actionscript/org/as3commons/bytecode/typeinfo/Argument.as':[
50,
],
'project:as3-commons/as3-commons-bytecode/src/main/actionscript/org/as3commons/bytecode/util/MultinameUtil.as':[
146,
],
'project:as3-commons/as3-commons-bytecode/src/main/actionscript/org/as3commons/bytecode/util/OpcodeIO.as':[
106,
313,
],
'project:as3-commons/as3-commons-bytecode/src/test/actionscript/org/as3commons/bytecode/testclasses/IntroductionImpl.as':[
43,
],
'project:as3-commons/as3-commons-collections/src/main/actionscript/org/as3commons/collections/LinkedSet.as':[
162,
],
'project:as3-commons/as3-commons-collections/src/main/actionscript/org/as3commons/collections/SortedList.as':[
327,
364,
],
'project:as3-commons/as3-commons-collections/src/main/actionscript/org/as3commons/collections/Treap.as':[
387,
],
'project:as3-commons/as3-commons-collections/src/main/actionscript/org/as3commons/collections/framework/core/AbstractLinkedCollection.as':[
355,
],
'project:as3-commons/as3-commons-collections/src/main/actionscript/org/as3commons/collections/framework/core/AbstractSortedCollection.as':[
322,
],
'project:as3-commons/as3-commons-collections/src/main/actionscript/org/as3commons/collections/iterators/RecursiveFilterIterator.as':[
153,
],
'project:as3-commons/as3-commons-collections/src/main/actionscript/org/as3commons/collections/iterators/RecursiveFilterIterator2.as':[
162,
],
'project:as3-commons/as3-commons-collections/src/main/actionscript/org/as3commons/collections/utils/ArrayUtils.as':[
58,
],
'project:as3-commons/as3-commons-collections/src/main/actionscript/org/as3commons/collections/utils/Maps.as':[
140,
],
'project:as3-commons/as3-commons-collections/src/main/actionscript/org/as3commons/collections/utils/NumericComparator.as':[
63,
],
'project:as3-commons/as3-commons-collections/src/main/actionscript/org/as3commons/collections/utils/StringComparator.as':[
81,
],
'project:as3-commons/as3-commons-collections/src/main/examples/ArrayListIteratorExample.as':[
8,
],
'project:as3-commons/as3-commons-collections/src/main/examples/ComparatorImplementationExample.as':[
21,
],
'project:as3-commons/as3-commons-collections/src/main/examples/LinkedMapFxExample.as':[
61,
],
'project:as3-commons/as3-commons-collections/src/main/examples/LinkedSetFxExample.as':[
58,
],
'project:as3-commons/as3-commons-collections/src/test/actionscript/org/as3commons/collections/testhelpers/TestComparator.as':[
36,
],
'project:as3-commons/as3-commons-lang/src/main/actionscript/org/as3commons/lang/ClassUtils.as':[
278,
386,
481,
],
'project:as3-commons/as3-commons-lang/src/main/actionscript/org/as3commons/lang/Enum.as':[
222,
],
'project:as3-commons/as3-commons-lang/src/main/actionscript/org/as3commons/lang/StringUtils.as':[
309,
403,
1151,
1490,
2274,
2372,
2558,
],
'project:as3-commons/as3-commons-lang/src/main/actionscript/org/as3commons/lang/builder/EqualsBuilder.as':[
76,
],
'project:as3-commons/as3-commons-lang/src/main/actionscript/org/as3commons/lang/util/OrderedUtils.as':[
61,
],
'project:as3-commons/as3-commons-logging/src/main/actionscript/org/as3commons/logging/integration/Log5FIntegration.as':[
84,
],
'project:as3-commons/as3-commons-logging/src/main/actionscript/org/as3commons/logging/integration/MateIntegration.as':[
118,
],
'project:as3-commons/as3-commons-logging/src/main/actionscript/org/as3commons/logging/setup/log4j/Log4JStyleSetup.as':[
231,
283,
],
'project:as3-commons/as3-commons-logging/src/main/actionscript/org/as3commons/logging/setup/target/FirebugTarget.as':[
172,
],
'project:as3-commons/as3-commons-logging/src/main/actionscript/org/as3commons/logging/setup/target/LSHttpTarget.as':[
134,
],
'project:as3-commons/as3-commons-logging/src/main/actionscript/org/as3commons/logging/setup/target/LogMeisterTarget.as':[
66,
],
'project:as3-commons/as3-commons-logging/src/main/actionscript/org/as3commons/logging/util/LogMessageFormatter.as':[
162,
292,
457,
],
'project:as3-commons/as3-commons-logging/src/main/actionscript/org/as3commons/logging/util/allProperties.as':[
34,
],
'project:as3-commons/as3-commons-logging/src/main/actionscript/org/as3commons/logging/util/base64enc.as':[
42,
],
'project:as3-commons/as3-commons-logging/src/main/actionscript/org/as3commons/logging/util/clone.as':[
49,
],
'project:as3-commons/as3-commons-logging/src/main/actionscript/org/as3commons/logging/util/instantiate.as':[
35,
],
'project:as3-commons/as3-commons-logging/src/main/actionscript/org/as3commons/logging/util/jsonXify.as':[
51,
],
'project:as3-commons/as3-commons-logging/src/main/actionscript/org/as3commons/logging/util/locationFromStackTrace.as':[
35,
],
'project:as3-commons/as3-commons-logging/src/main/actionscript/org/as3commons/logging/util/objectify.as':[
38,
],
'project:as3-commons/as3-commons-logging/src/main/actionscript/org/as3commons/logging/util/objectifyLimited.as':[
20,
],
'project:as3-commons/as3-commons-logging/src/main/actionscript/org/as3commons/logging/util/xml/xmlToSetup.as':[
270,
],
'project:as3-commons/as3-commons-logging/src/main/actionscript/org/as3commons/logging/util/xml/xmlToTarget.as':[
99,
167,
],
'project:as3-commons/as3-commons-logging/src/test/actionscript/org/as3commons/logging/setup/LogSetupTest.as':[
72,
],
'project:as3-commons/as3-commons-logging/src/test/actionscript/org/as3commons/logging/util/AlikeMatcher.as':[
19,
],
'project:as3-commons/as3-commons-logging/src/test/actionscript/org/as3commons/logging/util/ByteArrayCopyTest.as':[
58,
109,
],
'project:as3-commons/as3-commons-reflect/src/main/actionscript/org/as3commons/reflect/MetadataUtils.as':[
216,
],
'project:as3-commons/as3-commons-serialization/src/main/actionscript/org/as3commons/serialization/xml/core/ASToXML.as':[
36,
],
'project:as3-commons/as3-commons-serialization/src/main/actionscript/org/as3commons/serialization/xml/mapper/Mapper.as':[
63,
],
'project:as3-commons/as3-commons-stageprocessing/src/main/actionscript/org/as3commons/stageprocessing/impl/selector/ComposedObjectSelector.as':[
57,
],
'project:as3-commons/as3-commons-ui/src/main/actionscript/org/as3commons/ui/layer/PopUpManager.as':[
203,
],
'project:as3-commons/as3-commons-ui/src/main/actionscript/org/as3commons/ui/layer/placement/AbstractPlacement.as':[
242,
],
'project:as3-commons/as3-commons-ui/src/main/actionscript/org/as3commons/ui/layout/debugger/LayoutDebugger.as':[
123,
],
'project:as3-commons/as3-commons-ui/src/main/actionscript/org/as3commons/ui/layout/framework/core/config/CellConfigMerge.as':[
34,
],
'project:as3-commons/as3-commons-ui/src/main/actionscript/org/as3commons/ui/layout/framework/core/parser/DynTableParser.as':[
138,
],
'project:as3-commons/as3-commons-ui/src/main/actionscript/org/as3commons/ui/layout/framework/core/row/AbstractRow.as':[
227,
],
'project:as3-commons/as3-commons-ui/src/main/actionscript/org/as3commons/ui/lifecycle/i10n/I10N.as':[
167,
363,
],
'project:as3-commons/as3-commons-ui/src/main/actionscript/org/as3commons/ui/lifecycle/i10n/I10NAdapter.as':[
79,
],
'project:as3-commons/as3-commons-ui/src/main/actionscript/org/as3commons/ui/lifecycle/lifecycle/core/LifeCycleI10NAdapter.as':[
67,
],
'project:as3-commons/as3-commons-zip/src/main/actionscript/org/as3commons/zip/Zip.as':[
426,
],
'project:as3-commons/as3-commons-zip/src/main/actionscript/org/as3commons/zip/ZipFile.as':[
278,
],
'project:spring-actionscript/spring-actionscript-core/src/main/actionscript/org/springextensions/actionscript/context/impl/DefaultChildContextManager.as':[
86,
141,
],
'project:spring-actionscript/spring-actionscript-core/src/main/actionscript/org/springextensions/actionscript/eventbus/impl/DefaultEventBusUserRegistry.as':[
189,
],
'project:spring-actionscript/spring-actionscript-core/src/main/actionscript/org/springextensions/actionscript/eventbus/process/EventHandlerProxy.as':[
209,
],
'project:spring-actionscript/spring-actionscript-core/src/main/actionscript/org/springextensions/actionscript/eventbus/process/EventInterceptorMetadataDestroyer.as':[
49,
],
'project:spring-actionscript/spring-actionscript-core/src/main/actionscript/org/springextensions/actionscript/eventbus/process/EventInterceptorMetadataProcessor.as':[
60,
],
'project:spring-actionscript/spring-actionscript-core/src/main/actionscript/org/springextensions/actionscript/ioc/autowire/impl/DefaultAutowireProcessor.as':[
224,
310,
427,
518,
559,
],
'project:spring-actionscript/spring-actionscript-core/src/main/actionscript/org/springextensions/actionscript/ioc/config/impl/metadata/util/MetadataConfigUtils.as':[
141,
],
'project:spring-actionscript/spring-actionscript-core/src/main/actionscript/org/springextensions/actionscript/ioc/factory/impl/DefaultInstanceCache.as':[
187,
],
'project:spring-actionscript/spring-actionscript-core/src/main/actionscript/org/springextensions/actionscript/ioc/factory/impl/DefaultObjectFactory.as':[
452,
539,
],
'project:spring-actionscript/spring-actionscript-core/src/main/actionscript/org/springextensions/actionscript/ioc/factory/impl/FieldRetrievingFactoryObject.as':[
137,
],
'project:spring-actionscript/spring-actionscript-core/src/main/actionscript/org/springextensions/actionscript/ioc/factory/process/impl/factory/ObjectDefinitionFactoryPostProcessor.as':[
188,
],
'project:spring-actionscript/spring-actionscript-core/src/main/actionscript/org/springextensions/actionscript/ioc/factory/process/impl/factory/PropertyPlaceholderConfigurerFactoryPostProcessor.as':[
121,
181,
],
'project:spring-actionscript/spring-actionscript-core/src/main/actionscript/org/springextensions/actionscript/ioc/impl/DefaultDependencyChecker.as':[
71,
],
'project:spring-actionscript/spring-actionscript-core/src/main/actionscript/org/springextensions/actionscript/ioc/impl/DefaultDependencyInjector.as':[
156,
],
'project:spring-actionscript/spring-actionscript-core/src/main/actionscript/org/springextensions/actionscript/ioc/impl/DefaultObjectDestroyer.as':[
81,
],
'project:spring-actionscript/spring-actionscript-core/src/main/actionscript/org/springextensions/actionscript/ioc/objectdefinition/impl/DefaultObjectDefinitionRegistry.as':[
311,
],
'project:spring-actionscript/spring-actionscript-core/src/main/actionscript/org/springextensions/actionscript/stage/PopupAndTooltipWireManager.as':[
83,
],
'project:spring-actionscript/spring-actionscript-core/src/main/actionscript/org/springextensions/actionscript/stage/StageProcessorFactoryPostprocessor.as':[
59,
],
'project:spring-actionscript/spring-actionscript-core/src/main/actionscript/org/springextensions/actionscript/util/TypeUtils.as':[
47,
],
'project:spring-actionscript/spring-actionscript-flex/src/main/actionscript/org/springextensions/actionscript/ioc/config/impl/mxml/component/MXMLObjectDefinition.as':[
713,
807,
],
'project:spring-actionscript/spring-actionscript-samples/cafe-townsend-bootstrap/src/main/actionscript/org/springextensions/actionscript/domain/BaseObject.as':[
192,
],
'project:spring-actionscript/spring-actionscript-samples/cafe-townsend-metadata-config/src/main/actionscript/org/springextensions/actionscript/domain/BaseObject.as':[
192,
],
'project:spring-actionscript/spring-actionscript-samples/cafe-townsend-multi-module/src/main/actionscript/org/springextensions/actionscript/domain/BaseObject.as':[
192,
],
'project:spring-actionscript/spring-actionscript-samples/cafe-townsend-mxml-config/src/main/actionscript/org/springextensions/actionscript/domain/BaseObject.as':[
192,
],
'project:spring-actionscript/spring-actionscript-samples/cafe-townsend/src/main/actionscript/org/springextensions/actionscript/domain/BaseObject.as':[
192,
],
}
