{
'project:as3-commons/as3-commons-asblocks/src/main/actionscript/org/as3commons/asblocks/impl/ASTUtils.as':[
583,
],
'project:as3-commons/as3-commons-asblocks/src/main/actionscript/org/as3commons/asblocks/parser/antlr/as3/AS3Lexer.as':[
2452,
2492,
2548,
2569,
2609,
2630,
2710,
2717,
2742,
2749,
2778,
2818,
2825,
2832,
2839,
2846,
2866,
2905,
2931,
2960,
2967,
3022,
3077,
3084,
3091,
3132,
3139,
3154,
3192,
3199,
3206,
3291,
3344,
3363,
3370,
3395,
3414,
3421,
3487,
3539,
3546,
3562,
3614,
3663,
3679,
3709,
3730,
3743,
3760,
3785,
3829,
3898,
3906,
3913,
3961,
3970,
4016,
4048,
4055,
4067,
4131,
4183,
4214,
4331,
4338,
4345,
4431,
4459,
4480,
4528,
4535,
4542,
4549,
4556,
4563,
4570,
4577,
4584,
4591,
4598,
4605,
4612,
4619,
4626,
4633,
4640,
4647,
4654,
4661,
4668,
4675,
4682,
4689,
4696,
4703,
4710,
4717,
4724,
4731,
4738,
4745,
4752,
4759,
4766,
4773,
4780,
4787,
4794,
4801,
4808,
4815,
4822,
4829,
4836,
4843,
4850,
4857,
4864,
4871,
4878,
4885,
4892,
4899,
4906,
4913,
4920,
4927,
4934,
4941,
4948,
4955,
4962,
4969,
4976,
4983,
4990,
4997,
5004,
5011,
5018,
5025,
5032,
5039,
5046,
5053,
5060,
5067,
5074,
5081,
5088,
5095,
5102,
5109,
5116,
5123,
5130,
5137,
5144,
5151,
5158,
5165,
5172,
5179,
5186,
5193,
5200,
5207,
5214,
5221,
5228,
5235,
5242,
5249,
5256,
5263,
5270,
5277,
5284,
5291,
5298,
5305,
5312,
5319,
5326,
5333,
5340,
5495,
5514,
5531,
5543,
5607,
5626,
5638,
5657,
6353,
6368,
],
'project:as3-commons/as3-commons-asblocks/src/main/actionscript/org/as3commons/asblocks/parser/antlr/as3/AS3Parser.as':[
505,
600,
707,
778,
853,
969,
1021,
1033,
1045,
1057,
1075,
1159,
1170,
1183,
1192,
1315,
1329,
1343,
1357,
1371,
1576,
1602,
1702,
1723,
1838,
1887,
1918,
1949,
1998,
2208,
2267,
2278,
2296,
2305,
2483,
2492,
2505,
2691,
2760,
2786,
2961,
2987,
3083,
3218,
3346,
3445,
3459,
3473,
3500,
3546,
3558,
3570,
3652,
3772,
3786,
3800,
3896,
4012,
4213,
4363,
4510,
4619,
4774,
4904,
4922,
5014,
5026,
5038,
5050,
5062,
5074,
5086,
5098,
5110,
5122,
5134,
5146,
5158,
5170,
5182,
5194,
5206,
5218,
5230,
5242,
5254,
5368,
5391,
5612,
5869,
6177,
6226,
6445,
6486,
6500,
6607,
6620,
6632,
6744,
6756,
6857,
6952,
7125,
7137,
7153,
7183,
7311,
7530,
7556,
7782,
8142,
8215,
8288,
8558,
8570,
8579,
8686,
8764,
8857,
8870,
8884,
8897,
8957,
8970,
9093,
9105,
9125,
9232,
9245,
9273,
9287,
9315,
9343,
9371,
9399,
9427,
9558,
9656,
9758,
9771,
9808,
9821,
9834,
9847,
9860,
9873,
9913,
9956,
9969,
9982,
9995,
10008,
10098,
10253,
10377,
10501,
10584,
10667,
10750,
10874,
10953,
10987,
11024,
11069,
11084,
11095,
11106,
11117,
11128,
11225,
11297,
11310,
11347,
11443,
11582,
11669,
11697,
11710,
11840,
11882,
11924,
11966,
12008,
12145,
12187,
12229,
12271,
12313,
12355,
12419,
12484,
12518,
12668,
12717,
12772,
12824,
12864,
12913,
12956,
12999,
13173,
13187,
13201,
13374,
13387,
13400,
13413,
13427,
13441,
13455,
13469,
13483,
13592,
13605,
13708,
13721,
13734,
13747,
13761,
13775,
13788,
13936,
14034,
14043,
14113,
14182,
14289,
14301,
14478,
14492,
14506,
14692,
14847,
14917,
14938,
15048,
15062,
15125,
15151,
15174,
15336,
15454,
15499,
15770,
15783,
15797,
15811,
15899,
15911,
15922,
16145,
16157,
16761,
16778,
16795,
16812,
16829,
16846,
16931,
16948,
17042,
17150,
17238,
17269,
17284,
17299,
17314,
17329,
17344,
17398,
17463,
17478,
17493,
17508,
17523,
17538,
17553,
17568,
17583,
17598,
17613,
17628,
17643,
17708,
17723,
17826,
17853,
17868,
17950,
18087,
],
'project:as3-commons/as3-commons-asblocks/src/main/actionscript/org/as3commons/asblocks/parser/antlr/asdoc/ASDocLexer.as':[
70,
94,
203,
266,
274,
281,
299,
317,
354,
424,
458,
465,
472,
479,
486,
493,
500,
507,
567,
577,
597,
609,
],
'project:as3-commons/as3-commons-asblocks/src/main/actionscript/org/as3commons/asblocks/parser/antlr/asdoc/ASDocParser.as':[
155,
248,
352,
369,
403,
414,
427,
485,
499,
512,
525,
538,
551,
564,
624,
638,
651,
664,
677,
690,
703,
716,
788,
1009,
1043,
1055,
1076,
1378,
1393,
1408,
1423,
1438,
1453,
1468,
1483,
1498,
1513,
1528,
1543,
1558,
1573,
1588,
1603,
1618,
1633,
1648,
1663,
1678,
1693,
1708,
1723,
1738,
1753,
1768,
1783,
1798,
1813,
1828,
1976,
1991,
2006,
2021,
2036,
2051,
2066,
2081,
2096,
2111,
2126,
2141,
2156,
2171,
2186,
2201,
2216,
2231,
2246,
2261,
2276,
2291,
2306,
2321,
2336,
2351,
2366,
2381,
2396,
2411,
2426,
],
'project:as3-commons/as3-commons-asblocks/src/main/actionscript/org/as3commons/asblocks/parser/antlr/e4x/E4XLexer.as':[
257,
312,
356,
375,
392,
411,
472,
541,
610,
759,
766,
773,
780,
787,
794,
801,
808,
815,
822,
829,
836,
843,
850,
857,
864,
939,
967,
977,
],
'project:as3-commons/as3-commons-asblocks/src/main/actionscript/org/as3commons/asblocks/parser/antlr/e4x/E4XParser.as':[
165,
179,
237,
251,
340,
388,
423,
441,
476,
582,
715,
727,
836,
850,
920,
936,
1015,
1038,
1128,
1142,
1220,
1234,
1248,
1262,
1327,
],
'project:as3-commons/as3-commons-asblocks/src/main/actionscript/org/as3commons/asblocks/parser/antlr/regexsimple/RegexSimpleLexer.as':[
96,
103,
140,
147,
285,
292,
381,
390,
401,
452,
459,
466,
520,
534,
],
'project:as3-commons/as3-commons-asblocks/src/main/actionscript/org/as3commons/asblocks/parser/antlr/regexsimple/RegexSimpleParser.as':[
136,
227,
369,
],
'project:as3-commons/as3-commons-async/src/main/actionscript/org/as3commons/async/command/impl/CompositeCommand.as':[
308,
],
'project:as3-commons/as3-commons-bytecode/src/main/actionscript/org/as3commons/bytecode/abc/ConstantPool.as':[
326,
],
'project:as3-commons/as3-commons-bytecode/src/main/actionscript/org/as3commons/bytecode/emit/asm/Asm.as':[
241,
247,
],
'project:as3-commons/as3-commons-bytecode/src/main/actionscript/org/as3commons/bytecode/emit/impl/MethodBodyBuilder.as':[
263,
],
'project:as3-commons/as3-commons-bytecode/src/main/actionscript/org/as3commons/bytecode/emit/impl/PropertyBuilder.as':[
168,
],
'project:as3-commons/as3-commons-bytecode/src/main/actionscript/org/as3commons/bytecode/interception/impl/BasicMethodInvocationInterceptor.as':[
57,
68,
],
'project:as3-commons/as3-commons-bytecode/src/main/actionscript/org/as3commons/bytecode/io/AbcDeserializer.as':[
529,
535,
541,
547,
575,
651,
676,
700,
713,
],
'project:as3-commons/as3-commons-bytecode/src/main/actionscript/org/as3commons/bytecode/io/AbcSerializer.as':[
196,
221,
232,
245,
439,
548,
560,
572,
582,
597,
],
'project:as3-commons/as3-commons-bytecode/src/main/actionscript/org/as3commons/bytecode/proxy/impl/ClassIntroducer.as':[
121,
],
'project:as3-commons/as3-commons-bytecode/src/main/actionscript/org/as3commons/bytecode/reflect/PlayerGlobalData.as':[
129,
],
'project:as3-commons/as3-commons-bytecode/src/main/actionscript/org/as3commons/bytecode/util/MultinameUtil.as':[
110,
174,
],
'project:as3-commons/as3-commons-bytecode/src/main/actionscript/org/as3commons/bytecode/util/OpcodeIO.as':[
118,
126,
134,
142,
150,
158,
166,
174,
191,
341,
367,
],
'project:as3-commons/as3-commons-bytecode/src/test/actionscript/org/as3commons/bytecode/testclasses/interceptors/EventDispatcherExInterceptor.as':[
39,
],
'project:as3-commons/as3-commons-collections/src/main/actionscript/org/as3commons/collections/SortedList.as':[
344,
377,
],
'project:as3-commons/as3-commons-collections/src/main/examples/CollectionEventIteratorExample.as':[
24,
30,
36,
],
'project:as3-commons/as3-commons-collections/src/main/examples/LinkedMapFxExample.as':[
66,
75,
83,
],
'project:as3-commons/as3-commons-collections/src/main/examples/LinkedSetFxExample.as':[
63,
72,
80,
],
'project:as3-commons/as3-commons-collections/src/main/examples/SortedMapFxExample.as':[
58,
67,
],
'project:as3-commons/as3-commons-collections/src/main/examples/SortedSetFxExample.as':[
42,
51,
],
'project:as3-commons/as3-commons-reflect/src/main/actionscript/org/as3commons/reflect/Type.as':[
146,
],
'project:as3-commons/as3-commons-ui/src/main/actionscript/org/as3commons/ui/lifecycle/lifecycle/errors/InvalidationNotAllowedHereError.as':[
43,
49,
56,
64,
],
'project:spring-actionscript/spring-actionscript-core/src/main/actionscript/org/springextensions/actionscript/ioc/config/impl/metadata/util/MetadataConfigUtils.as':[
179,
],
'project:spring-actionscript/spring-actionscript-core/src/main/actionscript/org/springextensions/actionscript/ioc/config/impl/xml/namespacehandler/impl/task/nodeparser/BlockNodeParser.as':[
78,
85,
],
'project:spring-actionscript/spring-actionscript-security/src/main/actionscript/org/springextensions/actionscript/security/impl/SimpleStageSecurityManager.as':[
176,
],
}
