{
'project:as3-commons/as3-commons-aop/src/examples/shared/org/as3commons/aop/intercept/StringToUppercaseGetterInterceptor.as':[
11,
],
'project:as3-commons/as3-commons-aop/src/examples/shared/org/as3commons/aop/intercept/TraceMethodInterceptor.as':[
13,
],
'project:as3-commons/as3-commons-aop/src/main/actionscript/org/as3commons/aop/factory/impl/AOPBatchProxyFactory.as':[
108,
],
'project:as3-commons/as3-commons-aop/src/main/actionscript/org/as3commons/aop/factory/impl/AOPProxyFactory.as':[
44,
130,
],
'project:as3-commons/as3-commons-aop/src/main/actionscript/org/as3commons/aop/intercept/impl/GetterAdviceInterceptor.as':[
54,
],
'project:as3-commons/as3-commons-aop/src/main/actionscript/org/as3commons/aop/intercept/impl/MethodAdviceInterceptor.as':[
55,
],
'project:as3-commons/as3-commons-aop/src/main/actionscript/org/as3commons/aop/intercept/invocation/impl/GetterInvocationWithInterceptors.as':[
33,
],
'project:as3-commons/as3-commons-aop/src/main/actionscript/org/as3commons/aop/intercept/invocation/impl/MethodInvocationWithInterceptors.as':[
30,
],
'project:as3-commons/as3-commons-aop/src/main/actionscript/org/as3commons/aop/intercept/invocation/impl/SetterInvocationWithInterceptors.as':[
34,
],
'project:as3-commons/as3-commons-asblocks/src/main/actionscript/org/as3commons/asblocks/impl/ASTUtils.as':[
312,
],
'project:as3-commons/as3-commons-async/src/main/actionscript/org/as3commons/async/operation/impl/AbstractOperation.as':[
72,
84,
],
'project:as3-commons/as3-commons-async/src/main/actionscript/org/as3commons/async/operation/impl/MockOperation.as':[
28,
],
'project:as3-commons/as3-commons-bytecode/src/main/actionscript/org/as3commons/bytecode/abc/ConstantPool.as':[
152,
157,
162,
358,
561,
],
'project:as3-commons/as3-commons-bytecode/src/main/actionscript/org/as3commons/bytecode/abc/MethodInfo.as':[
57,
],
'project:as3-commons/as3-commons-bytecode/src/main/actionscript/org/as3commons/bytecode/abc/Op.as':[
120,
121,
],
'project:as3-commons/as3-commons-bytecode/src/main/actionscript/org/as3commons/bytecode/abc/SimpleConstantPool.as':[
91,
],
'project:as3-commons/as3-commons-bytecode/src/main/actionscript/org/as3commons/bytecode/abc/SlotOrConstantTrait.as':[
34,
],
'project:as3-commons/as3-commons-bytecode/src/main/actionscript/org/as3commons/bytecode/abc/enum/BaseEnum.as':[
22,
],
'project:as3-commons/as3-commons-bytecode/src/main/actionscript/org/as3commons/bytecode/emit/impl/PropertyBuilder.as':[
51,
],
'project:as3-commons/as3-commons-bytecode/src/main/actionscript/org/as3commons/bytecode/interception/impl/BasicMethodInvocation.as':[
31,
],
'project:as3-commons/as3-commons-bytecode/src/main/actionscript/org/as3commons/bytecode/io/AbcDeserializer.as':[
527,
],
'project:as3-commons/as3-commons-bytecode/src/main/actionscript/org/as3commons/bytecode/io/AbcSerializer.as':[
417,
],
'project:as3-commons/as3-commons-bytecode/src/main/actionscript/org/as3commons/bytecode/proxy/impl/ClassIntroducer.as':[
215,
],
'project:as3-commons/as3-commons-bytecode/src/main/actionscript/org/as3commons/bytecode/reflect/ByteCodeAccessor.as':[
74,
],
'project:as3-commons/as3-commons-bytecode/src/main/actionscript/org/as3commons/bytecode/reflect/ByteCodeConstant.as':[
58,
],
'project:as3-commons/as3-commons-bytecode/src/main/actionscript/org/as3commons/bytecode/reflect/ByteCodeParameter.as':[
33,
],
'project:as3-commons/as3-commons-bytecode/src/main/actionscript/org/as3commons/bytecode/reflect/ByteCodeVariable.as':[
58,
],
'project:as3-commons/as3-commons-bytecode/src/main/actionscript/org/as3commons/bytecode/reflect/PlayerGlobalData.as':[
118,
],
'project:as3-commons/as3-commons-bytecode/src/main/actionscript/org/as3commons/bytecode/reflect/ReflectionDeserializer.as':[
179,
],
'project:as3-commons/as3-commons-bytecode/src/main/actionscript/org/as3commons/bytecode/typeinfo/Argument.as':[
29,
],
'project:as3-commons/as3-commons-bytecode/src/main/actionscript/org/as3commons/bytecode/util/AbcFileUtil.as':[
221,
],
'project:as3-commons/as3-commons-bytecode/src/main/actionscript/org/as3commons/bytecode/util/OpcodeIO.as':[
107,
109,
110,
314,
391,
393,
],
'project:as3-commons/as3-commons-bytecode/src/test/resources/assets/template/MethodInvocation.as':[
25,
26,
27,
],
'project:as3-commons/as3-commons-collections/src/main/actionscript/org/as3commons/collections/Map.as':[
145,
199,
260,
275,
],
'project:as3-commons/as3-commons-collections/src/main/actionscript/org/as3commons/collections/Set.as':[
137,
],
'project:as3-commons/as3-commons-collections/src/main/actionscript/org/as3commons/collections/SortedMap.as':[
341,
359,
],
'project:as3-commons/as3-commons-collections/src/main/actionscript/org/as3commons/collections/StringMap.as':[
114,
160,
200,
212,
],
'project:as3-commons/as3-commons-collections/src/main/actionscript/org/as3commons/collections/StringSet.as':[
122,
],
'project:as3-commons/as3-commons-collections/src/main/actionscript/org/as3commons/collections/framework/core/AbstractLinkedCollection.as':[
113,
129,
],
'project:as3-commons/as3-commons-collections/src/main/actionscript/org/as3commons/collections/framework/core/LinkedMapNode.as':[
28,
],
'project:as3-commons/as3-commons-collections/src/main/actionscript/org/as3commons/collections/framework/core/LinkedNode.as':[
28,
],
'project:as3-commons/as3-commons-collections/src/main/actionscript/org/as3commons/collections/framework/core/SortedMapNode.as':[
28,
],
'project:as3-commons/as3-commons-collections/src/main/actionscript/org/as3commons/collections/framework/core/SortedNode.as':[
28,
],
'project:as3-commons/as3-commons-collections/src/main/actionscript/org/as3commons/collections/framework/core/TreapNode.as':[
28,
],
'project:as3-commons/as3-commons-collections/src/main/actionscript/org/as3commons/collections/fx/ArrayListFx.as':[
204,
220,
236,
],
'project:as3-commons/as3-commons-collections/src/main/actionscript/org/as3commons/collections/fx/LinkedMapFx.as':[
161,
180,
],
'project:as3-commons/as3-commons-collections/src/main/actionscript/org/as3commons/collections/fx/LinkedSetFx.as':[
137,
155,
],
'project:as3-commons/as3-commons-collections/src/main/actionscript/org/as3commons/collections/fx/MapFx.as':[
104,
],
'project:as3-commons/as3-commons-collections/src/main/actionscript/org/as3commons/collections/fx/SortedListFx.as':[
96,
112,
128,
],
'project:as3-commons/as3-commons-collections/src/main/actionscript/org/as3commons/collections/fx/events/CollectionEvent.as':[
227,
],
'project:as3-commons/as3-commons-collections/src/main/actionscript/org/as3commons/collections/fx/events/MapEvent.as':[
53,
],
'project:as3-commons/as3-commons-collections/src/main/actionscript/org/as3commons/collections/iterators/CollectionFilterIterator.as':[
63,
68,
73,
111,
167,
],
'project:as3-commons/as3-commons-collections/src/main/actionscript/org/as3commons/collections/iterators/FilterIterator.as':[
63,
91,
108,
],
'project:as3-commons/as3-commons-collections/src/main/actionscript/org/as3commons/collections/iterators/MapFilterIterator.as':[
85,
90,
127,
128,
],
'project:as3-commons/as3-commons-collections/src/main/actionscript/org/as3commons/collections/iterators/RecursiveFilterIterator.as':[
107,
156,
186,
],
'project:as3-commons/as3-commons-collections/src/main/actionscript/org/as3commons/collections/iterators/RecursiveFilterIterator2.as':[
116,
165,
203,
],
'project:as3-commons/as3-commons-collections/src/main/actionscript/org/as3commons/collections/iterators/RecursiveIterator.as':[
113,
],
'project:as3-commons/as3-commons-collections/src/main/actionscript/org/as3commons/collections/utils/ArrayUtils.as':[
107,
195,
],
'project:as3-commons/as3-commons-collections/src/main/actionscript/org/as3commons/collections/utils/CollectionUtils.as':[
43,
],
'project:as3-commons/as3-commons-collections/src/main/actionscript/org/as3commons/collections/utils/Maps.as':[
145,
266,
314,
],
'project:as3-commons/as3-commons-collections/src/main/actionscript/org/as3commons/collections/utils/UncomparableType.as':[
34,
],
'project:as3-commons/as3-commons-collections/src/main/examples/ArrayListFxExample.as':[
61,
],
'project:as3-commons/as3-commons-collections/src/main/examples/ArrayListIteratorExample.as':[
11,
],
'project:as3-commons/as3-commons-collections/src/main/examples/CollectionFilterIteratorExample.as':[
49,
],
'project:as3-commons/as3-commons-collections/src/main/examples/CollectionIteratorExample.as':[
11,
],
'project:as3-commons/as3-commons-collections/src/main/examples/SortedListFxExample.as':[
50,
],
'project:as3-commons/as3-commons-collections/src/test/actionscript/org/as3commons/collections/framework/core/LinkedMapIteratorTest.as':[
55,
],
'project:as3-commons/as3-commons-collections/src/test/actionscript/org/as3commons/collections/framework/core/LinkedSetIteratorTest.as':[
53,
],
'project:as3-commons/as3-commons-collections/src/test/actionscript/org/as3commons/collections/framework/core/SortedMapIteratorTest.as':[
54,
],
'project:as3-commons/as3-commons-collections/src/test/actionscript/org/as3commons/collections/framework/core/SortedSetIteratorTest.as':[
54,
],
'project:as3-commons/as3-commons-collections/src/test/actionscript/org/as3commons/collections/mocks/TreapMock.as':[
45,
],
'project:as3-commons/as3-commons-collections/src/test/actionscript/org/as3commons/collections/testhelpers/AbstractCollectionTestCase.as':[
76,
],
'project:as3-commons/as3-commons-collections/src/test/actionscript/org/as3commons/collections/testhelpers/AbstractIteratorTestCase.as':[
55,
],
'project:as3-commons/as3-commons-collections/src/test/actionscript/org/as3commons/collections/units/iterators/RecursiveIteratorTests.as':[
124,
140,
171,
200,
224,
319,
],
'project:as3-commons/as3-commons-collections/src/test/actionscript/org/as3commons/collections/utils/MapsTest.as':[
166,
167,
173,
183,
185,
191,
192,
195,
201,
202,
204,
211,
212,
213,
216,
],
'project:as3-commons/as3-commons-eventbus/src/main/actionscript/org/as3commons/eventbus/impl/EventBus.as':[
178,
],
'project:as3-commons/as3-commons-eventbus/src/main/actionscript/org/as3commons/eventbus/impl/EventBusCollectionLookup.as':[
57,
],
'project:as3-commons/as3-commons-eventbus/src/main/actionscript/org/as3commons/eventbus/impl/EventListenerGuardian.as':[
142,
178,
179,
180,
],
'project:as3-commons/as3-commons-eventbus/src/main/actionscript/org/as3commons/eventbus/impl/EventListenerLimiter.as':[
32,
],
'project:as3-commons/as3-commons-eventbus/src/main/actionscript/org/as3commons/eventbus/impl/collection/WeakLinkedNode.as':[
38,
],
'project:as3-commons/as3-commons-lang/src/main/actionscript/org/as3commons/lang/ArrayUtils.as':[
303,
],
'project:as3-commons/as3-commons-lang/src/main/actionscript/org/as3commons/lang/ClassUtils.as':[
482,
],
'project:as3-commons/as3-commons-lang/src/main/actionscript/org/as3commons/lang/HashArray.as':[
67,
90,
100,
106,
121,
123,
137,
168,
],
'project:as3-commons/as3-commons-lang/src/main/actionscript/org/as3commons/lang/ObjectUtils.as':[
175,
],
'project:as3-commons/as3-commons-lang/src/main/actionscript/org/as3commons/lang/StringUtils.as':[
2483,
],
'project:as3-commons/as3-commons-lang/src/main/actionscript/org/as3commons/lang/util/CloneUtils.as':[
51,
52,
],
'project:as3-commons/as3-commons-logging/src/main/actionscript/org/as3commons/logging/integration/SLF4ASIntegration.as':[
72,
],
'project:as3-commons/as3-commons-logging/src/main/actionscript/org/as3commons/logging/integration/YUILoggerFactory.as':[
68,
],
'project:as3-commons/as3-commons-logging/src/main/actionscript/org/as3commons/logging/setup/log4j/Log4JStyleSetup.as':[
225,
288,
],
'project:as3-commons/as3-commons-logging/src/main/actionscript/org/as3commons/logging/setup/target/AbstractClassicTarget.as':[
16,
53,
],
'project:as3-commons/as3-commons-logging/src/main/actionscript/org/as3commons/logging/setup/target/FirebugTarget.as':[
91,
176,
],
'project:as3-commons/as3-commons-logging/src/main/actionscript/org/as3commons/logging/setup/target/LogStatement.as':[
62,
],
'project:as3-commons/as3-commons-logging/src/main/actionscript/org/as3commons/logging/setup/target/ThunderBoltTarget.as':[
76,
],
'project:as3-commons/as3-commons-logging/src/main/actionscript/org/as3commons/logging/util/LogMessageFormatter.as':[
152,
458,
],
'project:as3-commons/as3-commons-logging/src/main/actionscript/org/as3commons/logging/util/clone.as':[
57,
],
'project:as3-commons/as3-commons-logging/src/main/actionscript/org/as3commons/logging/util/flatten.as':[
33,
],
'project:as3-commons/as3-commons-logging/src/main/actionscript/org/as3commons/logging/util/instantiate.as':[
36,
],
'project:as3-commons/as3-commons-logging/src/main/actionscript/org/as3commons/logging/util/objectify.as':[
78,
],
'project:as3-commons/as3-commons-logging/src/main/actionscript/org/as3commons/logging/util/objectifyLimited.as':[
11,
32,
],
'project:as3-commons/as3-commons-logging/src/main/actionscript/org/as3commons/logging/util/removeDuplicates.as':[
37,
],
'project:as3-commons/as3-commons-logging/src/main/actionscript/org/as3commons/logging/util/xml/xmlToTarget.as':[
168,
],
'project:as3-commons/as3-commons-logging/src/test/actionscript/org/as3commons/logging/api/LoggerTest.as':[
154,
170,
186,
202,
218,
240,
],
'project:as3-commons/as3-commons-logging/src/test/actionscript/org/as3commons/logging/util/AlikeMatcher.as':[
9,
],
'project:as3-commons/as3-commons-logging/src/test/actionscript/org/as3commons/logging/util/ByteArrayCopyTest.as':[
17,
18,
160,
],
'project:as3-commons/as3-commons-logging/src/test/actionscript/org/as3commons/logging/util/xml/XMLTargetTest.as':[
364,
378,
],
'project:as3-commons/as3-commons-metadata/src/main/actionscript/org/as3commons/metadata/registry/impl/AS3ReflectMetadataProcessorRegistry.as':[
96,
],
'project:as3-commons/as3-commons-metadata/src/main/actionscript/org/as3commons/metadata/registry/impl/SpiceLibMetadataProcessorRegistry.as':[
54,
],
'project:as3-commons/as3-commons-reflect/src/main/actionscript/org/as3commons/reflect/MetadataContainer.as':[
85,
],
'project:as3-commons/as3-commons-reflect/src/main/actionscript/org/as3commons/reflect/MethodInvoker.as':[
45,
118,
],
'project:as3-commons/as3-commons-rpc/src/main/actionscript/org/as3commons/rpc/events/AsyncOperationFaultEvent.as':[
43,
],
'project:as3-commons/as3-commons-rpc/src/main/actionscript/org/as3commons/rpc/events/AsyncOperationResultEvent.as':[
43,
],
'project:as3-commons/as3-commons-ui/src/main/actionscript/org/as3commons/ui/layout/framework/core/AbstractLayout.as':[
386,
],
'project:spring-actionscript/spring-actionscript-core/src/main/actionscript/org/springextensions/actionscript/eventbus/impl/DefaultEventBusUserRegistry.as':[
450,
463,
],
'project:spring-actionscript/spring-actionscript-core/src/main/actionscript/org/springextensions/actionscript/ioc/autowire/impl/DefaultAutowireProcessor.as':[
268,
649,
],
'project:spring-actionscript/spring-actionscript-core/src/main/actionscript/org/springextensions/actionscript/ioc/config/impl/metadata/ConfigurationClassScanner.as':[
129,
],
'project:spring-actionscript/spring-actionscript-core/src/main/actionscript/org/springextensions/actionscript/ioc/config/impl/metadata/MetadataObjectDefinitionsProvider.as':[
284,
],
'project:spring-actionscript/spring-actionscript-core/src/main/actionscript/org/springextensions/actionscript/ioc/config/impl/xml/namespacehandler/impl/eventbus/customconfiguration/EventHandlerCustomConfigurator.as':[
123,
],
'project:spring-actionscript/spring-actionscript-core/src/main/actionscript/org/springextensions/actionscript/ioc/config/impl/xml/parser/impl/XMLObjectDefinitionsParser.as':[
406,
442,
],
'project:spring-actionscript/spring-actionscript-core/src/main/actionscript/org/springextensions/actionscript/ioc/config/impl/xml/parser/impl/nodeparser/ArrayCollectionNodeParser.as':[
68,
],
'project:spring-actionscript/spring-actionscript-core/src/main/actionscript/org/springextensions/actionscript/ioc/config/impl/xml/parser/impl/nodeparser/ArrayNodeParser.as':[
50,
],
'project:spring-actionscript/spring-actionscript-core/src/main/actionscript/org/springextensions/actionscript/ioc/config/impl/xml/parser/impl/nodeparser/DictionaryNodeParser.as':[
63,
65,
],
'project:spring-actionscript/spring-actionscript-core/src/main/actionscript/org/springextensions/actionscript/ioc/config/impl/xml/parser/impl/nodeparser/KeyValueNodeParser.as':[
58,
],
'project:spring-actionscript/spring-actionscript-core/src/main/actionscript/org/springextensions/actionscript/ioc/config/impl/xml/parser/impl/nodeparser/VectorNodeParser.as':[
66,
],
'project:spring-actionscript/spring-actionscript-core/src/main/actionscript/org/springextensions/actionscript/ioc/factory/event/InstanceCacheEvent.as':[
83,
84,
],
'project:spring-actionscript/spring-actionscript-core/src/main/actionscript/org/springextensions/actionscript/ioc/factory/event/ObjectFactoryEvent.as':[
40,
],
'project:spring-actionscript/spring-actionscript-core/src/main/actionscript/org/springextensions/actionscript/ioc/factory/impl/DefaultInstanceCache.as':[
210,
229,
],
'project:spring-actionscript/spring-actionscript-core/src/main/actionscript/org/springextensions/actionscript/ioc/factory/impl/DefaultObjectFactory.as':[
348,
416,
506,
524,
540,
602,
],
'project:spring-actionscript/spring-actionscript-core/src/main/actionscript/org/springextensions/actionscript/ioc/factory/impl/FieldRetrievingFactoryObject.as':[
70,
197,
],
'project:spring-actionscript/spring-actionscript-core/src/main/actionscript/org/springextensions/actionscript/ioc/factory/impl/GenericFactoryObject.as':[
35,
60,
],
'project:spring-actionscript/spring-actionscript-core/src/main/actionscript/org/springextensions/actionscript/ioc/factory/impl/MethodInvokingFactoryObject.as':[
65,
],
'project:spring-actionscript/spring-actionscript-core/src/main/actionscript/org/springextensions/actionscript/ioc/factory/impl/referenceresolver/DictionaryReferenceResolver.as':[
64,
],
'project:spring-actionscript/spring-actionscript-core/src/main/actionscript/org/springextensions/actionscript/ioc/factory/impl/referenceresolver/VectorReferenceResolver.as':[
58,
],
'project:spring-actionscript/spring-actionscript-core/src/main/actionscript/org/springextensions/actionscript/ioc/impl/DefaultDependencyInjector.as':[
157,
262,
302,
320,
470,
],
'project:spring-actionscript/spring-actionscript-core/src/main/actionscript/org/springextensions/actionscript/ioc/impl/DefaultLazyDependencyManager.as':[
90,
],
'project:spring-actionscript/spring-actionscript-core/src/main/actionscript/org/springextensions/actionscript/ioc/objectdefinition/impl/ObjectDefinition.as':[
85,
],
'project:spring-actionscript/spring-actionscript-core/src/main/actionscript/org/springextensions/actionscript/ioc/objectdefinition/impl/PropertyDefinition.as':[
30,
],
'project:spring-actionscript/spring-actionscript-core/src/main/actionscript/org/springextensions/actionscript/object/SimpleTypeConverter.as':[
51,
],
'project:spring-actionscript/spring-actionscript-core/src/main/actionscript/org/springextensions/actionscript/object/propertyeditor/AbstractPropertyEditor.as':[
30,
],
'project:spring-actionscript/spring-actionscript-core/src/main/actionscript/org/springextensions/actionscript/stage/StageProcessorFactoryPostprocessor.as':[
112,
],
'project:spring-actionscript/spring-actionscript-core/src/main/actionscript/org/springextensions/actionscript/util/ContextUtils.as':[
49,
],
'project:spring-actionscript/spring-actionscript-core/src/test/actionscript/org/springextensions/actionscript/ioc/config/impl/xml/namespacehandler/impl/util/customconfiguration/FactoryObjectCustomConfiguratorTest.as':[
43,
],
'project:spring-actionscript/spring-actionscript-core/src/test/actionscript/org/springextensions/actionscript/ioc/config/impl/xml/parser/impl/nodeparser/ArrayCollectionNodeParserTest.as':[
54,
65,
],
'project:spring-actionscript/spring-actionscript-core/src/test/actionscript/org/springextensions/actionscript/ioc/config/impl/xml/parser/impl/nodeparser/NanNodeParserTest.as':[
45,
],
'project:spring-actionscript/spring-actionscript-core/src/test/actionscript/org/springextensions/actionscript/ioc/config/impl/xml/parser/impl/nodeparser/NullNodeParserTest.as':[
45,
],
'project:spring-actionscript/spring-actionscript-core/src/test/actionscript/org/springextensions/actionscript/ioc/config/impl/xml/parser/impl/nodeparser/RefNodeParserTest.as':[
47,
],
'project:spring-actionscript/spring-actionscript-core/src/test/actionscript/org/springextensions/actionscript/ioc/config/impl/xml/parser/impl/nodeparser/UndefinedNodeParserTest.as':[
46,
],
'project:spring-actionscript/spring-actionscript-core/src/test/actionscript/org/springextensions/actionscript/ioc/config/impl/xml/parser/impl/nodeparser/VectorNodeParserTest.as':[
59,
73,
],
'project:spring-actionscript/spring-actionscript-core/src/test/actionscript/org/springextensions/actionscript/ioc/factory/impl/GenericFactoryObjectTest.as':[
40,
42,
50,
52,
],
'project:spring-actionscript/spring-actionscript-core/src/test/actionscript/org/springextensions/actionscript/ioc/factory/impl/referenceresolver/ObjectReferenceResolverTest.as':[
55,
69,
83,
93,
],
'project:spring-actionscript/spring-actionscript-core/src/test/actionscript/org/springextensions/actionscript/ioc/factory/process/impl/object/ApplicationContextAwareObjectPostProcessorTest.as':[
59,
68,
],
'project:spring-actionscript/spring-actionscript-core/src/test/actionscript/org/springextensions/actionscript/ioc/factory/process/impl/object/ApplicationDomainAwarePostProcessorTest.as':[
65,
73,
],
'project:spring-actionscript/spring-actionscript-core/src/test/actionscript/org/springextensions/actionscript/ioc/factory/process/impl/object/ObjectFactoryAwarePostProcessorTest.as':[
58,
66,
],
'project:spring-actionscript/spring-actionscript-core/src/test/actionscript/org/springextensions/actionscript/object/SimpleTypeConverterTest.as':[
35,
41,
48,
54,
60,
67,
74,
81,
89,
96,
103,
],
'project:spring-actionscript/spring-actionscript-flex/src/main/actionscript/org/springextensions/actionscript/ioc/config/impl/mxml/MXMLObjectDefinitionsProvider.as':[
108,
141,
],
'project:spring-actionscript/spring-actionscript-flex/src/main/actionscript/org/springextensions/actionscript/ioc/config/impl/mxml/component/Arg.as':[
41,
43,
],
'project:spring-actionscript/spring-actionscript-samples/cafe-townsend-bootstrap/src/main/actionscript/org/springextensions/actionscript/domain/BaseObject.as':[
95,
137,
144,
163,
],
'project:spring-actionscript/spring-actionscript-samples/cafe-townsend-bootstrap/src/main/actionscript/org/springextensions/actionscript/domain/Entity.as':[
45,
],
'project:spring-actionscript/spring-actionscript-samples/cafe-townsend-bootstrap/src/main/actionscript/org/springextensions/actionscript/domain/ManagedEntity.as':[
45,
142,
143,
],
'project:spring-actionscript/spring-actionscript-samples/cafe-townsend-metadata-config/src/main/actionscript/org/springextensions/actionscript/domain/BaseObject.as':[
95,
137,
144,
163,
],
'project:spring-actionscript/spring-actionscript-samples/cafe-townsend-metadata-config/src/main/actionscript/org/springextensions/actionscript/domain/Entity.as':[
45,
],
'project:spring-actionscript/spring-actionscript-samples/cafe-townsend-metadata-config/src/main/actionscript/org/springextensions/actionscript/domain/ManagedEntity.as':[
45,
142,
143,
],
'project:spring-actionscript/spring-actionscript-samples/cafe-townsend-multi-module/src/main/actionscript/org/springextensions/actionscript/domain/BaseObject.as':[
95,
137,
144,
163,
],
'project:spring-actionscript/spring-actionscript-samples/cafe-townsend-multi-module/src/main/actionscript/org/springextensions/actionscript/domain/Entity.as':[
45,
],
'project:spring-actionscript/spring-actionscript-samples/cafe-townsend-multi-module/src/main/actionscript/org/springextensions/actionscript/domain/ManagedEntity.as':[
45,
142,
143,
],
'project:spring-actionscript/spring-actionscript-samples/cafe-townsend-mxml-config/src/main/actionscript/org/springextensions/actionscript/domain/BaseObject.as':[
95,
137,
144,
163,
],
'project:spring-actionscript/spring-actionscript-samples/cafe-townsend-mxml-config/src/main/actionscript/org/springextensions/actionscript/domain/Entity.as':[
45,
],
'project:spring-actionscript/spring-actionscript-samples/cafe-townsend-mxml-config/src/main/actionscript/org/springextensions/actionscript/domain/ManagedEntity.as':[
45,
142,
143,
],
'project:spring-actionscript/spring-actionscript-samples/cafe-townsend/src/main/actionscript/org/springextensions/actionscript/domain/BaseObject.as':[
95,
137,
144,
163,
],
'project:spring-actionscript/spring-actionscript-samples/cafe-townsend/src/main/actionscript/org/springextensions/actionscript/domain/Entity.as':[
45,
],
'project:spring-actionscript/spring-actionscript-samples/cafe-townsend/src/main/actionscript/org/springextensions/actionscript/domain/ManagedEntity.as':[
45,
142,
143,
],
}
