{
'project:as3-commons/as3-commons-asblocks/src/main/actionscript/org/as3commons/asblocks/impl/ASTASClassType.as':[
50,
],
'project:as3-commons/as3-commons-asblocks/src/main/actionscript/org/as3commons/asblocks/parser/antlr/as3/AS3Lexer.as':[
279,
300,
321,
342,
363,
384,
405,
426,
447,
468,
489,
510,
531,
552,
573,
594,
615,
636,
657,
678,
699,
720,
741,
762,
783,
804,
825,
846,
867,
888,
909,
930,
951,
972,
993,
1014,
1035,
1056,
1077,
1098,
1119,
1140,
1161,
1182,
1203,
1224,
1245,
1266,
1287,
1308,
1329,
1350,
1371,
1392,
1413,
1433,
1453,
1473,
1493,
1513,
1533,
1553,
1573,
1594,
1614,
1634,
1655,
1676,
1696,
1716,
1737,
1758,
1778,
1799,
1820,
1840,
1861,
1882,
1902,
1922,
1943,
1963,
1983,
2004,
2024,
2045,
2066,
2086,
2107,
2128,
2149,
2170,
2190,
2210,
2230,
2250,
2271,
2292,
2313,
2333,
2354,
2375,
2396,
2417,
2438,
2441,
2442,
2443,
2455,
2500,
2509,
2510,
2543,
2559,
2572,
2581,
2620,
2633,
2642,
2675,
2693,
2705,
2713,
2720,
2745,
2752,
2773,
2781,
2821,
2828,
2835,
2842,
2849,
2859,
2861,
2862,
2869,
2892,
2908,
2918,
2934,
2955,
2963,
2970,
2992,
2993,
2994,
3030,
3072,
3080,
3087,
3099,
3124,
3135,
3147,
3157,
3167,
3184,
3195,
3202,
3214,
3227,
3249,
3275,
3299,
3339,
3347,
3366,
3378,
3391,
3398,
3417,
3429,
3442,
3464,
3470,
3490,
3496,
3497,
3534,
3542,
3549,
3565,
3600,
3617,
3623,
3624,
3658,
3682,
3688,
3689,
3696,
3712,
3733,
3746,
3763,
3769,
3770,
3788,
3837,
3846,
3847,
3893,
3901,
3902,
3909,
3916,
3956,
3964,
3965,
3966,
3973,
4002,
4024,
4051,
4058,
4070,
4105,
4134,
4144,
4171,
4191,
4217,
4223,
4224,
4251,
4270,
4319,
4326,
4334,
4341,
4348,
4366,
4372,
4420,
4426,
4434,
4438,
4445,
4452,
4462,
4466,
4473,
4483,
4487,
4508,
4509,
4510,
4511,
4512,
4513,
4531,
4538,
4545,
4552,
4559,
4566,
4573,
4580,
4587,
4594,
4601,
4608,
4615,
4622,
4629,
4636,
4643,
4650,
4657,
4664,
4671,
4678,
4685,
4692,
4699,
4706,
4713,
4720,
4727,
4734,
4741,
4748,
4755,
4762,
4769,
4776,
4783,
4790,
4797,
4804,
4811,
4818,
4825,
4832,
4839,
4846,
4853,
4860,
4867,
4874,
4881,
4888,
4895,
4902,
4909,
4916,
4923,
4930,
4937,
4944,
4951,
4958,
4965,
4972,
4979,
4986,
4993,
5000,
5007,
5014,
5021,
5028,
5035,
5042,
5049,
5056,
5063,
5070,
5077,
5084,
5091,
5098,
5105,
5112,
5119,
5126,
5133,
5140,
5147,
5154,
5161,
5168,
5175,
5182,
5189,
5196,
5203,
5210,
5217,
5224,
5231,
5238,
5245,
5252,
5259,
5266,
5273,
5280,
5287,
5294,
5301,
5308,
5315,
5322,
5329,
5336,
5343,
5357,
5363,
5377,
5383,
5397,
5403,
5502,
5504,
5506,
5512,
5521,
5523,
5525,
5529,
5535,
5537,
5539,
5541,
5550,
5552,
5554,
5556,
5560,
5563,
5614,
5616,
5618,
5620,
5624,
5630,
5632,
5634,
5636,
5645,
5647,
5649,
5655,
5664,
5666,
5668,
5672,
5675,
6360,
6366,
6375,
6377,
6379,
6381,
6387,
6390,
],
'project:as3-commons/as3-commons-asblocks/src/main/actionscript/org/as3commons/asblocks/parser/antlr/as3/AS3Parser.as':[
423,
424,
512,
513,
607,
608,
693,
694,
714,
715,
725,
765,
785,
786,
797,
798,
838,
839,
860,
861,
871,
872,
964,
976,
977,
985,
1015,
1028,
1029,
1040,
1041,
1052,
1053,
1064,
1065,
1078,
1120,
1199,
1200,
1309,
1324,
1325,
1338,
1339,
1352,
1353,
1366,
1367,
1380,
1381,
1423,
1428,
1433,
1478,
1479,
1484,
1485,
1559,
1560,
1566,
1567,
1583,
1584,
1591,
1592,
1605,
1606,
1691,
1692,
1709,
1710,
1726,
1727,
1733,
1734,
1750,
1751,
1845,
1846,
1847,
1848,
1854,
1855,
1894,
1895,
1925,
1926,
1956,
1957,
1958,
1959,
1965,
1966,
2005,
2006,
2067,
2072,
2081,
2082,
2124,
2129,
2138,
2139,
2144,
2145,
2189,
2198,
2199,
2211,
2212,
2227,
2228,
2312,
2313,
2393,
2394,
2397,
2477,
2488,
2497,
2510,
2578,
2579,
2585,
2586,
2591,
2592,
2597,
2598,
2603,
2604,
2694,
2703,
2704,
2763,
2772,
2773,
2789,
2794,
2795,
2856,
2857,
2863,
2864,
2869,
2870,
2875,
2876,
2964,
2973,
2974,
2990,
2995,
2996,
3060,
3061,
3067,
3068,
3073,
3074,
3090,
3091,
3102,
3103,
3198,
3199,
3204,
3205,
3221,
3222,
3228,
3229,
3243,
3244,
3331,
3332,
3353,
3354,
3364,
3365,
3454,
3455,
3468,
3469,
3485,
3493,
3511,
3540,
3553,
3554,
3565,
3566,
3577,
3578,
3637,
3638,
3659,
3660,
3670,
3671,
3755,
3767,
3781,
3782,
3795,
3796,
3812,
3823,
3824,
3879,
3880,
3881,
3882,
3903,
3904,
3914,
3915,
3997,
3998,
4019,
4020,
4030,
4031,
4105,
4106,
4111,
4112,
4193,
4194,
4199,
4200,
4216,
4217,
4223,
4224,
4238,
4239,
4331,
4332,
4338,
4339,
4347,
4348,
4353,
4354,
4370,
4371,
4382,
4383,
4478,
4479,
4485,
4486,
4494,
4495,
4500,
4501,
4517,
4518,
4529,
4530,
4626,
4627,
4704,
4705,
4708,
4759,
4760,
4781,
4782,
4792,
4793,
4866,
4867,
4910,
4917,
4918,
4931,
4932,
5021,
5022,
5033,
5034,
5045,
5046,
5057,
5058,
5069,
5070,
5081,
5082,
5093,
5094,
5105,
5106,
5117,
5118,
5129,
5130,
5141,
5142,
5153,
5154,
5165,
5166,
5177,
5178,
5189,
5190,
5201,
5202,
5213,
5214,
5225,
5226,
5237,
5238,
5249,
5250,
5261,
5262,
5307,
5308,
5311,
5358,
5359,
5375,
5376,
5398,
5399,
5491,
5492,
5497,
5498,
5544,
5545,
5550,
5551,
5556,
5557,
5615,
5620,
5621,
5670,
5679,
5680,
5716,
5762,
5763,
5768,
5769,
5840,
5849,
5850,
5855,
5856,
5876,
5877,
5921,
5930,
5931,
5971,
5972,
5978,
5979,
5980,
5981,
6058,
6059,
6061,
6062,
6064,
6065,
6071,
6072,
6073,
6074,
6080,
6081,
6167,
6168,
6170,
6171,
6184,
6185,
6186,
6187,
6193,
6194,
6233,
6234,
6235,
6236,
6242,
6243,
6328,
6329,
6333,
6338,
6339,
6343,
6348,
6349,
6396,
6397,
6398,
6403,
6404,
6456,
6480,
6495,
6496,
6509,
6510,
6559,
6560,
6751,
6752,
6763,
6764,
6864,
6865,
6959,
6960,
7040,
7049,
7050,
7055,
7100,
7101,
7107,
7108,
7120,
7132,
7133,
7160,
7161,
7167,
7168,
7190,
7191,
7291,
7292,
7294,
7295,
7301,
7302,
7318,
7319,
7326,
7327,
7333,
7334,
7406,
7415,
7416,
7456,
7465,
7466,
7471,
7472,
7515,
7516,
7537,
7538,
7563,
7564,
7571,
7572,
7653,
7662,
7663,
7664,
7669,
7670,
7713,
7718,
7723,
7724,
7789,
7790,
7871,
7880,
7881,
7886,
7887,
7931,
7940,
7941,
7942,
7947,
7948,
7953,
7954,
7994,
8003,
8004,
8009,
8010,
8050,
8051,
8053,
8054,
8060,
8061,
8129,
8149,
8150,
8161,
8162,
8202,
8222,
8223,
8234,
8235,
8275,
8295,
8296,
8307,
8308,
8357,
8358,
8364,
8365,
8366,
8367,
8369,
8370,
8376,
8377,
8382,
8383,
8447,
8448,
8454,
8455,
8552,
8565,
8566,
8573,
8574,
8582,
8583,
8676,
8677,
8693,
8694,
8744,
8745,
8767,
8772,
8773,
8851,
8862,
8879,
8880,
8889,
8902,
8952,
8962,
8979,
8980,
9021,
9022,
9025,
9074,
9075,
9088,
9100,
9101,
9108,
9109,
9132,
9133,
9140,
9141,
9237,
9248,
9249,
9282,
9283,
9290,
9291,
9318,
9319,
9346,
9347,
9374,
9375,
9402,
9403,
9430,
9431,
9498,
9499,
9544,
9545,
9561,
9562,
9568,
9569,
9648,
9649,
9663,
9664,
9669,
9670,
9763,
9777,
9778,
9780,
9781,
9813,
9826,
9839,
9852,
9865,
9879,
9880,
9882,
9883,
9885,
9886,
9919,
9920,
9922,
9923,
9925,
9926,
9928,
9929,
9961,
9974,
9987,
10000,
10013,
10066,
10067,
10101,
10102,
10108,
10109,
10187,
10188,
10189,
10194,
10195,
10239,
10240,
10260,
10261,
10266,
10267,
10315,
10363,
10364,
10384,
10385,
10390,
10391,
10439,
10487,
10488,
10504,
10513,
10514,
10570,
10571,
10587,
10596,
10597,
10653,
10654,
10670,
10679,
10680,
10736,
10737,
10757,
10758,
10763,
10764,
10815,
10816,
10819,
10866,
10867,
10881,
10882,
10887,
10888,
10959,
10960,
10993,
10994,
10996,
10997,
11063,
11073,
11076,
11087,
11098,
11109,
11120,
11131,
11187,
11188,
11232,
11233,
11238,
11239,
11302,
11316,
11317,
11319,
11320,
11353,
11354,
11356,
11357,
11359,
11360,
11429,
11430,
11450,
11451,
11456,
11457,
11508,
11509,
11512,
11559,
11560,
11589,
11590,
11595,
11596,
11663,
11672,
11673,
11702,
11715,
11834,
11843,
11844,
11850,
11851,
11885,
11886,
11892,
11893,
11927,
11928,
11934,
11935,
11969,
11970,
11976,
11977,
12017,
12018,
12139,
12148,
12149,
12155,
12156,
12190,
12191,
12197,
12198,
12232,
12233,
12239,
12240,
12274,
12275,
12281,
12282,
12316,
12317,
12323,
12324,
12364,
12365,
12409,
12410,
12426,
12427,
12479,
12487,
12488,
12521,
12522,
12638,
12639,
12678,
12679,
12723,
12724,
12730,
12731,
12732,
12733,
12767,
12778,
12779,
12785,
12786,
12831,
12832,
12867,
12868,
12870,
12871,
12877,
12878,
12879,
12880,
12916,
12917,
12923,
12924,
12959,
12960,
12966,
12967,
13002,
13003,
13009,
13010,
13083,
13167,
13182,
13183,
13196,
13197,
13210,
13211,
13253,
13254,
13368,
13379,
13392,
13405,
13422,
13423,
13436,
13437,
13450,
13451,
13464,
13465,
13478,
13479,
13492,
13493,
13533,
13542,
13543,
13587,
13597,
13614,
13615,
13702,
13713,
13726,
13739,
13756,
13757,
13770,
13771,
13780,
13793,
13838,
13839,
13842,
13881,
13925,
13926,
13943,
13944,
13951,
13952,
14029,
14039,
14052,
14053,
14099,
14100,
14116,
14121,
14122,
14171,
14172,
14189,
14190,
14197,
14198,
14275,
14276,
14292,
14308,
14309,
14368,
14369,
14370,
14371,
14377,
14378,
14472,
14487,
14488,
14501,
14502,
14515,
14516,
14563,
14564,
14603,
14604,
14610,
14611,
14682,
14683,
14699,
14700,
14711,
14712,
14788,
14789,
14794,
14795,
14837,
14838,
14854,
14855,
14906,
14907,
14924,
14925,
14941,
14942,
14948,
14949,
14965,
14966,
15043,
15057,
15058,
15071,
15072,
15128,
15129,
15141,
15142,
15158,
15159,
15181,
15182,
15276,
15285,
15286,
15325,
15326,
15343,
15344,
15443,
15449,
15457,
15458,
15464,
15465,
15466,
15467,
15502,
15503,
15505,
15506,
15573,
15574,
15580,
15581,
15582,
15583,
15589,
15590,
15663,
15664,
15670,
15671,
15672,
15673,
15764,
15775,
15792,
15793,
15806,
15807,
15820,
15821,
15869,
15893,
15906,
15907,
15914,
15925,
15934,
15935,
15936,
15986,
15995,
15996,
15997,
16038,
16041,
16084,
16085,
16088,
16140,
16152,
16153,
16164,
16165,
16210,
16211,
16214,
16244,
16245,
16260,
16261,
16272,
16287,
16288,
16299,
16310,
16311,
16322,
16337,
16338,
16353,
16364,
16365,
16376,
16377,
16378,
16389,
16390,
16391,
16392,
16407,
16418,
16429,
16430,
16441,
16442,
16453,
16454,
16455,
16768,
16770,
16772,
16776,
16785,
16787,
16789,
16793,
16802,
16804,
16806,
16810,
16819,
16821,
16823,
16827,
16836,
16838,
16840,
16844,
16853,
16855,
16857,
16859,
16861,
16863,
16865,
16867,
16869,
16871,
16873,
16875,
16877,
16879,
16883,
16886,
16938,
16940,
16942,
16946,
16955,
16957,
16961,
16964,
17049,
17051,
17055,
17058,
17157,
17159,
17163,
17166,
17245,
17247,
17249,
17251,
17253,
17255,
17257,
17259,
17261,
17263,
17267,
17276,
17278,
17282,
17291,
17293,
17297,
17306,
17308,
17312,
17321,
17323,
17327,
17336,
17338,
17342,
17351,
17353,
17357,
17360,
17405,
17407,
17411,
17414,
17470,
17472,
17476,
17485,
17487,
17491,
17500,
17502,
17506,
17515,
17517,
17521,
17530,
17532,
17536,
17545,
17547,
17551,
17560,
17562,
17566,
17575,
17577,
17581,
17590,
17592,
17596,
17605,
17607,
17611,
17620,
17622,
17626,
17635,
17637,
17641,
17650,
17652,
17656,
17659,
17715,
17717,
17721,
17730,
17732,
17734,
17736,
17738,
17740,
17742,
17744,
17746,
17748,
17750,
17752,
17754,
17758,
17761,
17833,
17835,
17837,
17839,
17841,
17843,
17845,
17847,
17851,
17860,
17862,
17866,
17875,
17877,
17881,
17884,
17957,
17959,
17961,
17963,
17965,
17967,
17969,
17971,
17973,
17975,
17977,
17979,
17981,
17983,
17985,
17987,
17989,
17991,
17993,
17995,
17997,
17999,
18001,
18003,
18005,
18007,
18009,
18011,
18013,
18017,
18020,
18094,
18096,
18098,
18100,
18102,
18104,
18106,
18108,
18110,
18112,
18114,
18116,
18118,
18120,
18122,
18124,
18126,
18128,
18130,
18132,
18134,
18136,
18138,
18140,
18142,
18144,
18146,
18148,
18152,
18155,
],
'project:as3-commons/as3-commons-asblocks/src/main/actionscript/org/as3commons/asblocks/parser/antlr/asdoc/ASDocLexer.as':[
79,
219,
571,
575,
581,
583,
585,
587,
589,
591,
593,
595,
601,
603,
607,
613,
615,
619,
],
'project:as3-commons/as3-commons-asblocks/src/main/actionscript/org/as3commons/asblocks/parser/antlr/asdoc/ASDocParser.as':[
138,
139,
162,
163,
173,
174,
255,
256,
347,
361,
362,
376,
377,
398,
406,
417,
432,
494,
495,
504,
517,
530,
543,
556,
569,
633,
634,
643,
656,
669,
682,
695,
708,
721,
770,
771,
773,
774,
795,
796,
806,
807,
880,
881,
884,
924,
925,
931,
932,
1016,
1017,
1038,
1046,
1047,
1062,
1063,
1079,
1080,
1146,
1147,
1158,
1159,
1385,
1387,
1391,
1400,
1402,
1406,
1415,
1417,
1421,
1430,
1432,
1436,
1445,
1447,
1451,
1460,
1462,
1466,
1475,
1477,
1481,
1490,
1492,
1496,
1505,
1507,
1511,
1520,
1522,
1526,
1535,
1537,
1541,
1550,
1552,
1556,
1565,
1567,
1571,
1580,
1582,
1586,
1595,
1597,
1601,
1610,
1612,
1616,
1625,
1627,
1631,
1640,
1642,
1646,
1655,
1657,
1661,
1670,
1672,
1676,
1685,
1687,
1691,
1700,
1702,
1706,
1715,
1717,
1721,
1730,
1732,
1736,
1745,
1747,
1751,
1760,
1762,
1766,
1775,
1777,
1781,
1790,
1792,
1796,
1805,
1807,
1811,
1820,
1822,
1826,
1835,
1837,
1841,
1844,
1983,
1985,
1989,
1998,
2000,
2004,
2013,
2015,
2019,
2028,
2030,
2034,
2043,
2045,
2049,
2058,
2060,
2064,
2073,
2075,
2079,
2088,
2090,
2094,
2103,
2105,
2109,
2118,
2120,
2124,
2133,
2135,
2139,
2148,
2150,
2154,
2163,
2165,
2169,
2178,
2180,
2184,
2193,
2195,
2199,
2208,
2210,
2214,
2223,
2225,
2229,
2238,
2240,
2244,
2253,
2255,
2259,
2268,
2270,
2274,
2283,
2285,
2289,
2298,
2300,
2304,
2313,
2315,
2319,
2328,
2330,
2334,
2343,
2345,
2349,
2358,
2360,
2364,
2373,
2375,
2379,
2388,
2390,
2394,
2403,
2405,
2409,
2418,
2420,
2424,
2433,
2435,
2439,
2442,
],
'project:as3-commons/as3-commons-asblocks/src/main/actionscript/org/as3commons/asblocks/parser/antlr/e4x/E4XLexer.as':[
273,
943,
945,
947,
949,
951,
953,
955,
957,
959,
961,
963,
965,
971,
975,
981,
985,
],
'project:as3-commons/as3-commons-asblocks/src/main/actionscript/org/as3commons/asblocks/parser/antlr/e4x/E4XParser.as':[
741,
950,
],
'project:as3-commons/as3-commons-asblocks/src/main/actionscript/org/as3commons/asblocks/parser/antlr/regexsimple/RegexSimpleLexer.as':[
524,
526,
528,
530,
532,
538,
540,
542,
544,
546,
548,
],
'project:as3-commons/as3-commons-asblocks/src/main/actionscript/org/as3commons/asblocks/parser/antlr/regexsimple/RegexSimpleParser.as':[
241,
380,
],
'project:as3-commons/as3-commons-asblocks/src/test/actionscript/org/as3commons/asblocks/impl/CodeMirror.as':[
182,
],
'project:as3-commons/as3-commons-collections/src/main/actionscript/org/as3commons/collections/ArrayList.as':[
122,
133,
142,
],
'project:as3-commons/as3-commons-collections/src/main/actionscript/org/as3commons/collections/LinkedMap.as':[
140,
142,
145,
157,
159,
163,
173,
181,
190,
199,
211,
220,
247,
268,
300,
304,
320,
339,
355,
378,
383,
429,
],
'project:as3-commons/as3-commons-collections/src/main/actionscript/org/as3commons/collections/LinkedSet.as':[
131,
133,
136,
148,
150,
153,
164,
165,
195,
204,
216,
225,
265,
269,
281,
299,
323,
338,
343,
355,
],
'project:as3-commons/as3-commons-collections/src/main/actionscript/org/as3commons/collections/Map.as':[
110,
114,
128,
129,
133,
134,
170,
201,
206,
262,
265,
317,
],
'project:as3-commons/as3-commons-collections/src/main/actionscript/org/as3commons/collections/Set.as':[
101,
105,
128,
152,
156,
168,
],
'project:as3-commons/as3-commons-collections/src/main/actionscript/org/as3commons/collections/SortedList.as':[
135,
140,
154,
169,
189,
207,
212,
213,
223,
225,
228,
229,
239,
241,
243,
244,
254,
259,
282,
284,
287,
288,
298,
303,
336,
341,
346,
373,
379,
385,
],
'project:as3-commons/as3-commons-collections/src/main/actionscript/org/as3commons/collections/SortedMap.as':[
123,
131,
142,
154,
164,
173,
183,
186,
203,
206,
218,
244,
276,
280,
296,
315,
331,
395,
],
'project:as3-commons/as3-commons-collections/src/main/actionscript/org/as3commons/collections/SortedSet.as':[
116,
128,
138,
147,
157,
160,
179,
185,
201,
213,
217,
228,
246,
262,
],
'project:as3-commons/as3-commons-collections/src/main/actionscript/org/as3commons/collections/StringMap.as':[
92,
103,
104,
159,
202,
240,
],
'project:as3-commons/as3-commons-collections/src/main/actionscript/org/as3commons/collections/StringSet.as':[
92,
133,
144,
],
'project:as3-commons/as3-commons-collections/src/main/actionscript/org/as3commons/collections/Treap.as':[
125,
160,
169,
185,
193,
202,
212,
234,
243,
298,
299,
313,
314,
429,
450,
451,
452,
491,
],
'project:as3-commons/as3-commons-collections/src/main/actionscript/org/as3commons/collections/framework/core/AbstractLinkedCollection.as':[
55,
86,
95,
103,
111,
116,
127,
132,
171,
180,
234,
240,
262,
268,
284,
370,
376,
378,
380,
382,
385,
],
'project:as3-commons/as3-commons-collections/src/main/actionscript/org/as3commons/collections/framework/core/AbstractLinkedCollectionIterator.as':[
62,
110,
118,
],
'project:as3-commons/as3-commons-collections/src/main/actionscript/org/as3commons/collections/framework/core/AbstractLinkedDuplicatesCollection.as':[
33,
],
'project:as3-commons/as3-commons-collections/src/main/actionscript/org/as3commons/collections/framework/core/AbstractList.as':[
66,
83,
184,
196,
],
'project:as3-commons/as3-commons-collections/src/main/actionscript/org/as3commons/collections/framework/core/AbstractSortedCollection.as':[
67,
102,
110,
119,
129,
150,
152,
155,
156,
184,
192,
207,
235,
236,
250,
251,
338,
367,
387,
388,
389,
428,
460,
],
'project:as3-commons/as3-commons-collections/src/main/actionscript/org/as3commons/collections/framework/core/AbstractSortedCollectionIterator.as':[
65,
66,
114,
122,
],
'project:as3-commons/as3-commons-collections/src/main/actionscript/org/as3commons/collections/framework/core/AbstractSortedDuplicatesCollection.as':[
43,
47,
50,
51,
63,
68,
],
'project:as3-commons/as3-commons-collections/src/main/actionscript/org/as3commons/collections/framework/core/ArrayListIterator.as':[
89,
],
'project:as3-commons/as3-commons-collections/src/main/actionscript/org/as3commons/collections/framework/core/LinkedListIterator.as':[
89,
91,
],
'project:as3-commons/as3-commons-collections/src/main/actionscript/org/as3commons/collections/framework/core/LinkedMapIterator.as':[
45,
57,
59,
70,
73,
84,
],
'project:as3-commons/as3-commons-collections/src/main/actionscript/org/as3commons/collections/framework/core/LinkedSetIterator.as':[
45,
57,
59,
70,
73,
84,
89,
],
'project:as3-commons/as3-commons-collections/src/main/actionscript/org/as3commons/collections/framework/core/TreapIterator.as':[
68,
69,
147,
],
'project:as3-commons/as3-commons-collections/src/main/actionscript/org/as3commons/collections/fx/ArrayListFx.as':[
111,
127,
143,
159,
168,
205,
221,
237,
253,
269,
],
'project:as3-commons/as3-commons-collections/src/main/actionscript/org/as3commons/collections/fx/LinkedMapFx.as':[
143,
152,
240,
326,
327,
],
'project:as3-commons/as3-commons-collections/src/main/actionscript/org/as3commons/collections/fx/LinkedSetFx.as':[
119,
128,
196,
306,
308,
],
'project:as3-commons/as3-commons-collections/src/main/actionscript/org/as3commons/collections/fx/SetFx.as':[
103,
],
'project:as3-commons/as3-commons-collections/src/main/actionscript/org/as3commons/collections/fx/SortedListFx.as':[
97,
113,
129,
145,
165,
],
'project:as3-commons/as3-commons-collections/src/main/actionscript/org/as3commons/collections/fx/SortedMapFx.as':[
82,
182,
183,
],
'project:as3-commons/as3-commons-collections/src/main/actionscript/org/as3commons/collections/fx/SortedSetFx.as':[
94,
178,
179,
],
'project:as3-commons/as3-commons-collections/src/main/actionscript/org/as3commons/collections/fx/events/ListEvent.as':[
86,
],
'project:as3-commons/as3-commons-collections/src/main/actionscript/org/as3commons/collections/iterators/ArrayIterator.as':[
148,
151,
153,
],
'project:as3-commons/as3-commons-collections/src/main/actionscript/org/as3commons/collections/iterators/CollectionFilterIterator.as':[
109,
165,
208,
234,
245,
],
'project:as3-commons/as3-commons-collections/src/main/actionscript/org/as3commons/collections/iterators/FilterIterator.as':[
89,
106,
],
'project:as3-commons/as3-commons-collections/src/main/actionscript/org/as3commons/collections/iterators/MapFilterIterator.as':[
125,
],
'project:as3-commons/as3-commons-collections/src/main/actionscript/org/as3commons/collections/iterators/RecursiveFilterIterator.as':[
154,
184,
],
'project:as3-commons/as3-commons-collections/src/main/actionscript/org/as3commons/collections/iterators/RecursiveFilterIterator2.as':[
163,
177,
187,
191,
201,
],
'project:as3-commons/as3-commons-collections/src/main/actionscript/org/as3commons/collections/utils/ArrayUtils.as':[
36,
59,
104,
130,
192,
],
'project:as3-commons/as3-commons-collections/src/main/actionscript/org/as3commons/collections/utils/CollectionUtils.as':[
54,
],
'project:as3-commons/as3-commons-collections/src/main/actionscript/org/as3commons/collections/utils/LinkedLists.as':[
71,
78,
79,
105,
157,
],
'project:as3-commons/as3-commons-collections/src/main/actionscript/org/as3commons/collections/utils/Lists.as':[
112,
119,
120,
146,
198,
],
'project:as3-commons/as3-commons-collections/src/main/actionscript/org/as3commons/collections/utils/Maps.as':[
141,
149,
150,
151,
155,
158,
177,
182,
199,
203,
263,
318,
339,
356,
373,
],
'project:as3-commons/as3-commons-collections/src/main/actionscript/org/as3commons/collections/utils/NumericComparator.as':[
65,
66,
71,
72,
],
'project:as3-commons/as3-commons-collections/src/main/actionscript/org/as3commons/collections/utils/Sets.as':[
131,
138,
139,
141,
145,
163,
215,
252,
],
'project:as3-commons/as3-commons-collections/src/main/actionscript/org/as3commons/collections/utils/StringComparator.as':[
83,
84,
94,
95,
],
'project:as3-commons/as3-commons-collections/src/main/examples/ArrayListFxExample.as':[
83,
],
'project:as3-commons/as3-commons-collections/src/main/examples/ArrayListIteratorExample.as':[
124,
125,
126,
127,
139,
140,
141,
153,
154,
155,
],
'project:as3-commons/as3-commons-collections/src/main/examples/CollectionFilterIteratorExample.as':[
53,
54,
],
'project:as3-commons/as3-commons-collections/src/main/examples/CollectionIteratorExample.as':[
73,
74,
75,
],
'project:as3-commons/as3-commons-collections/src/main/examples/ComparatorImplementationExample.as':[
22,
23,
27,
28,
33,
],
'project:as3-commons/as3-commons-collections/src/main/examples/LinkedMapFxExample.as':[
70,
72,
79,
80,
87,
89,
97,
],
'project:as3-commons/as3-commons-collections/src/main/examples/LinkedSetFxExample.as':[
67,
69,
76,
77,
84,
86,
94,
],
'project:as3-commons/as3-commons-collections/src/main/examples/MapFxExample.as':[
67,
],
'project:as3-commons/as3-commons-collections/src/main/examples/MapsAddFromExample.as':[
52,
],
'project:as3-commons/as3-commons-collections/src/main/examples/MapsCloneExample.as':[
55,
],
'project:as3-commons/as3-commons-collections/src/main/examples/MapsCopyExample.as':[
93,
],
'project:as3-commons/as3-commons-collections/src/main/examples/RecursiveFilterIteratorExample.as':[
157,
],
'project:as3-commons/as3-commons-collections/src/main/examples/RecursiveIteratorExample.as':[
42,
],
'project:as3-commons/as3-commons-collections/src/main/examples/SetFxExample.as':[
54,
],
'project:as3-commons/as3-commons-collections/src/main/examples/SortedListFxExample.as':[
72,
],
'project:as3-commons/as3-commons-collections/src/main/examples/SortedMapFxExample.as':[
62,
64,
71,
72,
80,
],
'project:as3-commons/as3-commons-collections/src/main/examples/SortedSetExample.as':[
117,
],
'project:as3-commons/as3-commons-collections/src/main/examples/SortedSetFxExample.as':[
46,
48,
55,
56,
64,
],
'project:as3-commons/as3-commons-collections/src/test/actionscript/org/as3commons/collections/framework/core/LinkedMapIteratorTest.as':[
70,
],
'project:as3-commons/as3-commons-collections/src/test/actionscript/org/as3commons/collections/framework/core/LinkedSetIteratorTest.as':[
68,
],
'project:as3-commons/as3-commons-collections/src/test/actionscript/org/as3commons/collections/framework/core/SortedMapIteratorTest.as':[
71,
],
'project:as3-commons/as3-commons-collections/src/test/actionscript/org/as3commons/collections/framework/core/SortedSetIteratorTest.as':[
71,
],
'project:as3-commons/as3-commons-collections/src/test/actionscript/org/as3commons/collections/mocks/TreapMock.as':[
46,
],
'project:as3-commons/as3-commons-collections/src/test/actionscript/org/as3commons/collections/testhelpers/AbstractCollectionTestCase.as':[
79,
82,
87,
102,
108,
143,
153,
168,
174,
190,
],
'project:as3-commons/as3-commons-collections/src/test/actionscript/org/as3commons/collections/testhelpers/AbstractIteratorTestCase.as':[
90,
105,
],
'project:as3-commons/as3-commons-collections/src/test/actionscript/org/as3commons/collections/testhelpers/CollectionEventListener.as':[
87,
96,
99,
100,
102,
112,
114,
115,
123,
132,
],
'project:as3-commons/as3-commons-collections/src/test/actionscript/org/as3commons/collections/testhelpers/CollectionTest.as':[
20,
35,
45,
60,
],
'project:as3-commons/as3-commons-collections/src/test/actionscript/org/as3commons/collections/testhelpers/TestComparator.as':[
40,
43,
44,
51,
52,
69,
70,
88,
89,
91,
92,
],
'project:as3-commons/as3-commons-collections/src/test/actionscript/org/as3commons/collections/testhelpers/TestItems.as':[
105,
114,
123,
132,
],
'project:as3-commons/as3-commons-collections/src/test/actionscript/org/as3commons/collections/units/fx/IMapFxTests.as':[
148,
216,
],
'project:as3-commons/as3-commons-logging/src/main/actionscript/org/as3commons/logging/setup/LogSetupLevel.as':[
114,
115,
116,
117,
118,
],
'project:as3-commons/as3-commons-logging/src/main/actionscript/org/as3commons/logging/setup/MergedSetup.as':[
46,
],
'project:as3-commons/as3-commons-logging/src/main/actionscript/org/as3commons/logging/setup/target/ConditionalBuffer.as':[
149,
],
'project:as3-commons/as3-commons-logging/src/main/actionscript/org/as3commons/logging/setup/target/FatalBuffer.as':[
59,
],
'project:as3-commons/as3-commons-logging/src/main/actionscript/org/as3commons/logging/setup/target/FirebugTarget.as':[
136,
137,
138,
],
'project:as3-commons/as3-commons-serialization/src/main/actionscript/com/dynamicflash/util/Base64.as':[
119,
],
'project:as3-commons/as3-commons-serialization/src/main/actionscript/org/as3commons/serialization/xml/ConverterRegistery.as':[
53,
72,
],
'project:as3-commons/as3-commons-serialization/src/main/actionscript/org/as3commons/serialization/xml/converters/basic/ArrayConverter.as':[
31,
],
'project:as3-commons/as3-commons-serialization/src/main/actionscript/org/as3commons/serialization/xml/converters/basic/ReflectionConverter.as':[
74,
110,
132,
133,
188,
],
'project:as3-commons/as3-commons-serialization/src/main/actionscript/org/as3commons/serialization/xml/core/XMLToAS.as':[
70,
],
'project:as3-commons/as3-commons-serialization/src/main/actionscript/org/as3commons/serialization/xml/mapper/Mapper.as':[
31,
50,
],
'project:as3-commons/as3-commons-ui/src/main/actionscript/org/as3commons/ui/focus/FocusAdapter.as':[
74,
117,
174,
183,
],
'project:as3-commons/as3-commons-ui/src/main/actionscript/org/as3commons/ui/focus/FocusManager.as':[
84,
102,
103,
111,
],
'project:as3-commons/as3-commons-ui/src/main/actionscript/org/as3commons/ui/framework/uiservice/AbstractUIService.as':[
39,
44,
56,
68,
69,
71,
72,
84,
85,
87,
96,
],
'project:as3-commons/as3-commons-ui/src/main/actionscript/org/as3commons/ui/layer/PopUpManager.as':[
71,
130,
143,
145,
146,
159,
175,
204,
205,
214,
218,
219,
232,
244,
271,
280,
281,
292,
295,
301,
312,
315,
320,
],
'project:as3-commons/as3-commons-ui/src/main/actionscript/org/as3commons/ui/layer/ToolTipManager.as':[
56,
57,
79,
82,
93,
],
'project:as3-commons/as3-commons-ui/src/main/actionscript/org/as3commons/ui/layer/placement/AbstractPlacement.as':[
369,
379,
],
'project:as3-commons/as3-commons-ui/src/main/actionscript/org/as3commons/ui/layer/tooltip/ToolTipAdapter.as':[
264,
],
'project:as3-commons/as3-commons-ui/src/main/actionscript/org/as3commons/ui/layout/Display.as':[
77,
],
'project:as3-commons/as3-commons-ui/src/main/actionscript/org/as3commons/ui/layout/DynTable.as':[
85,
87,
99,
],
'project:as3-commons/as3-commons-ui/src/main/actionscript/org/as3commons/ui/layout/Table.as':[
85,
],
'project:as3-commons/as3-commons-ui/src/main/actionscript/org/as3commons/ui/layout/debugger/LayoutDebugger.as':[
58,
132,
137,
197,
205,
],
'project:as3-commons/as3-commons-ui/src/main/actionscript/org/as3commons/ui/layout/framework/core/AbstractLayout.as':[
101,
109,
203,
219,
228,
233,
250,
265,
299,
406,
428,
433,
445,
450,
473,
486,
488,
489,
490,
500,
501,
508,
],
'project:as3-commons/as3-commons-ui/src/main/actionscript/org/as3commons/ui/layout/framework/core/AbstractLayoutItem.as':[
264,
266,
273,
275,
393,
394,
395,
396,
397,
416,
],
'project:as3-commons/as3-commons-ui/src/main/actionscript/org/as3commons/ui/layout/framework/core/cell/AbstractCell.as':[
137,
138,
],
'project:as3-commons/as3-commons-ui/src/main/actionscript/org/as3commons/ui/layout/framework/core/cell/DisplayCell.as':[
53,
],
'project:as3-commons/as3-commons-ui/src/main/actionscript/org/as3commons/ui/layout/framework/core/config/CellConfigCollection.as':[
64,
78,
79,
83,
84,
85,
],
'project:as3-commons/as3-commons-ui/src/main/actionscript/org/as3commons/ui/layout/framework/core/config/CellConfigMerge.as':[
35,
37,
39,
40,
41,
42,
43,
44,
45,
46,
],
'project:as3-commons/as3-commons-ui/src/main/actionscript/org/as3commons/ui/layout/framework/core/parser/AbstractGroupLayoutParser.as':[
48,
],
'project:as3-commons/as3-commons-ui/src/main/actionscript/org/as3commons/ui/layout/framework/core/parser/AbstractMultilineLayoutParser.as':[
55,
],
'project:as3-commons/as3-commons-ui/src/main/actionscript/org/as3commons/ui/layout/framework/core/parser/DynTableParser.as':[
81,
86,
149,
154,
159,
168,
171,
178,
179,
197,
205,
211,
217,
224,
226,
286,
291,
292,
],
'project:as3-commons/as3-commons-ui/src/main/actionscript/org/as3commons/ui/layout/framework/core/parser/TableParser.as':[
68,
72,
78,
],
'project:as3-commons/as3-commons-ui/src/main/actionscript/org/as3commons/ui/layout/framework/core/row/AbstractRow.as':[
101,
105,
108,
134,
186,
187,
237,
],
'project:as3-commons/as3-commons-ui/src/main/actionscript/org/as3commons/ui/lifecycle/i10n/I10N.as':[
93,
123,
124,
126,
135,
136,
168,
171,
174,
203,
208,
238,
324,
352,
353,
357,
377,
431,
],
'project:as3-commons/as3-commons-ui/src/main/actionscript/org/as3commons/ui/lifecycle/i10n/I10NAdapter.as':[
44,
80,
82,
83,
85,
98,
127,
],
'project:as3-commons/as3-commons-ui/src/main/actionscript/org/as3commons/ui/lifecycle/lifecycle/LifeCycleView.as':[
28,
],
'project:as3-commons/as3-commons-ui/src/main/actionscript/org/as3commons/ui/lifecycle/lifecycle/core/LifeCycleI10NAdapter.as':[
78,
97,
],
'project:as3-commons/as3-commons-ui/src/test/actionscript/StageProxy.as':[
30,
],
'project:as3-commons/as3-commons-ui/src/test/actionscript/org/as3commons/ui/lifecycle/i10n/testhelper/TestI10NAdapter.as':[
73,
77,
83,
90,
],
'project:as3-commons/as3-commons-ui/src/test/actionscript/org/as3commons/ui/lifecycle/i10n/tests/I10NAdapterTest.as':[
166,
168,
169,
170,
196,
198,
199,
200,
201,
202,
320,
321,
],
'project:as3-commons/as3-commons-ui/src/test/actionscript/org/as3commons/ui/lifecycle/lifecycle/testhelper/TestLifeCycleAdapter.as':[
89,
92,
100,
103,
111,
114,
119,
126,
],
'project:as3-commons/as3-commons-ui/src/test/actionscript/org/as3commons/ui/lifecycle/lifecycle/tests/LifeCycleAdapterTest.as':[
710,
],
}
