{
'project:spring-actionscript/spring-actionscript-samples/cafe-townsend-metadata-config/src/main/actionscript/org/springextensions/actionscript/samples/cafetownsend/presentation/EmployeeLoginPresentationModel.as':[
22,
],
}
