{
'project:as3-commons/as3-commons-aop/src/main/actionscript/org/as3commons/aop/factory/impl/AOPProxyFactory.as':[
45,
],
'project:as3-commons/as3-commons-aop/src/main/actionscript/org/as3commons/aop/intercept/invocation/impl/ConstructorInvocationWithInterceptors.as':[
30,
],
'project:as3-commons/as3-commons-aop/src/main/actionscript/org/as3commons/aop/intercept/invocation/impl/MethodInvocationWithInterceptors.as':[
33,
],
'project:as3-commons/as3-commons-aop/src/main/actionscript/org/as3commons/aop/intercept/invocation/impl/SetterInvocationWithInterceptors.as':[
37,
],
'project:as3-commons/as3-commons-asblocks/src/main/actionscript/org/as3commons/asblocks/dom/Visibility.as':[
68,
],
'project:as3-commons/as3-commons-async-flex/src/main/actionscript/org/as3commons/async/rpc/AbstractRPC.as':[
41,
],
'project:as3-commons/as3-commons-async/src/main/actionscript/org/as3commons/async/command/impl/GenericOperationCommand.as':[
60,
],
'project:as3-commons/as3-commons-async/src/main/actionscript/org/as3commons/async/operation/impl/NetConnectionOperation.as':[
81,
],
'project:as3-commons/as3-commons-bytecode/src/main/actionscript/org/as3commons/bytecode/abc/MultinameG.as':[
23,
],
'project:as3-commons/as3-commons-bytecode/src/main/actionscript/org/as3commons/bytecode/abc/NamespaceSet.as':[
30,
],
'project:as3-commons/as3-commons-bytecode/src/main/actionscript/org/as3commons/bytecode/abc/Op.as':[
32,
],
'project:as3-commons/as3-commons-bytecode/src/main/actionscript/org/as3commons/bytecode/abc/enum/Opcode.as':[
263,
],
'project:as3-commons/as3-commons-bytecode/src/main/actionscript/org/as3commons/bytecode/emit/impl/BaseTypeBuilder.as':[
69,
70,
72,
],
'project:as3-commons/as3-commons-bytecode/src/main/actionscript/org/as3commons/bytecode/emit/impl/ClassBuilder.as':[
56,
57,
],
'project:as3-commons/as3-commons-bytecode/src/main/actionscript/org/as3commons/bytecode/emit/impl/InterfaceBuilder.as':[
40,
],
'project:as3-commons/as3-commons-bytecode/src/main/actionscript/org/as3commons/bytecode/emit/impl/PackageBuilder.as':[
49,
50,
51,
],
'project:as3-commons/as3-commons-bytecode/src/main/actionscript/org/as3commons/bytecode/interception/impl/BasicMethodInvocation.as':[
30,
],
'project:as3-commons/as3-commons-bytecode/src/main/actionscript/org/as3commons/bytecode/interception/impl/BasicMethodInvocationInterceptor.as':[
28,
],
'project:as3-commons/as3-commons-bytecode/src/main/actionscript/org/as3commons/bytecode/proxy/event/ProxyCreationEvent.as':[
31,
],
'project:as3-commons/as3-commons-bytecode/src/main/actionscript/org/as3commons/bytecode/proxy/event/ProxyFactoryEvent.as':[
36,
],
'project:as3-commons/as3-commons-bytecode/src/main/actionscript/org/as3commons/bytecode/proxy/impl/ClassProxyInfo.as':[
62,
64,
],
'project:as3-commons/as3-commons-bytecode/src/main/actionscript/org/as3commons/bytecode/reflect/ByteCodeTypeCache.as':[
37,
],
'project:as3-commons/as3-commons-bytecode/src/main/actionscript/org/as3commons/bytecode/swf/SWFFile.as':[
36,
],
'project:as3-commons/as3-commons-bytecode/src/main/actionscript/org/as3commons/bytecode/tags/struct/ShapeWithStyle.as':[
20,
21,
24,
],
'project:as3-commons/as3-commons-bytecode/src/test/actionscript/org/as3commons/bytecode/testclasses/Flavour.as':[
29,
],
'project:as3-commons/as3-commons-collections/src/main/actionscript/org/as3commons/collections/framework/core/AbstractList.as':[
31,
],
'project:as3-commons/as3-commons-collections/src/main/actionscript/org/as3commons/collections/fx/events/CollectionEvent.as':[
240,
],
'project:as3-commons/as3-commons-collections/src/main/actionscript/org/as3commons/collections/iterators/ArrayIterator.as':[
35,
],
'project:as3-commons/as3-commons-collections/src/main/actionscript/org/as3commons/collections/iterators/RecursiveFilterIterator.as':[
102,
],
'project:as3-commons/as3-commons-collections/src/main/actionscript/org/as3commons/collections/iterators/RecursiveFilterIterator2.as':[
111,
],
'project:as3-commons/as3-commons-collections/src/main/actionscript/org/as3commons/collections/iterators/RecursiveIterator.as':[
62,
],
'project:as3-commons/as3-commons-collections/src/main/examples/DumpAsStringExample.as':[
43,
],
'project:as3-commons/as3-commons-collections/src/main/examples/RecursiveFilterIteratorExample.as':[
169,
],
'project:as3-commons/as3-commons-collections/src/main/examples/RecursiveIteratorExample.as':[
54,
],
'project:as3-commons/as3-commons-collections/src/test/actionscript/org/as3commons/collections/testhelpers/CollectionEventListener.as':[
32,
33,
],
'project:as3-commons/as3-commons-lang/src/main/actionscript/org/as3commons/lang/HashArray.as':[
41,
],
'project:as3-commons/as3-commons-lang/src/main/actionscript/org/as3commons/lang/StringBuffer.as':[
23,
],
'project:as3-commons/as3-commons-logging/src/main/actionscript/org/as3commons/logging/integration/MateIntegration.as':[
53,
],
'project:as3-commons/as3-commons-logging/src/main/actionscript/org/as3commons/logging/setup/target/AbstractClassicTarget.as':[
14,
],
'project:as3-commons/as3-commons-logging/src/main/actionscript/org/as3commons/logging/setup/target/FirebugTarget.as':[
90,
],
'project:as3-commons/as3-commons-logging/src/main/actionscript/org/as3commons/logging/setup/target/LSHttpTarget.as':[
50,
],
'project:as3-commons/as3-commons-logging/src/test/actionscript/org/as3commons/logging/api/LoggerTest.as':[
241,
],
'project:as3-commons/as3-commons-logging/src/test/actionscript/org/as3commons/logging/integration/SpiceLibIntegrationTest.as':[
141,
210,
],
'project:as3-commons/as3-commons-logging/src/test/actionscript/org/as3commons/logging/setup/HierarchicalSetupTest.as':[
188,
],
'project:as3-commons/as3-commons-logging/src/test/actionscript/org/as3commons/logging/setup/target/AirTargetTest.as':[
27,
],
'project:as3-commons/as3-commons-logging/src/test/actionscript/org/as3commons/logging/setup/target/FrameBufferTest.as':[
21,
],
'project:as3-commons/as3-commons-logging/src/test/actionscript/org/as3commons/logging/util/xml/XMLTargetTest.as':[
429,
],
'project:as3-commons/as3-commons-reflect/src/main/actionscript/org/as3commons/reflect/Metadata.as':[
90,
],
'project:as3-commons/as3-commons-reflect/src/main/actionscript/org/as3commons/reflect/Method.as':[
152,
],
'project:as3-commons/as3-commons-reflect/src/main/actionscript/org/as3commons/reflect/MethodInvoker.as':[
47,
],
'project:as3-commons/as3-commons-reflect/src/main/actionscript/org/as3commons/reflect/Type.as':[
404,
414,
452,
506,
530,
554,
578,
599,
],
'project:as3-commons/as3-commons-reflect/src/test/actionscript/org/as3commons/reflect/testclasses/ComplexerClass.as':[
31,
],
'project:as3-commons/as3-commons-rpc/src/main/actionscript/org/as3commons/rpc/impl/AsyncOperationToken.as':[
47,
],
'project:as3-commons/as3-commons-rpc/src/main/actionscript/org/as3commons/rpc/utils/deferExec.as':[
36,
],
'project:as3-commons/as3-commons-stageprocessing/src/main/actionscript/org/as3commons/stageprocessing/impl/selector/NameBasedObjectSelector.as':[
39,
],
'project:as3-commons/as3-commons-ui/src/main/actionscript/org/as3commons/ui/layout/framework/core/parser/TableParser.as':[
39,
44,
],
'project:as3-commons/as3-commons-ui/src/test/actionscript/org/as3commons/ui/lifecycle/i10n/testhelper/I10NCallbackWatcher.as':[
10,
11,
12,
],
'project:as3-commons/as3-commons-ui/src/test/actionscript/org/as3commons/ui/lifecycle/lifecycle/testhelper/LifeCycleCallbackWatcher.as':[
11,
12,
13,
15,
17,
18,
],
'project:as3-commons/as3-commons-zip/src/main/actionscript/org/as3commons/zip/Zip.as':[
110,
],
'project:spring-actionscript/spring-actionscript-core/src/main/actionscript/org/springextensions/actionscript/ioc/config/impl/xml/XMLObjectDefinitionsProvider.as':[
78,
],
'project:spring-actionscript/spring-actionscript-core/src/main/actionscript/org/springextensions/actionscript/ioc/factory/event/ObjectFactoryEvent.as':[
42,
],
'project:spring-actionscript/spring-actionscript-core/src/main/actionscript/org/springextensions/actionscript/ioc/factory/impl/MethodInvokingFactoryObject.as':[
138,
],
'project:spring-actionscript/spring-actionscript-core/src/main/actionscript/org/springextensions/actionscript/ioc/objectdefinition/impl/MethodInvocation.as':[
40,
],
'project:spring-actionscript/spring-actionscript-core/src/main/actionscript/org/springextensions/actionscript/ioc/objectdefinition/impl/ObjectDefinition.as':[
84,
],
'project:spring-actionscript/spring-actionscript-core/src/main/actionscript/org/springextensions/actionscript/util/MultilineString.as':[
46,
],
'project:spring-actionscript/spring-actionscript-core/src/test/actionscript/org/springextensions/actionscript/test/testtypes/Person.as':[
35,
37,
38,
],
'project:spring-actionscript/spring-actionscript-flex/src/main/actionscript/org/springextensions/actionscript/context/impl/mxml/MXMLApplicationContext.as':[
71,
],
'project:spring-actionscript/spring-actionscript-flex/src/main/actionscript/org/springextensions/actionscript/context/impl/mxml/xml/FlexXMLApplicationContext.as':[
44,
],
'project:spring-actionscript/spring-actionscript-flex/src/main/actionscript/org/springextensions/actionscript/ioc/config/impl/mxml/component/MXMLObjectDefinition.as':[
143,
147,
],
'project:spring-actionscript/spring-actionscript-flex/src/main/actionscript/org/springextensions/actionscript/ioc/config/impl/mxml/component/MethodInvocation.as':[
41,
],
'project:spring-actionscript/spring-actionscript-flex/src/main/actionscript/org/springextensions/actionscript/ioc/config/impl/mxml/custom/bootstrap/Bootstrap.as':[
42,
],
'project:spring-actionscript/spring-actionscript-flex/src/main/actionscript/org/springextensions/actionscript/ioc/config/impl/mxml/custom/eventbus/AbstractEventBusComponent.as':[
37,
],
}
