{
'project:as3-commons/as3-commons-asblocks/src/test/actionscript/org/as3commons/asblocks/impl/Suite_asblocks_impl.as':[
7,
],
'project:as3-commons/as3-commons-asblocks/src/test/actionscript/org/as3commons/asblocks/impl/Test_ASTASArrayAccessExpression.as':[
29,
],
'project:as3-commons/as3-commons-asblocks/src/test/actionscript/org/as3commons/asblocks/impl/Test_ASTASAssignmentExpression.as':[
11,
],
'project:as3-commons/as3-commons-asblocks/src/test/actionscript/org/as3commons/asblocks/impl/Test_ASTASBinaryExpression.as':[
11,
],
'project:as3-commons/as3-commons-asblocks/src/test/actionscript/org/as3commons/asblocks/impl/Test_ASTASClassType.as':[
21,
],
'project:as3-commons/as3-commons-asblocks/src/test/actionscript/org/as3commons/asblocks/impl/Test_ASTASConditionalExpression.as':[
16,
],
'project:as3-commons/as3-commons-asblocks/src/test/actionscript/org/as3commons/asblocks/impl/Test_ASTASConfigStatement.as':[
14,
],
'project:as3-commons/as3-commons-asblocks/src/test/actionscript/org/as3commons/asblocks/impl/Test_ASTASFieldAccessExpression.as':[
12,
],
'project:as3-commons/as3-commons-asblocks/src/test/actionscript/org/as3commons/asblocks/impl/Test_ASTASFunctionExpression.as':[
15,
],
'project:as3-commons/as3-commons-asblocks/src/test/actionscript/org/as3commons/asblocks/impl/Test_ASTASFunctionType.as':[
11,
],
'project:as3-commons/as3-commons-asblocks/src/test/actionscript/org/as3commons/asblocks/impl/Test_ASTASInterfaceType.as':[
12,
],
'project:as3-commons/as3-commons-asblocks/src/test/actionscript/org/as3commons/asblocks/impl/Test_ASTASInvocationExpression.as':[
15,
],
'project:as3-commons/as3-commons-asblocks/src/test/actionscript/org/as3commons/asblocks/impl/Test_ASTASLiteral.as':[
45,
],
'project:as3-commons/as3-commons-asblocks/src/test/actionscript/org/as3commons/asblocks/impl/Test_ASTASMethod.as':[
19,
],
'project:as3-commons/as3-commons-asblocks/src/test/actionscript/org/as3commons/asblocks/impl/Test_ASTASNamespaceType.as':[
11,
],
'project:as3-commons/as3-commons-asblocks/src/test/actionscript/org/as3commons/asblocks/impl/Test_ASTASPackage.as':[
16,
],
'project:as3-commons/as3-commons-asblocks/src/test/actionscript/org/as3commons/asblocks/impl/Test_ASTASPostfixExpression.as':[
12,
],
'project:as3-commons/as3-commons-asblocks/src/test/actionscript/org/as3commons/asblocks/impl/Test_ASTASPrefixExpression.as':[
14,
],
'project:as3-commons/as3-commons-asblocks/src/test/actionscript/org/as3commons/asblocks/impl/Test_ASTASProject.as':[
29,
],
'project:as3-commons/as3-commons-asblocks/src/test/actionscript/org/as3commons/asblocks/impl/Test_ASTMetaTag.as':[
17,
],
'project:as3-commons/as3-commons-asblocks/src/test/actionscript/org/as3commons/asblocks/impl/Test_ASTStatementList.as':[
53,
],
'project:as3-commons/as3-commons-asblocks/src/test/actionscript/org/as3commons/asblocks/impl/Test_BasicUnit.as':[
20,
],
'project:as3-commons/as3-commons-asblocks/src/test/actionscript/org/as3commons/asblocks/impl/Test_DocComment.as':[
21,
],
'project:as3-commons/as3-commons-asblocks/src/test/actionscript/org/as3commons/asblocks/parser/antlr/Test_AST.as':[
30,
],
'project:as3-commons/as3-commons-asblocks/src/test/actionscript/org/as3commons/asblocks/parser/antlr/Test_BasicListUpdateDelegate.as':[
29,
],
'project:as3-commons/as3-commons-asblocks/src/test/actionscript/org/as3commons/asblocks/parser/antlr/Test_LinkedListToken.as':[
25,
],
'project:as3-commons/as3-commons-asblocks/src/test/actionscript/org/as3commons/asblocks/parser/antlr/Test_LinkedListTokenStream.as':[
12,
],
'project:as3-commons/as3-commons-asblocks/src/test/actionscript/org/as3commons/asblocks/parser/antlr/as3/Suite_asblocks_parser_antlr_as3.as':[
6,
],
'project:as3-commons/as3-commons-asblocks/src/test/actionscript/org/as3commons/asblocks/parser/antlr/as3/TestAS3Parser_CompilationUnit.as':[
28,
],
'project:as3-commons/as3-commons-asblocks/src/test/actionscript/org/as3commons/asblocks/parser/antlr/as3/TestAS3Parser_Function.as':[
4,
],
'project:as3-commons/as3-commons-asblocks/src/test/actionscript/org/as3commons/asblocks/parser/antlr/as3/TestAS3Parser_Proto.as':[
14,
],
'project:as3-commons/as3-commons-asblocks/src/test/actionscript/org/as3commons/asblocks/parser/antlr/as3/TestAS3Parser_Statements.as':[
13,
],
'project:as3-commons/as3-commons-asblocks/src/test/actionscript/org/as3commons/asblocks/parser/antlr/as3/Test_AS3ParserModes.as':[
12,
],
'project:as3-commons/as3-commons-asblocks/src/test/actionscript/org/as3commons/asblocks/parser/antlr/as3/Test_Annotations.as':[
3,
],
'project:as3-commons/as3-commons-asblocks/src/test/actionscript/org/as3commons/asblocks/parser/antlr/as3/Test_Expression.as':[
10,
],
'project:as3-commons/as3-commons-asblocks/src/test/actionscript/org/as3commons/asblocks/parser/antlr/as3/Test_Package.as':[
4,
],
'project:as3-commons/as3-commons-asblocks/src/test/actionscript/org/as3commons/asblocks/parser/antlr/as3/Test_PrimaryExpression.as':[
7,
],
'project:as3-commons/as3-commons-asblocks/src/test/actionscript/org/as3commons/asblocks/parser/antlr/as3/Test_TypeExpression.as':[
7,
],
}
