{
'project:as3-commons/as3-commons-async/src/main/actionscript/org/as3commons/async/task/impl/Task.as':[
260,
],
'project:as3-commons/as3-commons-bytecode/src/main/actionscript/org/as3commons/bytecode/abc/AbcFile.as':[
152,
],
'project:as3-commons/as3-commons-bytecode/src/main/actionscript/org/as3commons/bytecode/abc/SlotOrConstantTrait.as':[
84,
],
'project:as3-commons/as3-commons-bytecode/src/main/actionscript/org/as3commons/bytecode/emit/impl/ClassBuilder.as':[
256,
],
'project:as3-commons/as3-commons-bytecode/src/main/actionscript/org/as3commons/bytecode/emit/impl/CtorBuilder.as':[
56,
],
'project:as3-commons/as3-commons-bytecode/src/main/actionscript/org/as3commons/bytecode/emit/impl/InterfaceBuilder.as':[
75,
78,
],
'project:as3-commons/as3-commons-bytecode/src/main/actionscript/org/as3commons/bytecode/emit/impl/MethodArgument.as':[
85,
],
'project:as3-commons/as3-commons-bytecode/src/main/actionscript/org/as3commons/bytecode/emit/impl/MethodBuilder.as':[
251,
],
'project:as3-commons/as3-commons-bytecode/src/main/actionscript/org/as3commons/bytecode/emit/impl/PropertyBuilder.as':[
169,
],
'project:as3-commons/as3-commons-bytecode/src/main/actionscript/org/as3commons/bytecode/emit/util/BuildUtil.as':[
55,
],
'project:as3-commons/as3-commons-bytecode/src/main/actionscript/org/as3commons/bytecode/proxy/impl/ProxyFactory.as':[
294,
445,
445,
611,
611,
],
'project:as3-commons/as3-commons-bytecode/src/main/actionscript/org/as3commons/bytecode/reflect/ByteCodeType.as':[
178,
],
'project:as3-commons/as3-commons-bytecode/src/main/actionscript/org/as3commons/bytecode/reflect/ClassMetadataDeserializer.as':[
64,
73,
],
'project:as3-commons/as3-commons-bytecode/src/main/actionscript/org/as3commons/bytecode/reflect/ReflectionDeserializer.as':[
219,
241,
],
'project:as3-commons/as3-commons-bytecode/src/main/actionscript/org/as3commons/bytecode/typeinfo/Argument.as':[
60,
],
'project:as3-commons/as3-commons-bytecode/src/main/actionscript/org/as3commons/bytecode/util/OpcodeIO.as':[
100,
229,
],
'project:as3-commons/as3-commons-bytecode/src/main/actionscript/org/as3commons/bytecode/util/StringLookup.as':[
40,
],
'project:as3-commons/as3-commons-bytecode/src/test/actionscript/org/as3commons/bytecode/testclasses/interceptors/OptionalArgInterceptorImpl.as':[
16,
],
'project:as3-commons/as3-commons-collections/src/test/actionscript/org/as3commons/collections/iterators/RecursiveFilterIterator2Test.as':[
117,
121,
125,
129,
],
'project:as3-commons/as3-commons-collections/src/test/actionscript/org/as3commons/collections/iterators/RecursiveFilterIteratorTest.as':[
116,
120,
124,
128,
],
'project:as3-commons/as3-commons-eventbus/src/main/actionscript/org/as3commons/eventbus/impl/EventBus.as':[
466,
],
'project:as3-commons/as3-commons-eventbus/src/main/actionscript/org/as3commons/eventbus/impl/SimpleEventBus.as':[
201,
],
'project:as3-commons/as3-commons-lang/src/main/actionscript/org/as3commons/lang/builder/EqualsBuilder.as':[
77,
124,
128,
],
'project:as3-commons/as3-commons-stageprocessing/src/main/actionscript/org/as3commons/stageprocessing/impl/FlashStageObjectProcessorRegistry.as':[
554,
],
'project:spring-actionscript/spring-actionscript-core/src/main/actionscript/org/springextensions/actionscript/eventbus/EventBusShareKind.as':[
67,
],
'project:spring-actionscript/spring-actionscript-core/src/main/actionscript/org/springextensions/actionscript/ioc/autowire/impl/DefaultAutowireProcessor.as':[
445,
468,
],
'project:spring-actionscript/spring-actionscript-core/src/main/actionscript/org/springextensions/actionscript/ioc/config/impl/xml/namespacehandler/impl/stageprocessing/nodeparser/StageProcessorNodeParser.as':[
56,
],
'project:spring-actionscript/spring-actionscript-core/src/main/actionscript/org/springextensions/actionscript/ioc/config/impl/xml/preprocess/impl/PropertyImportPreprocessor.as':[
90,
],
'project:spring-actionscript/spring-actionscript-core/src/main/actionscript/org/springextensions/actionscript/ioc/config/impl/xml/preprocess/impl/ScopeAttributePreprocessor.as':[
60,
],
'project:spring-actionscript/spring-actionscript-core/src/main/actionscript/org/springextensions/actionscript/ioc/impl/DefaultDependencyInjector.as':[
471,
],
'project:spring-actionscript/spring-actionscript-core/src/main/actionscript/org/springextensions/actionscript/metadata/MetadataProcessorObjectFactoryPostProcessor.as':[
57,
],
'project:spring-actionscript/spring-actionscript-core/src/main/actionscript/org/springextensions/actionscript/stage/PopupAndTooltipWireManager.as':[
197,
],
'project:spring-actionscript/spring-actionscript-core/src/test/actionscript/org/springextensions/actionscript/test/testtypes/Person.as':[
92,
],
}
