{
'project:as3-commons/as3-commons-collections/src/main/examples/ArrayListIteratorExample.as':[
42,
],
'project:as3-commons/as3-commons-ui/src/main/actionscript/org/as3commons/ui/layer/popup/DefaultModalOverlay.as':[
18,
],
'project:as3-commons/as3-commons-ui/src/main/actionscript/org/as3commons/ui/layout/debugger/LayoutDebugger.as':[
154,
162,
170,
],
'project:as3-commons/as3-commons-ui/src/test/actionscript/org/as3commons/ui/layout/testhelper/TestBox.as':[
14,
],
}
