{
'project:as3-commons/as3-commons-asblocks/src/main/actionscript/org/as3commons/asblocks/impl/FileProxy.as':[
8,
],
'project:as3-commons/as3-commons-asblocks/src/main/actionscript/org/as3commons/asblocks/impl/FileUtil.as':[
112,
118,
128,
129,
137,
],
'project:as3-commons/as3-commons-asblocks/src/test/actionscript/org/as3commons/asblocks/impl/Test_ASTStatementList.as':[
694,
],
'project:as3-commons/as3-commons-async-flex/src/main/actionscript/org/as3commons/async/operation/impl/LoadResourceBundleOperation.as':[
83,
],
'project:as3-commons/as3-commons-async-flex/src/main/actionscript/org/as3commons/async/operation/impl/LoadStyleModuleOperation.as':[
42,
],
'project:as3-commons/as3-commons-async/src/main/actionscript/org/as3commons/async/operation/impl/OperationHandlerData.as':[
26,
],
'project:as3-commons/as3-commons-async/src/main/actionscript/org/as3commons/async/task/impl/IfElseBlock.as':[
43,
],
'project:as3-commons/as3-commons-async/src/main/actionscript/org/as3commons/async/task/impl/Task.as':[
67,
],
'project:as3-commons/as3-commons-async/src/test/actionscript/org/as3commons/async/command/GenericOperationCommandTest.as':[
53,
],
'project:as3-commons/as3-commons-async/src/test/actionscript/org/as3commons/async/operation/OperationHandlerTest.as':[
51,
67,
69,
83,
84,
86,
],
'project:as3-commons/as3-commons-async/src/test/actionscript/org/as3commons/async/task/command/FunctionCommandTest.as':[
27,
],
'project:as3-commons/as3-commons-async/src/test/actionscript/org/as3commons/async/task/command/FunctionProxyCommandTest.as':[
27,
],
'project:as3-commons/as3-commons-bytecode/src/main/actionscript/org/as3commons/bytecode/abc/SimpleConstantPool.as':[
38,
],
'project:as3-commons/as3-commons-bytecode/src/main/actionscript/org/as3commons/bytecode/emit/impl/MethodArgument.as':[
30,
],
'project:as3-commons/as3-commons-bytecode/src/main/actionscript/org/as3commons/bytecode/interception/impl/BasicMethodInvocation.as':[
26,
],
'project:as3-commons/as3-commons-bytecode/src/main/actionscript/org/as3commons/bytecode/proxy/event/ProxyCreationEvent.as':[
29,
],
'project:as3-commons/as3-commons-bytecode/src/main/actionscript/org/as3commons/bytecode/reflect/ByteCodeTypeCache.as':[
35,
36,
],
'project:as3-commons/as3-commons-bytecode/src/main/actionscript/org/as3commons/bytecode/reflect/ReflectionDeserializer.as':[
287,
],
'project:as3-commons/as3-commons-bytecode/src/main/actionscript/org/as3commons/bytecode/util/StringLookup.as':[
22,
],
'project:as3-commons/as3-commons-bytecode/src/test/actionscript/org/as3commons/bytecode/emit/impl/AbcBuilderTest.as':[
75,
89,
112,
130,
155,
157,
170,
196,
283,
308,
339,
362,
385,
403,
425,
443,
491,
516,
],
'project:as3-commons/as3-commons-bytecode/src/test/actionscript/org/as3commons/bytecode/reflect/ClassMetaDataDeserializerTest.as':[
43,
],
'project:as3-commons/as3-commons-bytecode/src/test/actionscript/org/as3commons/bytecode/testclasses/EventDispatcherExImpl.as':[
25,
],
'project:as3-commons/as3-commons-collections/src/main/actionscript/org/as3commons/collections/LinkedMap.as':[
93,
],
'project:as3-commons/as3-commons-collections/src/main/actionscript/org/as3commons/collections/LinkedSet.as':[
85,
],
'project:as3-commons/as3-commons-collections/src/main/actionscript/org/as3commons/collections/Map.as':[
85,
],
'project:as3-commons/as3-commons-collections/src/main/actionscript/org/as3commons/collections/Set.as':[
77,
],
'project:as3-commons/as3-commons-collections/src/main/actionscript/org/as3commons/collections/SortedMap.as':[
100,
],
'project:as3-commons/as3-commons-collections/src/main/actionscript/org/as3commons/collections/SortedSet.as':[
91,
],
'project:as3-commons/as3-commons-collections/src/main/actionscript/org/as3commons/collections/StringMap.as':[
70,
],
'project:as3-commons/as3-commons-collections/src/main/actionscript/org/as3commons/collections/StringSet.as':[
70,
],
'project:as3-commons/as3-commons-collections/src/main/actionscript/org/as3commons/collections/utils/Args.as':[
42,
],
'project:as3-commons/as3-commons-collections/src/main/examples/MapsAddFromExample.as':[
15,
],
'project:as3-commons/as3-commons-collections/src/test/actionscript/org/as3commons/collections/testhelpers/TestItems.as':[
25,
28,
31,
34,
37,
40,
43,
46,
49,
52,
55,
],
'project:as3-commons/as3-commons-collections/src/test/actionscript/org/as3commons/collections/utils/MapsTest.as':[
27,
28,
66,
67,
105,
106,
401,
427,
500,
527,
554,
],
'project:as3-commons/as3-commons-eventbus/src/main/actionscript/org/as3commons/eventbus/impl/EventBus.as':[
57,
58,
59,
],
'project:as3-commons/as3-commons-eventbus/src/main/actionscript/org/as3commons/eventbus/impl/EventListenerLimiter.as':[
31,
],
'project:as3-commons/as3-commons-eventbus/src/main/actionscript/org/as3commons/eventbus/impl/SimpleEventBus.as':[
42,
44,
],
'project:as3-commons/as3-commons-lang/src/main/actionscript/org/as3commons/lang/ClassUtils.as':[
56,
296,
],
'project:as3-commons/as3-commons-lang/src/main/actionscript/org/as3commons/lang/Enum.as':[
71,
85,
99,
170,
196,
232,
240,
348,
354,
],
'project:as3-commons/as3-commons-lang/src/main/actionscript/org/as3commons/lang/HashArray.as':[
24,
43,
],
'project:as3-commons/as3-commons-lang/src/main/actionscript/org/as3commons/lang/ObjectIterator.as':[
32,
62,
67,
],
'project:as3-commons/as3-commons-lang/src/main/actionscript/org/as3commons/lang/ObjectUtils.as':[
249,
],
'project:as3-commons/as3-commons-lang/src/main/actionscript/org/as3commons/lang/builder/ToStringBuilder.as':[
28,
],
'project:as3-commons/as3-commons-lang/src/test/actionscript/org/as3commons/lang/ArrayUtilsTest.as':[
41,
42,
43,
44,
64,
65,
66,
67,
109,
110,
111,
139,
140,
141,
197,
237,
238,
239,
268,
269,
270,
287,
288,
289,
],
'project:as3-commons/as3-commons-lang/src/test/actionscript/org/as3commons/lang/DictionaryUtilsTest.as':[
36,
49,
50,
],
'project:as3-commons/as3-commons-lang/src/test/actionscript/org/as3commons/lang/HashArrayTest.as':[
46,
49,
57,
60,
68,
77,
78,
89,
90,
],
'project:as3-commons/as3-commons-lang/src/test/actionscript/org/as3commons/lang/ObjectUtilsTest.as':[
58,
66,
67,
],
'project:as3-commons/as3-commons-lang/src/test/actionscript/org/as3commons/lang/StringUtilsTest.as':[
811,
],
'project:as3-commons/as3-commons-lang/src/test/actionscript/org/as3commons/lang/builder/ToStringBuilderTest.as':[
30,
],
'project:as3-commons/as3-commons-logging/src/main/actionscript/org/as3commons/logging/api/LoggerFactory.as':[
77,
141,
142,
],
'project:as3-commons/as3-commons-logging/src/main/actionscript/org/as3commons/logging/integration/ASAPIntegration.as':[
68,
],
'project:as3-commons/as3-commons-logging/src/main/actionscript/org/as3commons/logging/integration/Log5FIntegration.as':[
77,
],
'project:as3-commons/as3-commons-logging/src/main/actionscript/org/as3commons/logging/integration/MaashaackIntegration.as':[
50,
],
'project:as3-commons/as3-commons-logging/src/main/actionscript/org/as3commons/logging/integration/MateIntegration.as':[
51,
],
'project:as3-commons/as3-commons-logging/src/main/actionscript/org/as3commons/logging/integration/OSMFIntegration.as':[
48,
],
'project:as3-commons/as3-commons-logging/src/main/actionscript/org/as3commons/logging/integration/PushButtonIntegration.as':[
53,
],
'project:as3-commons/as3-commons-logging/src/main/actionscript/org/as3commons/logging/integration/SpiceLibIntegration.as':[
46,
],
'project:as3-commons/as3-commons-logging/src/main/actionscript/org/as3commons/logging/integration/SwizIntegration.as':[
52,
],
'project:as3-commons/as3-commons-logging/src/main/actionscript/org/as3commons/logging/setup/HierarchicalSetup.as':[
118,
],
'project:as3-commons/as3-commons-logging/src/main/actionscript/org/as3commons/logging/setup/log4j/Log4JStyleSetup.as':[
198,
212,
223,
233,
319,
338,
377,
420,
],
'project:as3-commons/as3-commons-logging/src/main/actionscript/org/as3commons/logging/setup/log4j/log4jPropertiesToSetup.as':[
47,
61,
85,
],
'project:as3-commons/as3-commons-logging/src/main/actionscript/org/as3commons/logging/setup/target/AbstractClassicTarget.as':[
15,
],
'project:as3-commons/as3-commons-logging/src/main/actionscript/org/as3commons/logging/setup/target/AlconTarget.as':[
54,
],
'project:as3-commons/as3-commons-logging/src/main/actionscript/org/as3commons/logging/setup/target/ArthropodTarget.as':[
48,
64,
],
'project:as3-commons/as3-commons-logging/src/main/actionscript/org/as3commons/logging/setup/target/DConsoleTarget.as':[
61,
],
'project:as3-commons/as3-commons-logging/src/main/actionscript/org/as3commons/logging/setup/target/FirebugTarget.as':[
92,
93,
],
'project:as3-commons/as3-commons-logging/src/main/actionscript/org/as3commons/logging/setup/target/FlexLogTarget.as':[
43,
44,
],
'project:as3-commons/as3-commons-logging/src/main/actionscript/org/as3commons/logging/setup/target/LSHttpTarget.as':[
55,
89,
],
'project:as3-commons/as3-commons-logging/src/main/actionscript/org/as3commons/logging/setup/target/Log5FTarget.as':[
56,
],
'project:as3-commons/as3-commons-logging/src/main/actionscript/org/as3commons/logging/setup/target/MaashaackTarget.as':[
104,
105,
106,
],
'project:as3-commons/as3-commons-logging/src/main/actionscript/org/as3commons/logging/setup/target/MonsterDebugger3Target.as':[
50,
60,
],
'project:as3-commons/as3-commons-logging/src/main/actionscript/org/as3commons/logging/setup/target/MonsterDebuggerTarget.as':[
49,
59,
],
'project:as3-commons/as3-commons-logging/src/main/actionscript/org/as3commons/logging/setup/target/OSMFTarget.as':[
49,
],
'project:as3-commons/as3-commons-logging/src/main/actionscript/org/as3commons/logging/setup/target/SpiceLibTarget.as':[
49,
],
'project:as3-commons/as3-commons-logging/src/main/actionscript/org/as3commons/logging/setup/target/TrazzleTarget.as':[
50,
],
'project:as3-commons/as3-commons-logging/src/main/actionscript/org/as3commons/logging/simple/aTrace.as':[
60,
],
'project:as3-commons/as3-commons-logging/src/main/actionscript/org/as3commons/logging/util/LEVEL_NAMES.as':[
36,
],
'project:as3-commons/as3-commons-logging/src/main/actionscript/org/as3commons/logging/util/LogMessageFormatter.as':[
119,
164,
],
'project:as3-commons/as3-commons-logging/src/main/actionscript/org/as3commons/logging/util/allProperties.as':[
79,
81,
],
'project:as3-commons/as3-commons-logging/src/main/actionscript/org/as3commons/logging/util/clone.as':[
107,
],
'project:as3-commons/as3-commons-logging/src/main/actionscript/org/as3commons/logging/util/extractPaths.as':[
10,
11,
18,
],
'project:as3-commons/as3-commons-logging/src/main/actionscript/org/as3commons/logging/util/jsonXify.as':[
75,
],
'project:as3-commons/as3-commons-logging/src/main/actionscript/org/as3commons/logging/util/objectify.as':[
42,
106,
118,
],
'project:as3-commons/as3-commons-logging/src/main/actionscript/org/as3commons/logging/util/objectifyLimited.as':[
28,
],
'project:as3-commons/as3-commons-logging/src/main/actionscript/org/as3commons/logging/util/regExpFromString.as':[
39,
],
'project:as3-commons/as3-commons-logging/src/test/actionscript/LSTest.as':[
30,
],
'project:as3-commons/as3-commons-logging/src/test/actionscript/org/as3commons/logging/api/LoggerTest.as':[
154,
170,
186,
202,
218,
],
'project:as3-commons/as3-commons-logging/src/test/actionscript/org/as3commons/logging/integration/OSMFIntegrationTest.as':[
77,
],
'project:as3-commons/as3-commons-logging/src/test/actionscript/org/as3commons/logging/integration/SpiceLibIntegrationTest.as':[
122,
],
'project:as3-commons/as3-commons-logging/src/test/actionscript/org/as3commons/logging/setup/LogSetupTest.as':[
74,
],
'project:as3-commons/as3-commons-logging/src/test/actionscript/org/as3commons/logging/setup/target/AirTargetTest.as':[
61,
],
'project:as3-commons/as3-commons-logging/src/test/actionscript/org/as3commons/logging/simple/SimpleLoggingTest.as':[
27,
],
'project:as3-commons/as3-commons-logging/src/test/actionscript/org/as3commons/logging/util/ByteArrayCopyTest.as':[
28,
],
'project:as3-commons/as3-commons-logging/src/test/actionscript/org/as3commons/logging/util/JsonXifyTest.as':[
22,
],
'project:as3-commons/as3-commons-logging/src/test/actionscript/org/as3commons/logging/util/xml/XMLRuleTest.as':[
21,
],
'project:as3-commons/as3-commons-logging/src/test/actionscript/org/as3commons/logging/util/xml/XMLTargetTest.as':[
10,
],
'project:as3-commons/as3-commons-metadata/src/main/actionscript/org/as3commons/metadata/registry/impl/AbstractMetadataProcessorRegistry.as':[
36,
],
'project:as3-commons/as3-commons-metadata/src/test/actionscript/org/as3commons/metadata/process/impl/GenericMetadataProcessorTest.as':[
45,
57,
69,
79,
91,
],
'project:as3-commons/as3-commons-reflect/src/main/actionscript/org/as3commons/reflect/AbstractMember.as':[
45,
],
'project:as3-commons/as3-commons-reflect/src/main/actionscript/org/as3commons/reflect/BaseParameter.as':[
39,
],
'project:as3-commons/as3-commons-reflect/src/main/actionscript/org/as3commons/reflect/JSONTypeProvider.as':[
41,
42,
155,
174,
189,
207,
208,
236,
],
'project:as3-commons/as3-commons-reflect/src/main/actionscript/org/as3commons/reflect/Metadata.as':[
34,
],
'project:as3-commons/as3-commons-reflect/src/main/actionscript/org/as3commons/reflect/MetadataArgument.as':[
32,
],
'project:as3-commons/as3-commons-reflect/src/main/actionscript/org/as3commons/reflect/MetadataUtils.as':[
51,
],
'project:as3-commons/as3-commons-reflect/src/main/actionscript/org/as3commons/reflect/Type.as':[
709,
],
'project:as3-commons/as3-commons-reflect/src/main/actionscript/org/as3commons/reflect/TypeCache.as':[
85,
94,
112,
126,
135,
],
'project:as3-commons/as3-commons-reflect/src/test/actionscript/org/as3commons/reflect/MethodInvokerTest.as':[
88,
99,
],
'project:as3-commons/as3-commons-rpc/src/main/actionscript/org/as3commons/rpc/impl/RemotingService.as':[
123,
],
'project:as3-commons/as3-commons-serialization/src/main/actionscript/org/as3commons/serialization/xml/XMLConverter.as':[
101,
],
'project:as3-commons/as3-commons-serialization/src/main/actionscript/org/as3commons/serialization/xml/converters/basic/ReflectionConverter.as':[
57,
78,
114,
135,
],
'project:as3-commons/as3-commons-serialization/src/main/actionscript/org/as3commons/serialization/xml/core/ASToXML.as':[
73,
],
'project:as3-commons/as3-commons-serialization/src/main/actionscript/org/as3commons/serialization/xml/core/XMLToAS.as':[
54,
],
'project:as3-commons/as3-commons-ui/src/main/actionscript/org/as3commons/ui/layout/CellConfig.as':[
70,
],
'project:as3-commons/as3-commons-ui/src/main/actionscript/org/as3commons/ui/layout/framework/core/config/CellConfigCollection.as':[
40,
100,
],
'project:as3-commons/as3-commons-ui/src/main/actionscript/org/as3commons/ui/lifecycle/i10n/I10NAdapter.as':[
27,
54,
87,
],
'project:as3-commons/as3-commons-ui/src/test/actionscript/org/as3commons/ui/lifecycle/i10n/testhelper/TestI10NAdapter.as':[
18,
],
'project:as3-commons/as3-commons-ui/src/test/actionscript/org/as3commons/ui/lifecycle/lifecycle/testhelper/TestLifeCycleAdapter.as':[
22,
],
'project:as3-commons/as3-commons-zip/src/main/actionscript/org/as3commons/zip/ZipLibrary.as':[
96,
97,
],
'project:spring-actionscript/spring-actionscript-core/src/main/actionscript/org/springextensions/actionscript/context/impl/ApplicationContext.as':[
714,
],
'project:spring-actionscript/spring-actionscript-core/src/main/actionscript/org/springextensions/actionscript/eventbus/EventBusShareKind.as':[
27,
],
'project:spring-actionscript/spring-actionscript-core/src/main/actionscript/org/springextensions/actionscript/eventbus/impl/ClassEntry.as':[
27,
],
'project:spring-actionscript/spring-actionscript-core/src/main/actionscript/org/springextensions/actionscript/eventbus/impl/EventBusRegistryEntry.as':[
29,
],
'project:spring-actionscript/spring-actionscript-core/src/main/actionscript/org/springextensions/actionscript/eventbus/impl/EventTypeEntry.as':[
27,
],
'project:spring-actionscript/spring-actionscript-core/src/main/actionscript/org/springextensions/actionscript/eventbus/process/EventHandlerMetadataDestroyer.as':[
49,
],
'project:spring-actionscript/spring-actionscript-core/src/main/actionscript/org/springextensions/actionscript/eventbus/process/EventHandlerMetadataProcessor.as':[
150,
],
'project:spring-actionscript/spring-actionscript-core/src/main/actionscript/org/springextensions/actionscript/eventbus/process/EventInterceptorMetadataDestroyer.as':[
53,
],
'project:spring-actionscript/spring-actionscript-core/src/main/actionscript/org/springextensions/actionscript/eventbus/process/EventInterceptorMetadataProcessor.as':[
65,
],
'project:spring-actionscript/spring-actionscript-core/src/main/actionscript/org/springextensions/actionscript/ioc/autowire/impl/AutowireError.as':[
63,
],
'project:spring-actionscript/spring-actionscript-core/src/main/actionscript/org/springextensions/actionscript/ioc/autowire/impl/DefaultAutowireProcessor.as':[
267,
],
'project:spring-actionscript/spring-actionscript-core/src/main/actionscript/org/springextensions/actionscript/ioc/config/impl/AbstractObjectDefinitionsProvider.as':[
35,
],
'project:spring-actionscript/spring-actionscript-core/src/main/actionscript/org/springextensions/actionscript/ioc/config/impl/metadata/MetadataObjectDefinitionsProvider.as':[
84,
325,
],
'project:spring-actionscript/spring-actionscript-core/src/main/actionscript/org/springextensions/actionscript/ioc/config/impl/xml/namespacehandler/impl/AbstractNamespaceHandler.as':[
36,
],
'project:spring-actionscript/spring-actionscript-core/src/main/actionscript/org/springextensions/actionscript/ioc/config/impl/xml/parser/impl/XMLObjectDefinitionsParser.as':[
128,
129,
131,
],
'project:spring-actionscript/spring-actionscript-core/src/main/actionscript/org/springextensions/actionscript/ioc/config/property/impl/Properties.as':[
43,
],
'project:spring-actionscript/spring-actionscript-core/src/main/actionscript/org/springextensions/actionscript/ioc/event/WireEvent.as':[
29,
],
'project:spring-actionscript/spring-actionscript-core/src/main/actionscript/org/springextensions/actionscript/ioc/factory/impl/DefaultInstanceCache.as':[
65,
69,
],
'project:spring-actionscript/spring-actionscript-core/src/main/actionscript/org/springextensions/actionscript/ioc/factory/impl/DefaultObjectFactory.as':[
579,
],
'project:spring-actionscript/spring-actionscript-core/src/main/actionscript/org/springextensions/actionscript/ioc/factory/impl/referenceresolver/DictionaryReferenceResolver.as':[
65,
66,
],
'project:spring-actionscript/spring-actionscript-core/src/main/actionscript/org/springextensions/actionscript/ioc/factory/process/impl/factory/FactoryObjectFactoryPostProcessor.as':[
85,
],
'project:spring-actionscript/spring-actionscript-core/src/main/actionscript/org/springextensions/actionscript/ioc/impl/DefaultDependencyInjector.as':[
73,
159,
],
'project:spring-actionscript/spring-actionscript-core/src/main/actionscript/org/springextensions/actionscript/ioc/impl/DefaultLazyDependencyManager.as':[
52,
73,
82,
109,
],
'project:spring-actionscript/spring-actionscript-core/src/main/actionscript/org/springextensions/actionscript/ioc/impl/LazyDependencyCheckResult.as':[
26,
],
'project:spring-actionscript/spring-actionscript-core/src/main/actionscript/org/springextensions/actionscript/ioc/objectdefinition/impl/DefaultObjectDefinitionRegistry.as':[
76,
84,
],
'project:spring-actionscript/spring-actionscript-core/src/main/actionscript/org/springextensions/actionscript/ioc/objectdefinition/impl/ObjectDefinition.as':[
89,
93,
],
'project:spring-actionscript/spring-actionscript-core/src/main/actionscript/org/springextensions/actionscript/stage/GenericStageProcessor.as':[
42,
],
'project:spring-actionscript/spring-actionscript-core/src/main/actionscript/org/springextensions/actionscript/stage/PopupAndTooltipWireManager.as':[
54,
56,
57,
86,
128,
138,
140,
],
'project:spring-actionscript/spring-actionscript-core/src/main/actionscript/org/springextensions/actionscript/util/Environment.as':[
108,
],
'project:spring-actionscript/spring-actionscript-core/src/test/actionscript/integration/eventbus/EventBusUserRegistryIntegrationTest.as':[
60,
69,
],
'project:spring-actionscript/spring-actionscript-core/src/test/actionscript/integration/objectfactory/ObjectFactoryIntegrationTest.as':[
166,
204,
],
'project:spring-actionscript/spring-actionscript-core/src/test/actionscript/integration/xmlapplicationcontext/XMLApplicationContextTest.as':[
47,
],
'project:spring-actionscript/spring-actionscript-core/src/test/actionscript/org/springextensions/actionscript/context/impl/DefaultApplicationContextInitializerTest.as':[
72,
100,
134,
],
'project:spring-actionscript/spring-actionscript-core/src/test/actionscript/org/springextensions/actionscript/eventbus/impl/DefaultEventBusUserRegistryTest.as':[
86,
115,
130,
148,
149,
180,
207,
221,
238,
239,
281,
308,
335,
363,
378,
396,
397,
428,
455,
469,
486,
487,
518,
546,
],
'project:spring-actionscript/spring-actionscript-core/src/test/actionscript/org/springextensions/actionscript/ioc/config/impl/xml/namespacehandler/impl/util/customconfiguration/FactoryObjectCustomConfiguratorTest.as':[
40,
],
'project:spring-actionscript/spring-actionscript-core/src/test/actionscript/org/springextensions/actionscript/ioc/config/impl/xml/parser/impl/XmlObjectDefinitionsParserTest.as':[
173,
191,
214,
234,
257,
271,
280,
288,
296,
319,
365,
406,
440,
474,
526,
555,
583,
597,
],
'project:spring-actionscript/spring-actionscript-core/src/test/actionscript/org/springextensions/actionscript/ioc/config/impl/xml/parser/impl/nodeparser/ObjectNodeParserTest.as':[
45,
63,
],
'project:spring-actionscript/spring-actionscript-core/src/test/actionscript/org/springextensions/actionscript/ioc/factory/impl/DefaultInstanceCacheTest.as':[
53,
67,
68,
69,
101,
102,
113,
123,
145,
169,
171,
233,
241,
252,
],
'project:spring-actionscript/spring-actionscript-core/src/test/actionscript/org/springextensions/actionscript/ioc/factory/impl/referenceresolver/ObjectReferenceResolverTest.as':[
51,
63,
64,
77,
],
'project:spring-actionscript/spring-actionscript-core/src/test/actionscript/org/springextensions/actionscript/ioc/factory/impl/referenceresolver/ReferenceResolverTestBase.as':[
38,
],
'project:spring-actionscript/spring-actionscript-core/src/test/actionscript/org/springextensions/actionscript/ioc/factory/impl/referenceresolver/ThisReferenceResolverTest.as':[
42,
83,
92,
],
'project:spring-actionscript/spring-actionscript-core/src/test/actionscript/org/springextensions/actionscript/ioc/impl/DefaultDependencyInjectorTest.as':[
122,
],
'project:spring-actionscript/spring-actionscript-core/src/test/actionscript/org/springextensions/actionscript/test/testtypes/Person.as':[
36,
39,
],
'project:spring-actionscript/spring-actionscript-core/src/test/actionscript/org/springextensions/actionscript/test/testtypes/TestInjectionClass.as':[
41,
],
'project:spring-actionscript/spring-actionscript-core/src/test/actionscript/org/springextensions/actionscript/util/ContextUtilsTest.as':[
38,
51,
],
'project:spring-actionscript/spring-actionscript-flex/src/main/actionscript/org/springextensions/actionscript/context/impl/mxml/MXMLApplicationContextBase.as':[
69,
],
'project:spring-actionscript/spring-actionscript-flex/src/main/actionscript/org/springextensions/actionscript/ioc/config/impl/mxml/component/AbstractMXMLObject.as':[
41,
],
'project:spring-actionscript/spring-actionscript-flex/src/main/actionscript/org/springextensions/actionscript/ioc/config/impl/mxml/component/MXMLObjectDefinition.as':[
154,
165,
],
'project:spring-actionscript/spring-actionscript-flex/src/main/actionscript/org/springextensions/actionscript/ioc/config/impl/mxml/custom/AbstractCustomObjectDefinitionComponent.as':[
39,
],
'project:spring-actionscript/spring-actionscript-flex/src/main/actionscript/org/springextensions/actionscript/ioc/config/impl/mxml/custom/bootstrap/BootstrapItemBase.as':[
34,
],
'project:spring-actionscript/spring-actionscript-flex/src/main/actionscript/org/springextensions/actionscript/ioc/config/impl/mxml/custom/bootstrap/customconfiguration/BootstrapCustomConfigurator.as':[
57,
],
'project:spring-actionscript/spring-actionscript-flex/src/main/actionscript/org/springextensions/actionscript/ioc/config/impl/mxml/custom/eventbus/EventHandlerMethod.as':[
47,
],
'project:spring-actionscript/spring-actionscript-flex/src/main/actionscript/org/springextensions/actionscript/ioc/config/impl/mxml/custom/eventbus/EventRouterConfiguration.as':[
57,
],
'project:spring-actionscript/spring-actionscript-flex/src/main/actionscript/org/springextensions/actionscript/ioc/config/impl/mxml/custom/eventbus/InterceptionConfiguration.as':[
51,
],
'project:spring-actionscript/spring-actionscript-flex/src/main/actionscript/org/springextensions/actionscript/ioc/config/impl/mxml/custom/stage/StageAutowireProcessor.as':[
47,
],
'project:spring-actionscript/spring-actionscript-flex/src/main/actionscript/org/springextensions/actionscript/ioc/config/impl/mxml/custom/stage/StageObjectProcessor.as':[
43,
59,
],
'project:spring-actionscript/spring-actionscript-flex/src/main/actionscript/org/springextensions/actionscript/ioc/factory/process/impl/ApplicationPropertiesObjectFactoryPostProcessor.as':[
138,
],
'project:spring-actionscript/spring-actionscript-flex/src/main/actionscript/org/springextensions/actionscript/localization/LocalizationStageProcessor.as':[
150,
],
'project:spring-actionscript/spring-actionscript-flex/src/test/actionscript/org/springextensions/actionscript/ioc/config/impl/mxml/custom/stage/StageAutowireProcessorTest.as':[
46,
58,
],
'project:spring-actionscript/spring-actionscript-mvc/src/main/actionscript/org/springextensions/actionscript/mvc/event/ControllerEvent.as':[
36,
],
'project:spring-actionscript/spring-actionscript-mvc/src/main/actionscript/org/springextensions/actionscript/mvc/event/MVCEvent.as':[
34,
],
'project:spring-actionscript/spring-actionscript-mvc/src/main/actionscript/org/springextensions/actionscript/mvc/impl/Controller.as':[
61,
262,
],
}
