{
'project:as3-commons/as3-commons-asblocks/src/main/actionscript/org/as3commons/asblocks/impl/DocumentationUtils.as':[
90,
],
'project:as3-commons/as3-commons-bytecode/src/main/actionscript/org/as3commons/bytecode/io/AbcDeserializer.as':[
245,
],
'project:as3-commons/as3-commons-logging/src/main/actionscript/org/as3commons/logging/integration/Log5FIntegration.as':[
123,
],
'project:spring-actionscript/spring-actionscript-core/src/main/actionscript/org/springextensions/actionscript/eventbus/process/EventHandlerProxy.as':[
136,
],
'project:spring-actionscript/spring-actionscript-core/src/main/actionscript/org/springextensions/actionscript/ioc/config/impl/metadata/util/MetadataConfigUtils.as':[
172,
177,
192,
],
}
