{
'project:as3-commons/as3-commons-aop/src/examples/shared/org/as3commons/aop/advice/AssertNotNullSetterAdvice.as':[
8,
],
'project:as3-commons/as3-commons-aop/src/examples/shared/org/as3commons/aop/advice/TraceConstructorAfterAdvice.as':[
6,
],
'project:as3-commons/as3-commons-aop/src/examples/shared/org/as3commons/aop/advice/TraceConstructorAroundAdvice.as':[
7,
],
'project:as3-commons/as3-commons-aop/src/examples/shared/org/as3commons/aop/advice/TraceConstructorBeforeAdvice.as':[
7,
],
'project:as3-commons/as3-commons-aop/src/examples/shared/org/as3commons/aop/advice/TraceGetterAfterAdvice.as':[
7,
],
'project:as3-commons/as3-commons-aop/src/examples/shared/org/as3commons/aop/advice/TraceGetterAroundAdvice.as':[
7,
],
'project:as3-commons/as3-commons-aop/src/examples/shared/org/as3commons/aop/advice/TraceGetterBeforeAdvice.as':[
6,
],
'project:as3-commons/as3-commons-aop/src/examples/shared/org/as3commons/aop/advice/TraceMethodAfterAdvice.as':[
7,
],
'project:as3-commons/as3-commons-aop/src/examples/shared/org/as3commons/aop/advice/TraceMethodAroundAdvice.as':[
7,
],
'project:as3-commons/as3-commons-aop/src/examples/shared/org/as3commons/aop/advice/TraceMethodBeforeAdvice.as':[
7,
],
'project:as3-commons/as3-commons-aop/src/examples/shared/org/as3commons/aop/advice/TraceMethodThrowingAdvice.as':[
7,
],
'project:as3-commons/as3-commons-aop/src/examples/shared/org/as3commons/aop/advice/TraceSetterAfterAdvice.as':[
6,
],
'project:as3-commons/as3-commons-aop/src/examples/shared/org/as3commons/aop/advice/TraceSetterAroundAdvice.as':[
7,
],
'project:as3-commons/as3-commons-aop/src/examples/shared/org/as3commons/aop/advice/TraceSetterBeforeAdvice.as':[
6,
],
'project:as3-commons/as3-commons-aop/src/examples/shared/org/as3commons/aop/intercept/AppendUnderscoreToStringSetterInterceptor.as':[
6,
],
'project:as3-commons/as3-commons-aop/src/examples/shared/org/as3commons/aop/intercept/StringToUpperCaseConstructorInterceptor.as':[
12,
],
'project:as3-commons/as3-commons-aop/src/examples/shared/org/as3commons/aop/intercept/StringToUppercaseGetterInterceptor.as':[
7,
],
'project:as3-commons/as3-commons-aop/src/examples/shared/org/as3commons/aop/intercept/StringToUppercaseSetterInterceptor.as':[
6,
],
'project:as3-commons/as3-commons-aop/src/examples/shared/org/as3commons/aop/intercept/TraceMethodInterceptor.as':[
6,
],
'project:as3-commons/as3-commons-aop/src/main/actionscript/org/as3commons/aop/advice/util/AdviceUtil.as':[
76,
],
'project:as3-commons/as3-commons-aop/src/main/actionscript/org/as3commons/aop/advisor/util/AdvisorUtil.as':[
79,
],
'project:as3-commons/as3-commons-aop/src/main/actionscript/org/as3commons/aop/factory/util/ProxyFactoryUtil.as':[
96,
],
'project:as3-commons/as3-commons-aop/src/main/actionscript/org/as3commons/aop/intercept/factory/impl/InterceptorChainFactory.as':[
43,
],
'project:as3-commons/as3-commons-aop/src/main/actionscript/org/as3commons/aop/intercept/util/InterceptorUtil.as':[
48,
],
'project:as3-commons/as3-commons-aop/src/main/actionscript/org/as3commons/aop/pointcut/impl/AlwaysMatchingPointcut.as':[
32,
],
'project:as3-commons/as3-commons-aop/src/main/actionscript/org/as3commons/aop/pointcut/impl/regexp/RegExpAccessorPointcut.as':[
34,
],
'project:as3-commons/as3-commons-aop/src/main/actionscript/org/as3commons/aop/pointcut/impl/regexp/RegExpConstructorPointcut.as':[
34,
],
'project:as3-commons/as3-commons-aop/src/main/actionscript/org/as3commons/aop/pointcut/impl/regexp/RegExpMethodPointcut.as':[
34,
],
'project:as3-commons/as3-commons-aop/src/test/actionscript/org/as3commons/aop/advice/util/AdviceUtilTest.as':[
26,
],
'project:as3-commons/as3-commons-aop/src/test/actionscript/org/as3commons/aop/advisor/impl/AlwaysMatchingPointcutAdvisorTest.as':[
26,
],
'project:as3-commons/as3-commons-aop/src/test/actionscript/org/as3commons/aop/advisor/impl/PointcutAdvisorTest.as':[
23,
],
'project:as3-commons/as3-commons-aop/src/test/actionscript/org/as3commons/aop/factory/AOPProxyFactoryTest.as':[
29,
],
'project:as3-commons/as3-commons-aop/src/test/actionscript/org/as3commons/aop/pointcut/impl/AlwaysMatchingPointcutTest.as':[
25,
],
'project:as3-commons/as3-commons-aop/src/test/actionscript/org/as3commons/aop/pointcut/impl/binary/AbstractBinaryPointcutTest.as':[
24,
77,
],
'project:as3-commons/as3-commons-aop/src/test/actionscript/org/as3commons/aop/pointcut/impl/binary/AndPointcutTest.as':[
24,
65,
],
'project:as3-commons/as3-commons-aop/src/test/actionscript/org/as3commons/aop/pointcut/impl/binary/OrPointcutTest.as':[
24,
65,
],
'project:as3-commons/as3-commons-aop/src/test/actionscript/org/as3commons/aop/pointcut/impl/name/NameMatcherTest.as':[
27,
],
'project:as3-commons/as3-commons-aop/src/test/actionscript/org/as3commons/aop/pointcut/impl/name/NameRegistryTest.as':[
27,
],
'project:as3-commons/as3-commons-aop/src/test/actionscript/org/as3commons/aop/pointcut/impl/regexp/RegExpMethodPointcutTest.as':[
23,
],
'project:as3-commons/as3-commons-asblocks/src/main/actionscript/org/as3commons/asblocks/ASFactory.as':[
105,
],
'project:as3-commons/as3-commons-asblocks/src/main/actionscript/org/as3commons/asblocks/impl/ASTASDeclaration.as':[
40,
54,
68,
],
'project:as3-commons/as3-commons-asblocks/src/main/actionscript/org/as3commons/asblocks/impl/ASTASImportStatement.as':[
40,
],
'project:as3-commons/as3-commons-asblocks/src/main/actionscript/org/as3commons/asblocks/impl/ASTASIncludeStatement.as':[
39,
],
'project:as3-commons/as3-commons-asblocks/src/main/actionscript/org/as3commons/asblocks/impl/ASTASParameter.as':[
58,
],
'project:as3-commons/as3-commons-asblocks/src/main/actionscript/org/as3commons/asblocks/impl/ASTASParser.as':[
32,
],
'project:as3-commons/as3-commons-asblocks/src/main/actionscript/org/as3commons/asblocks/impl/ASTASSimpleNameExpression.as':[
38,
],
'project:as3-commons/as3-commons-asblocks/src/main/actionscript/org/as3commons/asblocks/impl/ASTASSwitchCase.as':[
44,
],
'project:as3-commons/as3-commons-asblocks/src/main/actionscript/org/as3commons/asblocks/impl/ParentheticUpdateFactory.as':[
16,
],
'project:as3-commons/as3-commons-asblocks/src/main/actionscript/org/as3commons/asblocks/parser/antlr/BasicUpdateFactory.as':[
8,
],
'project:as3-commons/as3-commons-asblocks/src/main/actionscript/org/as3commons/asblocks/parser/antlr/LinkedListTokenSource.as':[
42,
],
'project:as3-commons/as3-commons-asblocks/src/test/actionscript/org/as3commons/asblocks/impl/Test_ASTASMethod.as':[
323,
],
'project:as3-commons/as3-commons-asblocks/src/test/actionscript/org/as3commons/asblocks/impl/Test_ASTASNamespaceType.as':[
64,
],
'project:as3-commons/as3-commons-asblocks/src/test/actionscript/org/as3commons/asblocks/parser/antlr/as3/TestAS3ParserBase.as':[
23,
28,
33,
],
'project:as3-commons/as3-commons-asblocks/src/test/actionscript/org/as3commons/asblocks/parser/antlr/as3/TestAS3Parser_CompilationUnit.as':[
438,
444,
450,
589,
595,
],
'project:as3-commons/as3-commons-asblocks/src/test/actionscript/org/as3commons/asblocks/parser/antlr/as3/TestAS3Parser_Function.as':[
8,
],
'project:as3-commons/as3-commons-asblocks/src/test/actionscript/org/as3commons/asblocks/parser/antlr/as3/TestAS3Parser_Proto.as':[
17,
22,
27,
],
'project:as3-commons/as3-commons-asblocks/src/test/actionscript/org/as3commons/asblocks/parser/antlr/as3/Test_Annotations.as':[
5,
],
'project:as3-commons/as3-commons-async-flex/src/main/actionscript/org/as3commons/async/rpc/impl/http/HTTPServiceService.as':[
36,
],
'project:as3-commons/as3-commons-async-flex/src/main/actionscript/org/as3commons/async/rpc/impl/soap/WebServiceService.as':[
39,
],
'project:as3-commons/as3-commons-async/src/main/actionscript/org/as3commons/async/operation/trigger/impl/AbstractOperationCompleteTrigger.as':[
32,
],
'project:as3-commons/as3-commons-async/src/main/actionscript/org/as3commons/async/operation/trigger/impl/AbstractParallelOperationCompleteTrigger.as':[
34,
],
'project:as3-commons/as3-commons-async/src/main/actionscript/org/as3commons/async/operation/trigger/impl/AndOperationCompleteTrigger.as':[
32,
],
'project:as3-commons/as3-commons-async/src/main/actionscript/org/as3commons/async/operation/trigger/impl/OrOperationCompleteTrigger.as':[
32,
],
'project:as3-commons/as3-commons-bytecode/src/main/actionscript/org/as3commons/bytecode/abc/SimpleConstantPool.as':[
52,
86,
147,
],
'project:as3-commons/as3-commons-bytecode/src/main/actionscript/org/as3commons/bytecode/io/AbstractAbcDeserializer.as':[
71,
267,
270,
273,
280,
283,
],
'project:as3-commons/as3-commons-bytecode/src/main/actionscript/org/as3commons/bytecode/tags/serialization/FillStyleSerializer.as':[
28,
],
'project:as3-commons/as3-commons-bytecode/src/test/actionscript/org/as3commons/bytecode/abc/ConstantPoolTest.as':[
24,
],
'project:as3-commons/as3-commons-bytecode/src/test/actionscript/org/as3commons/bytecode/abc/LNamespaceTest.as':[
24,
],
'project:as3-commons/as3-commons-bytecode/src/test/actionscript/org/as3commons/bytecode/abc/NamespaceSetTest.as':[
26,
],
'project:as3-commons/as3-commons-bytecode/src/test/actionscript/org/as3commons/bytecode/emit/asm/AsmTest.as':[
27,
],
'project:as3-commons/as3-commons-bytecode/src/test/actionscript/org/as3commons/bytecode/emit/impl/ClassBuilderTest.as':[
42,
],
'project:as3-commons/as3-commons-bytecode/src/test/actionscript/org/as3commons/bytecode/emit/impl/MethodBuilderTest.as':[
36,
],
'project:as3-commons/as3-commons-bytecode/src/test/actionscript/org/as3commons/bytecode/interception/impl/BasicMethodInvocationInterceptorTest.as':[
29,
],
'project:as3-commons/as3-commons-bytecode/src/test/actionscript/org/as3commons/bytecode/io/AbcDeserializerTest.as':[
39,
],
'project:as3-commons/as3-commons-bytecode/src/test/actionscript/org/as3commons/bytecode/io/AbcSerializerTest.as':[
45,
],
'project:as3-commons/as3-commons-bytecode/src/test/actionscript/org/as3commons/bytecode/reflect/ByteCodeTypeTest.as':[
25,
],
'project:as3-commons/as3-commons-bytecode/src/test/actionscript/org/as3commons/bytecode/reflect/ClassMetaDataDeserializerTest.as':[
28,
],
'project:as3-commons/as3-commons-bytecode/src/test/actionscript/org/as3commons/bytecode/reflect/PlayerGlobalDataTest.as':[
29,
],
'project:as3-commons/as3-commons-bytecode/src/test/actionscript/org/as3commons/bytecode/swf/AbcClassLoaderTest.as':[
21,
],
'project:as3-commons/as3-commons-bytecode/src/test/actionscript/org/as3commons/bytecode/swf/SWFFileIOTest.as':[
31,
],
'project:as3-commons/as3-commons-bytecode/src/test/actionscript/org/as3commons/bytecode/swf/SWFWeaverTest.as':[
28,
],
'project:as3-commons/as3-commons-bytecode/src/test/actionscript/org/as3commons/bytecode/testclasses/EventDispatcherSubclass3.as':[
37,
53,
77,
],
'project:as3-commons/as3-commons-bytecode/src/test/actionscript/org/as3commons/bytecode/testclasses/Flavour.as':[
25,
53,
57,
],
'project:as3-commons/as3-commons-bytecode/src/test/actionscript/org/as3commons/bytecode/testclasses/ProxySubClass.as':[
38,
42,
],
'project:as3-commons/as3-commons-bytecode/src/test/actionscript/org/as3commons/bytecode/testclasses/SimpleClassWithMetadata.as':[
25,
],
'project:as3-commons/as3-commons-bytecode/src/test/actionscript/org/as3commons/bytecode/testclasses/SimpleClassWithMethodWithOptionalArgs.as':[
24,
],
'project:as3-commons/as3-commons-bytecode/src/test/actionscript/org/as3commons/bytecode/testclasses/interceptors/InterfaceMethodInterceptorImpl.as':[
24,
],
'project:as3-commons/as3-commons-bytecode/src/test/actionscript/org/as3commons/bytecode/util/AbcFileUtilTest.as':[
22,
],
'project:as3-commons/as3-commons-bytecode/src/test/actionscript/org/as3commons/bytecode/util/AbcSpecTest.as':[
28,
],
'project:as3-commons/as3-commons-bytecode/src/test/actionscript/org/as3commons/bytecode/util/MultinameUtilTest.as':[
25,
],
'project:as3-commons/as3-commons-bytecode/src/test/resources/assets/abc/BaseClass.as':[
20,
],
'project:as3-commons/as3-commons-bytecode/src/test/resources/assets/abc/ClassWithNoMethodsOrProperties.as':[
23,
],
'project:as3-commons/as3-commons-collections/src/main/actionscript/org/as3commons/collections/ArrayList.as':[
72,
],
'project:as3-commons/as3-commons-collections/src/main/actionscript/org/as3commons/collections/LinkedList.as':[
74,
],
'project:as3-commons/as3-commons-collections/src/main/actionscript/org/as3commons/collections/framework/core/AbstractLinkedCollection.as':[
48,
],
'project:as3-commons/as3-commons-collections/src/main/actionscript/org/as3commons/collections/framework/core/AbstractLinkedCollectionIterator.as':[
163,
],
'project:as3-commons/as3-commons-collections/src/test/actionscript/org/as3commons/collections/testhelpers/AbstractCollectionTestCase.as':[
39,
],
'project:as3-commons/as3-commons-collections/src/test/actionscript/org/as3commons/collections/testhelpers/AbstractIteratorTestCase.as':[
35,
],
'project:as3-commons/as3-commons-collections/src/test/actionscript/org/as3commons/collections/units/IStringMapTests.as':[
32,
35,
38,
41,
44,
47,
50,
53,
56,
59,
62,
65,
68,
71,
74,
77,
80,
83,
86,
89,
92,
95,
98,
101,
104,
107,
110,
113,
116,
],
'project:as3-commons/as3-commons-collections/src/test/actionscript/org/as3commons/collections/units/IStringSetTests.as':[
33,
36,
39,
42,
45,
48,
51,
54,
57,
],
'project:as3-commons/as3-commons-eventbus/src/test/actionscript/org/as3commons/eventbus/impl/EventBusTest.as':[
693,
703,
706,
],
'project:as3-commons/as3-commons-lang/src/main/actionscript/org/as3commons/lang/builder/ToStringStyle.as':[
43,
],
'project:as3-commons/as3-commons-lang/src/test/actionscript/org/as3commons/lang/ArrayUtilsTest.as':[
32,
],
'project:as3-commons/as3-commons-lang/src/test/actionscript/org/as3commons/lang/AssertTest.as':[
9,
],
'project:as3-commons/as3-commons-lang/src/test/actionscript/org/as3commons/lang/ClassUtilsTest.as':[
52,
409,
],
'project:as3-commons/as3-commons-lang/src/test/actionscript/org/as3commons/lang/DateUtilsTest.as':[
40,
],
'project:as3-commons/as3-commons-lang/src/test/actionscript/org/as3commons/lang/DictionaryUtilsTest.as':[
30,
],
'project:as3-commons/as3-commons-lang/src/test/actionscript/org/as3commons/lang/EnumTest.as':[
32,
184,
],
'project:as3-commons/as3-commons-lang/src/test/actionscript/org/as3commons/lang/HashArrayTest.as':[
26,
],
'project:as3-commons/as3-commons-lang/src/test/actionscript/org/as3commons/lang/ObjectUtilsTest.as':[
35,
],
'project:as3-commons/as3-commons-lang/src/test/actionscript/org/as3commons/lang/XMLUtilsTest.as':[
30,
],
'project:as3-commons/as3-commons-lang/src/test/actionscript/org/as3commons/lang/builder/EqualsBuilderTest.as':[
34,
211,
241,
],
'project:as3-commons/as3-commons-lang/src/test/actionscript/org/as3commons/lang/builder/ToStringBuilderTest.as':[
32,
],
'project:as3-commons/as3-commons-lang/src/test/actionscript/org/as3commons/lang/testclasses/AbstractClass.as':[
5,
],
'project:as3-commons/as3-commons-lang/src/test/actionscript/org/as3commons/lang/testclasses/IncompleteInterfaceImplementation.as':[
5,
9,
],
'project:as3-commons/as3-commons-lang/src/test/actionscript/org/as3commons/lang/testclasses/IncorrectInterfaceImplementation.as':[
5,
9,
],
'project:as3-commons/as3-commons-lang/src/test/actionscript/org/as3commons/lang/testclasses/InformalInterfaceImplementation.as':[
5,
9,
],
'project:as3-commons/as3-commons-lang/src/test/actionscript/org/as3commons/lang/testclasses/InterfaceImplementation.as':[
5,
8,
],
'project:as3-commons/as3-commons-lang/src/test/actionscript/org/as3commons/lang/testclasses/PropertiesClass.as':[
14,
18,
25,
29,
36,
40,
47,
51,
53,
],
'project:as3-commons/as3-commons-lang/src/test/actionscript/org/as3commons/lang/testclasses/PublicClass.as':[
65,
72,
75,
78,
94,
101,
108,
111,
114,
117,
120,
123,
],
'project:as3-commons/as3-commons-lang/src/test/actionscript/org/as3commons/lang/testclasses/SubInterfaceImplementation.as':[
5,
8,
],
'project:as3-commons/as3-commons-logging/src/main/actionscript/org/as3commons/logging/integration/LogMeisterIntegration.as':[
68,
],
'project:as3-commons/as3-commons-logging/src/main/actionscript/org/as3commons/logging/integration/MaashaackIntegration.as':[
52,
],
'project:as3-commons/as3-commons-logging/src/main/actionscript/org/as3commons/logging/integration/OSMFIntegration.as':[
53,
],
'project:as3-commons/as3-commons-logging/src/main/actionscript/org/as3commons/logging/integration/SLF4ASIntegration.as':[
60,
],
'project:as3-commons/as3-commons-logging/src/main/actionscript/org/as3commons/logging/integration/SpiceLibIntegration.as':[
51,
],
'project:as3-commons/as3-commons-logging/src/main/actionscript/org/as3commons/logging/integration/SwizIntegration.as':[
57,
],
'project:as3-commons/as3-commons-logging/src/main/actionscript/org/as3commons/logging/integration/YUILoggerFactory.as':[
57,
],
'project:as3-commons/as3-commons-logging/src/main/actionscript/org/as3commons/logging/setup/HierarchicalSetup.as':[
127,
],
'project:as3-commons/as3-commons-logging/src/main/actionscript/org/as3commons/logging/setup/RegExpSetup.as':[
70,
130,
],
'project:as3-commons/as3-commons-logging/src/main/actionscript/org/as3commons/logging/setup/log4j/Log4JStyleSetup.as':[
152,
200,
],
'project:as3-commons/as3-commons-logging/src/main/actionscript/org/as3commons/logging/setup/target/FlexLogTarget.as':[
46,
],
'project:as3-commons/as3-commons-logging/src/main/actionscript/org/as3commons/logging/util/LogMessageFormatter.as':[
509,
],
'project:as3-commons/as3-commons-logging/src/test/actionscript/FlexUnitTest.as':[
53,
56,
59,
62,
69,
72,
],
'project:as3-commons/as3-commons-logging/src/test/actionscript/flexunit/NormalTest.as':[
7,
],
'project:as3-commons/as3-commons-logging/src/test/actionscript/org/as3commons/logging/api/LoggerTest.as':[
16,
],
'project:as3-commons/as3-commons-logging/src/test/actionscript/org/as3commons/logging/integration/FlexIntegrationTest.as':[
122,
128,
],
'project:as3-commons/as3-commons-logging/src/test/actionscript/org/as3commons/logging/integration/MateIntegrationTest.as':[
94,
110,
117,
120,
],
'project:as3-commons/as3-commons-logging/src/test/actionscript/org/as3commons/logging/integration/SpiceLibIntegrationTest.as':[
125,
],
'project:as3-commons/as3-commons-logging/src/test/actionscript/org/as3commons/logging/setup/FlexSetupTest.as':[
104,
],
'project:as3-commons/as3-commons-logging/src/test/actionscript/org/as3commons/logging/setup/HierarchicalSetupTest.as':[
14,
],
'project:as3-commons/as3-commons-logging/src/test/actionscript/org/as3commons/logging/setup/LogSetupTest.as':[
316,
],
'project:as3-commons/as3-commons-logging/src/test/actionscript/org/as3commons/logging/setup/LogTargetLevelTest.as':[
16,
],
'project:as3-commons/as3-commons-logging/src/test/actionscript/org/as3commons/logging/setup/log4j/Log4JSetupTest.as':[
20,
],
'project:as3-commons/as3-commons-logging/src/test/actionscript/org/as3commons/logging/setup/log4j/TestClassWithArgument.as':[
12,
],
'project:as3-commons/as3-commons-logging/src/test/actionscript/org/as3commons/logging/setup/target/AirTargetTest.as':[
24,
],
'project:as3-commons/as3-commons-logging/src/test/actionscript/org/as3commons/logging/setup/target/TextFieldTest.as':[
17,
],
'project:as3-commons/as3-commons-logging/src/test/actionscript/org/as3commons/logging/simple/SimpleLoggingTest.as':[
18,
180,
],
'project:as3-commons/as3-commons-logging/src/test/actionscript/org/as3commons/logging/util/ByteArrayCopyTest.as':[
11,
],
'project:as3-commons/as3-commons-logging/src/test/actionscript/org/as3commons/logging/util/xml/XMLSetupTest.as':[
17,
],
'project:as3-commons/as3-commons-logging/src/test/actionscript/org/as3commons/logging/util/xml/XMLTargetTest.as':[
344,
384,
396,
411,
418,
422,
441,
496,
],
'project:as3-commons/as3-commons-logging/src/test/actionscript/perf/As3CommonsPeformance.as':[
54,
],
'project:as3-commons/as3-commons-logging/src/test/actionscript/perf/FlexPerformance.as':[
53,
60,
67,
],
'project:as3-commons/as3-commons-logging/src/test/actionscript/perf/MatePerformance.as':[
52,
59,
66,
],
'project:as3-commons/as3-commons-logging/src/test/actionscript/perf/PBEPerformance.as':[
53,
],
'project:as3-commons/as3-commons-logging/src/test/actionscript/perf/Progression4Performance.as':[
31,
],
'project:as3-commons/as3-commons-metadata/src/test/actionscript/org/as3commons/metadata/registry/impl/AS3ReflectMetadataProcessorRegistryTest.as':[
43,
],
'project:as3-commons/as3-commons-metadata/src/test/actionscript/org/as3commons/metadata/registry/impl/DescribeTypeMetadataProcessorRegistryTest.as':[
41,
],
'project:as3-commons/as3-commons-metadata/src/test/actionscript/org/as3commons/metadata/registry/impl/SpiceLibMetadataProcessorRegistryTest.as':[
43,
],
'project:as3-commons/as3-commons-metadata/src/test/actionscript/org/as3commons/metadata/test/AbstractAnonMetadataProcessor.as':[
39,
],
'project:as3-commons/as3-commons-metadata/src/test/actionscript/org/as3commons/metadata/test/AnnotatedClass.as':[
33,
38,
43,
48,
53,
],
'project:as3-commons/as3-commons-metadata/src/test/actionscript/org/as3commons/metadata/test/MetadataTestSuite.as':[
36,
],
'project:as3-commons/as3-commons-reflect/src/test/actionscript/org/as3commons/reflect/testclasses/ComplexClass.as':[
41,
],
'project:as3-commons/as3-commons-reflect/src/test/actionscript/org/as3commons/reflect/testclasses/FullTestClass.as':[
24,
31,
],
'project:as3-commons/as3-commons-reflect/src/test/actionscript/org/as3commons/reflect/testclasses/InterfaceImplementation.as':[
5,
8,
],
'project:as3-commons/as3-commons-reflect/src/test/actionscript/org/as3commons/reflect/testclasses/MetadataClass.as':[
23,
],
'project:as3-commons/as3-commons-reflect/src/test/actionscript/org/as3commons/reflect/testclasses/PublicClass.as':[
57,
64,
67,
70,
86,
91,
95,
97,
100,
103,
106,
109,
],
'project:as3-commons/as3-commons-reflect/src/test/actionscript/org/as3commons/reflect/testclasses/SubInterfaceImplementation.as':[
5,
8,
],
'project:as3-commons/as3-commons-rpc/src/main/actionscript/org/as3commons/rpc/impl/RemotingService.as':[
89,
],
'project:as3-commons/as3-commons-rpc/src/main/actionscript/org/as3commons/rpc/impl/SpringSecurityAuthenticator.as':[
44,
],
'project:as3-commons/as3-commons-serialization/src/main/actionscript/org/as3commons/serialization/xml/converters/basic/DateConverter.as':[
7,
],
'project:as3-commons/as3-commons-serialization/src/test/actionscript/org/as3commons/serialization/testclasses/PersonWithPublicVariables.as':[
13,
],
'project:as3-commons/as3-commons-stageprocessing/src/test/actionscript/org/as3commons/stageprocessing/impl/FlashStageObjectProcessorRegistryTest.as':[
36,
62,
66,
],
'project:as3-commons/as3-commons-stageprocessing/src/test/actionscript/org/as3commons/stageprocessing/impl/selector/NameBasedObjectSelectorTest.as':[
27,
],
'project:as3-commons/as3-commons-swc/src/test/actionscript/org/as3commons/swc/SWCTest.as':[
29,
],
'project:as3-commons/as3-commons-swc/src/test/actionscript/org/as3commons/swc/catalog/reader/impl/XMLCatalogReaderTest.as':[
36,
],
'project:as3-commons/as3-commons-ui/src/main/actionscript/org/as3commons/ui/framework/uiservice/AbstractUIService.as':[
112,
118,
124,
130,
],
'project:spring-actionscript/spring-actionscript-core/src/test/actionscript/org/springextensions/actionscript/context/impl/DefaultChildContextManagerTest.as':[
77,
],
'project:spring-actionscript/spring-actionscript-core/src/test/actionscript/org/springextensions/actionscript/ioc/factory/impl/MethodInvokingFactoryObjectTest.as':[
22,
],
'project:spring-actionscript/spring-actionscript-core/src/test/actionscript/org/springextensions/actionscript/stage/DefaultSpringObjectSelectorTest.as':[
11,
],
'project:spring-actionscript/spring-actionscript-core/src/test/actionscript/org/springextensions/actionscript/test/testtypes/AutowiredAnnotatedClass.as':[
24,
],
'project:spring-actionscript/spring-actionscript-core/src/test/actionscript/org/springextensions/actionscript/test/testtypes/AutowiredExternalPropertyAnnotatedClass.as':[
23,
],
'project:spring-actionscript/spring-actionscript-core/src/test/actionscript/org/springextensions/actionscript/test/testtypes/ClassWithStaticFactoryMethod.as':[
23,
],
'project:spring-actionscript/spring-actionscript-core/src/test/actionscript/org/springextensions/actionscript/test/testtypes/EmbeddedContexts.as':[
23,
],
'project:spring-actionscript/spring-actionscript-core/src/test/actionscript/org/springextensions/actionscript/test/testtypes/MockDefinitionProviderResultOperation.as':[
23,
],
'project:spring-actionscript/spring-actionscript-core/src/test/actionscript/org/springextensions/actionscript/test/testtypes/Person.as':[
67,
],
'project:spring-actionscript/spring-actionscript-core/src/test/actionscript/org/springextensions/actionscript/test/testtypes/TestClassFactory.as':[
23,
],
'project:spring-actionscript/spring-actionscript-core/src/test/actionscript/org/springextensions/actionscript/test/testtypes/TestClassWithMetadata.as':[
23,
],
'project:spring-actionscript/spring-actionscript-core/src/test/actionscript/org/springextensions/actionscript/test/testtypes/TestFactoryObject.as':[
37,
],
'project:spring-actionscript/spring-actionscript-core/src/test/actionscript/org/springextensions/actionscript/test/testtypes/TestInjectionClass.as':[
26,
],
'project:spring-actionscript/spring-actionscript-core/src/test/actionscript/org/springextensions/actionscript/test/testtypes/TestInvalidFactoryObject.as':[
37,
],
'project:spring-actionscript/spring-actionscript-core/src/test/actionscript/org/springextensions/actionscript/test/testtypes/eventbus/TestEventHandler.as':[
33,
37,
],
'project:spring-actionscript/spring-actionscript-core/src/test/actionscript/org/springextensions/actionscript/test/testtypes/metadatascan/AnnotatedComponent.as':[
23,
26,
],
'project:spring-actionscript/spring-actionscript-core/src/test/actionscript/org/springextensions/actionscript/test/testtypes/metadatascan/AnnotatedComponentInOtherPackage.as':[
23,
26,
29,
],
'project:spring-actionscript/spring-actionscript-core/src/test/actionscript/org/springextensions/actionscript/test/testtypes/metadatascan/AnnotatedComponentWithAutowired.as':[
23,
26,
],
'project:spring-actionscript/spring-actionscript-core/src/test/actionscript/org/springextensions/actionscript/test/testtypes/metadatascan/AnnotatedComponentWithConstructor.as':[
24,
],
'project:spring-actionscript/spring-actionscript-core/src/test/actionscript/org/springextensions/actionscript/test/testtypes/metadatascan/AnnotatedComponentWithDependencyCheck.as':[
23,
26,
],
'project:spring-actionscript/spring-actionscript-core/src/test/actionscript/org/springextensions/actionscript/test/testtypes/metadatascan/AnnotatedComponentWithDependsOn.as':[
23,
],
'project:spring-actionscript/spring-actionscript-core/src/test/actionscript/org/springextensions/actionscript/test/testtypes/metadatascan/AnnotatedComponentWithDestroyMethod.as':[
23,
26,
29,
],
'project:spring-actionscript/spring-actionscript-core/src/test/actionscript/org/springextensions/actionscript/test/testtypes/metadatascan/AnnotatedComponentWithMethodInvocations.as':[
23,
31,
36,
],
'project:spring-actionscript/spring-actionscript-core/src/test/actionscript/org/springextensions/actionscript/test/testtypes/metadatascan/AnnotatedComponentWithPrimaryLazyInitAndFactoryMethod.as':[
23,
26,
],
'project:spring-actionscript/spring-actionscript-core/src/test/actionscript/org/springextensions/actionscript/test/testtypes/metadatascan/AnnotatedComponentWithPropertiesWithExplicitValues.as':[
23,
26,
],
'project:spring-actionscript/spring-actionscript-core/src/test/actionscript/org/springextensions/actionscript/test/testtypes/metadatascan/AnnotatedComponentWithPropertiesWithPlaceholders.as':[
23,
26,
],
'project:spring-actionscript/spring-actionscript-core/src/test/actionscript/org/springextensions/actionscript/test/testtypes/metadatascan/AnnotatedComponentWithPropertiesWithRefs.as':[
23,
26,
],
'project:spring-actionscript/spring-actionscript-core/src/test/actionscript/org/springextensions/actionscript/test/testtypes/metadatascan/AnnotatedComponentWithSkips.as':[
23,
],
'project:spring-actionscript/spring-actionscript-core/src/test/actionscript/org/springextensions/actionscript/test/testtypes/metadatascan/AnnotatedLazyInitPrototypeComponent.as':[
23,
26,
],
'project:spring-actionscript/spring-actionscript-core/src/test/actionscript/org/springextensions/actionscript/test/testtypes/metadatascan/AnnotatedNamedComponent.as':[
23,
26,
],
'project:spring-actionscript/spring-actionscript-core/src/test/actionscript/org/springextensions/actionscript/test/testtypes/metadatascan/AnnotatedNamedComponent2.as':[
23,
26,
],
'project:spring-actionscript/spring-actionscript-core/src/test/actionscript/org/springextensions/actionscript/test/testtypes/metadatascan/AnnotatedScopedComponent.as':[
23,
26,
],
'project:spring-actionscript/spring-actionscript-core/src/test/actionscript/org/springextensions/actionscript/test/testtypes/metadatascan/ComponentWithConstructorArguments.as':[
26,
],
'project:spring-actionscript/spring-actionscript-core/src/test/actionscript/org/springextensions/actionscript/test/testtypes/metadatascan/ComponentWithConstructorArgumentsTypedToInterface.as':[
26,
],
'project:spring-actionscript/spring-actionscript-core/src/test/actionscript/org/springextensions/actionscript/test/testtypes/metadatascan/ComponentWithProperties.as':[
26,
32,
],
'project:spring-actionscript/spring-actionscript-core/src/test/actionscript/org/springextensions/actionscript/test/testtypes/metadatascan/TestConfigurationClass.as':[
49,
],
'project:spring-actionscript/spring-actionscript-flex/src/main/actionscript/org/springextensions/actionscript/ioc/config/impl/xml/namespacehandler/impl/messaging/nodeparser/AMFChannelNodeParser.as':[
41,
],
'project:spring-actionscript/spring-actionscript-flex/src/main/actionscript/org/springextensions/actionscript/ioc/config/impl/xml/namespacehandler/impl/messaging/nodeparser/AbstractProducerNodeParser.as':[
44,
],
'project:spring-actionscript/spring-actionscript-flex/src/main/actionscript/org/springextensions/actionscript/ioc/config/impl/xml/namespacehandler/impl/messaging/nodeparser/ChannelSetNodeParser.as':[
40,
],
'project:spring-actionscript/spring-actionscript-flex/src/main/actionscript/org/springextensions/actionscript/ioc/config/impl/xml/namespacehandler/impl/messaging/nodeparser/ConsumerNodeParser.as':[
39,
],
'project:spring-actionscript/spring-actionscript-flex/src/main/actionscript/org/springextensions/actionscript/ioc/config/impl/xml/namespacehandler/impl/messaging/nodeparser/MessageAgentNodeParser.as':[
37,
],
'project:spring-actionscript/spring-actionscript-flex/src/main/actionscript/org/springextensions/actionscript/ioc/config/impl/xml/namespacehandler/impl/messaging/nodeparser/SubscriptionInfoNodeParser.as':[
42,
],
'project:spring-actionscript/spring-actionscript-flex/src/main/actionscript/org/springextensions/actionscript/ioc/factory/process/impl/ApplicationPropertiesObjectFactoryPostProcessor.as':[
100,
],
'project:spring-actionscript/spring-actionscript-samples/cafe-townsend-bootstrap/src/main/actionscript/org/springextensions/actionscript/samples/cafetownsend/infrastructure/service/InMemoryAuthenticationService.as':[
20,
],
'project:spring-actionscript/spring-actionscript-samples/cafe-townsend-metadata-config/src/main/actionscript/org/springextensions/actionscript/samples/cafetownsend/infrastructure/service/InMemoryAuthenticationService.as':[
21,
],
'project:spring-actionscript/spring-actionscript-samples/cafe-townsend-metadata-config/src/main/actionscript/org/springextensions/actionscript/samples/cafetownsend/presentation/MainViewPresentationModel.as':[
40,
],
'project:spring-actionscript/spring-actionscript-samples/cafe-townsend-multi-module/src/main/actionscript/org/springextensions/actionscript/samples/cafetownsend/infrastructure/service/InMemoryAuthenticationService.as':[
20,
],
'project:spring-actionscript/spring-actionscript-samples/cafe-townsend-mxml-config/src/main/actionscript/org/springextensions/actionscript/samples/cafetownsend/infrastructure/service/InMemoryAuthenticationService.as':[
20,
],
'project:spring-actionscript/spring-actionscript-samples/cafe-townsend/src/main/actionscript/org/springextensions/actionscript/samples/cafetownsend/infrastructure/service/InMemoryAuthenticationService.as':[
20,
],
}
