{
'project:as3-commons/as3-commons-asblocks/src/main/actionscript/org/as3commons/asblocks/dom/AssignmentOperator.as':[
52,
57,
62,
67,
72,
77,
82,
87,
92,
97,
102,
107,
118,
123,
],
'project:as3-commons/as3-commons-asblocks/src/main/actionscript/org/as3commons/asblocks/dom/BinaryOperator.as':[
52,
57,
62,
67,
72,
77,
82,
87,
92,
97,
102,
107,
112,
117,
122,
127,
132,
137,
142,
153,
158,
],
'project:as3-commons/as3-commons-asblocks/src/main/actionscript/org/as3commons/asblocks/dom/PostfixOperator.as':[
41,
43,
],
'project:as3-commons/as3-commons-asblocks/src/main/actionscript/org/as3commons/asblocks/dom/PrefixOperator.as':[
41,
43,
],
'project:as3-commons/as3-commons-asblocks/src/main/actionscript/org/as3commons/asblocks/impl/ASTASMember.as':[
39,
41,
],
'project:as3-commons/as3-commons-asblocks/src/main/actionscript/org/as3commons/asblocks/impl/ASTUtils.as':[
46,
],
'project:as3-commons/as3-commons-asblocks/src/main/actionscript/org/as3commons/asblocks/parser/antlr/as3/AS3Parser.as':[
234,
],
'project:as3-commons/as3-commons-asblocks/src/main/actionscript/org/as3commons/asblocks/parser/antlr/asdoc/ASDocHelper.as':[
11,
],
'project:as3-commons/as3-commons-asblocks/src/main/actionscript/org/as3commons/asblocks/parser/antlr/e4x/E4XHelper.as':[
15,
],
'project:as3-commons/as3-commons-asblocks/src/main/actionscript/org/as3commons/asblocks/parser/antlr/regexsimple/RegexSimpleHelper.as':[
16,
],
'project:as3-commons/as3-commons-asblocks/src/test/actionscript/org/as3commons/asblocks/parser/antlr/as3/Suite_asblocks_parser_antlr_as3.as':[
8,
],
'project:as3-commons/as3-commons-asblocks/src/test/actionscript/org/as3commons/asblocks/parser/antlr/as3/TestAS3ParserBase.as':[
55,
],
'project:as3-commons/as3-commons-asblocks/src/test/actionscript/org/as3commons/asblocks/parser/antlr/as3/TestAS3ParserHelper.as':[
12,
],
'project:as3-commons/as3-commons-asblocks/src/test/actionscript/org/as3commons/asblocks/parser/antlr/as3/TestAS3ParserSuite.as':[
13,
14,
15,
],
'project:as3-commons/as3-commons-asblocks/src/test/actionscript/org/as3commons/asblocks/parser/antlr/as3/TestAS3Parser_Proto.as':[
545,
],
'project:as3-commons/as3-commons-asblocks/src/test/actionscript/org/as3commons/asblocks/parser/antlr/e4x/TestE4XParser.as':[
14,
],
'project:as3-commons/as3-commons-asblocks/src/test/actionscript/org/as3commons/asblocks/test/AllTests.as':[
63,
64,
67,
68,
76,
77,
78,
79,
80,
81,
82,
83,
84,
85,
86,
87,
88,
89,
90,
91,
92,
93,
94,
96,
97,
100,
],
'project:as3-commons/as3-commons-async/src/main/actionscript/org/as3commons/async/operation/impl/AbstractOperation.as':[
92,
95,
101,
104,
],
'project:as3-commons/as3-commons-async/src/main/actionscript/org/as3commons/async/operation/trigger/impl/AbstractCompositeOperationCompleteTrigger.as':[
47,
],
'project:as3-commons/as3-commons-async/src/main/actionscript/org/as3commons/async/operation/trigger/impl/AbstractOperationCompleteTrigger.as':[
23,
24,
],
'project:as3-commons/as3-commons-async/src/main/actionscript/org/as3commons/async/operation/trigger/impl/SequenceOperationCompleteTrigger.as':[
24,
],
'project:as3-commons/as3-commons-async/src/main/actionscript/org/as3commons/async/operation/trigger/impl/TimeBasedOperationCompleteTrigger.as':[
27,
28,
],
'project:as3-commons/as3-commons-bytecode/src/main/actionscript/org/as3commons/bytecode/proxy/impl/AbstractMethodBodyFactory.as':[
40,
41,
42,
43,
],
'project:as3-commons/as3-commons-bytecode/src/main/actionscript/org/as3commons/bytecode/swf/AbcClassLoader.as':[
55,
],
'project:as3-commons/as3-commons-bytecode/src/main/actionscript/org/as3commons/bytecode/util/AbcFileUtil.as':[
48,
],
'project:as3-commons/as3-commons-bytecode/src/test/resources/assets/abc/FullClassDefinition.as':[
34,
],
'project:as3-commons/as3-commons-collections/src/main/actionscript/org/as3commons/collections/fx/events/CollectionEvent.as':[
176,
184,
191,
199,
209,
],
'project:as3-commons/as3-commons-collections/src/test/actionscript/org/as3commons/collections/iterators/RecursiveFilterIterator2Test.as':[
80,
81,
82,
83,
84,
85,
87,
88,
89,
91,
],
'project:as3-commons/as3-commons-collections/src/test/actionscript/org/as3commons/collections/iterators/RecursiveFilterIteratorTest.as':[
79,
80,
81,
82,
83,
84,
86,
87,
88,
90,
],
'project:as3-commons/as3-commons-eventbus/src/main/actionscript/org/as3commons/eventbus/impl/EventBus.as':[
48,
],
'project:as3-commons/as3-commons-eventbus/src/main/actionscript/org/as3commons/eventbus/impl/SimpleEventBus.as':[
35,
],
'project:as3-commons/as3-commons-lang/src/main/actionscript/org/as3commons/lang/StringUtils.as':[
29,
32,
35,
38,
],
'project:as3-commons/as3-commons-lang/src/test/actionscript/org/as3commons/lang/EnumTest.as':[
181,
182,
],
'project:as3-commons/as3-commons-lang/src/test/actionscript/org/as3commons/lang/testclasses/SampleEnum.as':[
14,
22,
23,
],
'project:as3-commons/as3-commons-reflect/src/main/actionscript/org/as3commons/reflect/MetadataUtils.as':[
49,
],
'project:as3-commons/as3-commons-reflect/src/test/actionscript/org/as3commons/reflect/testclasses/FullTestClass.as':[
9,
],
'project:as3-commons/as3-commons-zip/src/main/actionscript/org/as3commons/zip/ZipFile.as':[
104,
108,
],
'project:spring-actionscript/spring-actionscript-core/src/main/actionscript/org/springextensions/actionscript/metadata/MetadataProcessorObjectPostProcessor.as':[
35,
],
'project:spring-actionscript/spring-actionscript-core/src/test/actionscript/org/springextensions/actionscript/stage/DefaultSpringObjectSelectorTest.as':[
9,
],
'project:spring-actionscript/spring-actionscript-samples/cafe-townsend-bootstrap/src/main/actionscript/org/springextensions/actionscript/samples/cafetownsend/presentation/EmployeeDetailPresentationModel.as':[
52,
],
'project:spring-actionscript/spring-actionscript-samples/cafe-townsend-bootstrap/src/main/actionscript/org/springextensions/actionscript/samples/cafetownsend/presentation/EmployeeListPresentationModel.as':[
52,
70,
88,
128,
146,
],
'project:spring-actionscript/spring-actionscript-samples/cafe-townsend-bootstrap/src/main/actionscript/org/springextensions/actionscript/samples/cafetownsend/presentation/EmployeeLoginPresentationModel.as':[
69,
87,
136,
],
'project:spring-actionscript/spring-actionscript-samples/cafe-townsend-bootstrap/src/main/actionscript/org/springextensions/actionscript/samples/cafetownsend/presentation/MainViewPresentationModel.as':[
61,
],
'project:spring-actionscript/spring-actionscript-samples/cafe-townsend-metadata-config/src/main/actionscript/org/springextensions/actionscript/samples/cafetownsend/presentation/EmployeeDetailPresentationModel.as':[
52,
],
'project:spring-actionscript/spring-actionscript-samples/cafe-townsend-metadata-config/src/main/actionscript/org/springextensions/actionscript/samples/cafetownsend/presentation/EmployeeListPresentationModel.as':[
53,
71,
89,
129,
147,
],
'project:spring-actionscript/spring-actionscript-samples/cafe-townsend-metadata-config/src/main/actionscript/org/springextensions/actionscript/samples/cafetownsend/presentation/EmployeeLoginPresentationModel.as':[
69,
87,
136,
],
'project:spring-actionscript/spring-actionscript-samples/cafe-townsend-metadata-config/src/main/actionscript/org/springextensions/actionscript/samples/cafetownsend/presentation/MainViewPresentationModel.as':[
53,
],
'project:spring-actionscript/spring-actionscript-samples/cafe-townsend-multi-module/src/main/actionscript/org/springextensions/actionscript/samples/cafetownsend/presentation/EmployeeDetailPresentationModel.as':[
52,
],
'project:spring-actionscript/spring-actionscript-samples/cafe-townsend-multi-module/src/main/actionscript/org/springextensions/actionscript/samples/cafetownsend/presentation/EmployeeListPresentationModel.as':[
52,
70,
88,
128,
146,
],
'project:spring-actionscript/spring-actionscript-samples/cafe-townsend-multi-module/src/main/actionscript/org/springextensions/actionscript/samples/cafetownsend/presentation/EmployeeLoginPresentationModel.as':[
69,
87,
136,
],
'project:spring-actionscript/spring-actionscript-samples/cafe-townsend-multi-module/src/main/actionscript/org/springextensions/actionscript/samples/cafetownsend/presentation/MainViewPresentationModel.as':[
27,
],
'project:spring-actionscript/spring-actionscript-samples/cafe-townsend-mxml-config/src/main/actionscript/org/springextensions/actionscript/samples/cafetownsend/presentation/EmployeeDetailPresentationModel.as':[
52,
],
'project:spring-actionscript/spring-actionscript-samples/cafe-townsend-mxml-config/src/main/actionscript/org/springextensions/actionscript/samples/cafetownsend/presentation/EmployeeListPresentationModel.as':[
52,
70,
88,
128,
146,
],
'project:spring-actionscript/spring-actionscript-samples/cafe-townsend-mxml-config/src/main/actionscript/org/springextensions/actionscript/samples/cafetownsend/presentation/EmployeeLoginPresentationModel.as':[
69,
87,
136,
],
'project:spring-actionscript/spring-actionscript-samples/cafe-townsend-mxml-config/src/main/actionscript/org/springextensions/actionscript/samples/cafetownsend/presentation/MainViewPresentationModel.as':[
61,
],
'project:spring-actionscript/spring-actionscript-samples/cafe-townsend/src/main/actionscript/org/springextensions/actionscript/samples/cafetownsend/presentation/EmployeeDetailPresentationModel.as':[
52,
],
'project:spring-actionscript/spring-actionscript-samples/cafe-townsend/src/main/actionscript/org/springextensions/actionscript/samples/cafetownsend/presentation/EmployeeListPresentationModel.as':[
52,
70,
88,
128,
146,
],
'project:spring-actionscript/spring-actionscript-samples/cafe-townsend/src/main/actionscript/org/springextensions/actionscript/samples/cafetownsend/presentation/EmployeeLoginPresentationModel.as':[
69,
87,
136,
],
'project:spring-actionscript/spring-actionscript-samples/cafe-townsend/src/main/actionscript/org/springextensions/actionscript/samples/cafetownsend/presentation/MainViewPresentationModel.as':[
61,
],
}
