{
'project:as3-commons/as3-commons-asblocks/src/main/actionscript/org/as3commons/asblocks/dom/AssignmentOperator.as':[
52,
57,
62,
67,
72,
77,
82,
87,
92,
97,
102,
107,
],
'project:as3-commons/as3-commons-asblocks/src/main/actionscript/org/as3commons/asblocks/dom/BinaryOperator.as':[
52,
57,
62,
67,
72,
77,
82,
87,
92,
97,
102,
107,
112,
117,
122,
127,
132,
137,
142,
],
'project:as3-commons/as3-commons-asblocks/src/main/actionscript/org/as3commons/asblocks/impl/ASTUtils.as':[
46,
],
'project:as3-commons/as3-commons-asblocks/src/main/actionscript/org/as3commons/asblocks/impl/FileUtil.as':[
42,
],
'project:as3-commons/as3-commons-asblocks/src/test/actionscript/org/as3commons/asblocks/parser/antlr/as3/TestAS3ParserBase.as':[
55,
],
'project:as3-commons/as3-commons-asblocks/src/test/actionscript/org/as3commons/asblocks/parser/antlr/as3/TestAS3ParserHelper.as':[
12,
],
'project:as3-commons/as3-commons-asblocks/src/test/actionscript/org/as3commons/asblocks/parser/antlr/as3/TestAS3Parser_Proto.as':[
545,
],
'project:as3-commons/as3-commons-bytecode/src/main/actionscript/org/as3commons/bytecode/proxy/impl/ProxyFactory.as':[
138,
],
'project:as3-commons/as3-commons-collections/src/main/actionscript/org/as3commons/collections/fx/events/CollectionEvent.as':[
176,
184,
191,
199,
209,
],
'project:as3-commons/as3-commons-collections/src/test/actionscript/org/as3commons/collections/testhelpers/TestItems.as':[
24,
25,
27,
28,
30,
31,
33,
34,
36,
37,
39,
40,
42,
43,
45,
46,
48,
49,
51,
52,
54,
55,
],
'project:as3-commons/as3-commons-lang/src/main/actionscript/org/as3commons/lang/ClassUtils.as':[
50,
],
'project:as3-commons/as3-commons-lang/src/main/actionscript/org/as3commons/lang/StringUtils.as':[
35,
],
'project:as3-commons/as3-commons-lang/src/main/actionscript/org/as3commons/lang/builder/ToStringBuilder.as':[
26,
],
'project:as3-commons/as3-commons-lang/src/test/actionscript/org/as3commons/lang/testclasses/PropertiesClass.as':[
10,
],
'project:as3-commons/as3-commons-lang/src/test/actionscript/org/as3commons/lang/testclasses/PublicClass.as':[
37,
39,
41,
],
'project:as3-commons/as3-commons-lang/src/test/actionscript/org/as3commons/lang/testclasses/SampleEnum.as':[
14,
],
'project:as3-commons/as3-commons-reflect/src/main/actionscript/org/as3commons/reflect/MetadataUtils.as':[
49,
],
'project:as3-commons/as3-commons-reflect/src/main/actionscript/org/as3commons/reflect/Type.as':[
96,
],
'project:as3-commons/as3-commons-reflect/src/test/actionscript/org/as3commons/reflect/testclasses/ConstructorRecursionHazardClass.as':[
36,
],
'project:as3-commons/as3-commons-reflect/src/test/actionscript/org/as3commons/reflect/testclasses/FullTestClass.as':[
9,
],
'project:as3-commons/as3-commons-reflect/src/test/actionscript/org/as3commons/reflect/testclasses/PublicClass.as':[
36,
37,
38,
],
'project:as3-commons/as3-commons-ui/src/main/actionscript/org/as3commons/ui/layout/framework/core/LayoutLock.as':[
25,
],
'project:spring-actionscript/spring-actionscript-core/src/test/actionscript/org/springextensions/actionscript/test/testtypes/EmbeddedContexts.as':[
27,
],
'project:spring-actionscript/spring-actionscript-core/src/test/actionscript/org/springextensions/actionscript/test/testtypes/TestInjectionClass.as':[
39,
],
'project:spring-actionscript/spring-actionscript-flex/src/main/actionscript/org/springextensions/actionscript/context/impl/mxml/MXMLApplicationContextBase.as':[
50,
],
}
