{
'project:as3-commons/as3-commons-bytecode/src/main/actionscript/org/as3commons/bytecode/reflect/ReflectionDeserializer.as':[
257,
],
'project:as3-commons/as3-commons-logging/src/main/actionscript/org/as3commons/logging/api/ILogTarget.as':[
56,
],
'project:as3-commons/as3-commons-logging/src/main/actionscript/org/as3commons/logging/setup/target/ASAPTarget.as':[
69,
],
'project:as3-commons/as3-commons-logging/src/main/actionscript/org/as3commons/logging/setup/target/AbstractClassicTarget.as':[
19,
40,
],
'project:as3-commons/as3-commons-logging/src/main/actionscript/org/as3commons/logging/setup/target/AbstractHttpTarget.as':[
85,
94,
],
'project:as3-commons/as3-commons-logging/src/main/actionscript/org/as3commons/logging/setup/target/AirFileTarget.as':[
125,
],
'project:as3-commons/as3-commons-logging/src/main/actionscript/org/as3commons/logging/setup/target/AlconTarget.as':[
84,
],
'project:as3-commons/as3-commons-logging/src/main/actionscript/org/as3commons/logging/setup/target/ArthropodTarget.as':[
109,
],
'project:as3-commons/as3-commons-logging/src/main/actionscript/org/as3commons/logging/setup/target/BufferTarget.as':[
119,
],
'project:as3-commons/as3-commons-logging/src/main/actionscript/org/as3commons/logging/setup/target/ChainsawTarget.as':[
65,
],
'project:as3-commons/as3-commons-logging/src/main/actionscript/org/as3commons/logging/setup/target/ConditionalBuffer.as':[
116,
145,
],
'project:as3-commons/as3-commons-logging/src/main/actionscript/org/as3commons/logging/setup/target/DConsoleTarget.as':[
90,
],
'project:as3-commons/as3-commons-logging/src/main/actionscript/org/as3commons/logging/setup/target/FatalBuffer.as':[
55,
],
'project:as3-commons/as3-commons-logging/src/main/actionscript/org/as3commons/logging/setup/target/FirebugTarget.as':[
127,
],
'project:as3-commons/as3-commons-logging/src/main/actionscript/org/as3commons/logging/setup/target/FlashConsoleTarget.as':[
66,
],
'project:as3-commons/as3-commons-logging/src/main/actionscript/org/as3commons/logging/setup/target/FlexLogTarget.as':[
51,
],
'project:as3-commons/as3-commons-logging/src/main/actionscript/org/as3commons/logging/setup/target/FrameBufferTarget.as':[
108,
],
'project:as3-commons/as3-commons-logging/src/main/actionscript/org/as3commons/logging/setup/target/LSHttpTarget.as':[
124,
134,
],
'project:as3-commons/as3-commons-logging/src/main/actionscript/org/as3commons/logging/setup/target/Log5FTarget.as':[
79,
],
'project:as3-commons/as3-commons-logging/src/main/actionscript/org/as3commons/logging/setup/target/LogMeisterTarget.as':[
66,
],
'project:as3-commons/as3-commons-logging/src/main/actionscript/org/as3commons/logging/setup/target/LogStatement.as':[
81,
],
'project:as3-commons/as3-commons-logging/src/main/actionscript/org/as3commons/logging/setup/target/MaashaackTarget.as':[
72,
],
'project:as3-commons/as3-commons-logging/src/main/actionscript/org/as3commons/logging/setup/target/MateTarget.as':[
68,
],
'project:as3-commons/as3-commons-logging/src/main/actionscript/org/as3commons/logging/setup/target/MergedTarget.as':[
65,
],
'project:as3-commons/as3-commons-logging/src/main/actionscript/org/as3commons/logging/setup/target/MonsterDebugger3Target.as':[
117,
],
'project:as3-commons/as3-commons-logging/src/main/actionscript/org/as3commons/logging/setup/target/MonsterDebuggerTarget.as':[
92,
],
'project:as3-commons/as3-commons-logging/src/main/actionscript/org/as3commons/logging/setup/target/OSMFTarget.as':[
54,
],
'project:as3-commons/as3-commons-logging/src/main/actionscript/org/as3commons/logging/setup/target/Progression4Target.as':[
72,
],
'project:as3-commons/as3-commons-logging/src/main/actionscript/org/as3commons/logging/setup/target/SOSTarget.as':[
66,
],
'project:as3-commons/as3-commons-logging/src/main/actionscript/org/as3commons/logging/setup/target/SpiceLibTarget.as':[
74,
],
'project:as3-commons/as3-commons-logging/src/main/actionscript/org/as3commons/logging/setup/target/TextFieldTarget.as':[
63,
],
'project:as3-commons/as3-commons-logging/src/main/actionscript/org/as3commons/logging/setup/target/ThunderBoltTarget.as':[
73,
],
'project:as3-commons/as3-commons-logging/src/main/actionscript/org/as3commons/logging/setup/target/TraceTarget.as':[
61,
],
'project:as3-commons/as3-commons-logging/src/main/actionscript/org/as3commons/logging/setup/target/TrazzleTarget.as':[
98,
],
'project:as3-commons/as3-commons-logging/src/main/actionscript/org/as3commons/logging/setup/target/YalogTarget.as':[
71,
],
'project:as3-commons/as3-commons-logging/src/main/actionscript/org/as3commons/logging/util/LogMessageFormatter.as':[
292,
],
'project:as3-commons/as3-commons-logging/src/test/actionscript/org/as3commons/logging/api/LoggerTest.as':[
246,
],
'project:as3-commons/as3-commons-logging/src/test/actionscript/org/as3commons/logging/setup/HierarchicalSetupTest.as':[
197,
],
'project:as3-commons/as3-commons-logging/src/test/actionscript/org/as3commons/logging/setup/LogSetupTest.as':[
316,
],
'project:as3-commons/as3-commons-logging/src/test/actionscript/org/as3commons/logging/setup/log4j/Log4JSetupTest.as':[
274,
],
'project:as3-commons/as3-commons-logging/src/test/actionscript/org/as3commons/logging/setup/log4j/TestClassWithArgument.as':[
12,
],
'project:as3-commons/as3-commons-logging/src/test/actionscript/org/as3commons/logging/setup/target/MergedTest.as':[
160,
],
'project:as3-commons/as3-commons-logging/src/test/actionscript/org/as3commons/logging/simple/SimpleLoggingTest.as':[
182,
189,
],
'project:as3-commons/as3-commons-logging/src/test/actionscript/org/as3commons/logging/util/xml/XMLRuleTest.as':[
284,
],
'project:as3-commons/as3-commons-logging/src/test/actionscript/org/as3commons/logging/util/xml/XMLSetupTest.as':[
95,
],
'project:as3-commons/as3-commons-logging/src/test/actionscript/org/as3commons/logging/util/xml/XMLTargetTest.as':[
384,
396,
411,
422,
441,
462,
496,
],
}
