{
'project:as3-commons/as3-commons-asblocks/src/main/actionscript/org/as3commons/asblocks/impl/ASTUtils.as':[
44,
],
'project:as3-commons/as3-commons-asblocks/src/main/actionscript/org/as3commons/asblocks/impl/DocumentationUtils.as':[
43,
],
'project:as3-commons/as3-commons-asblocks/src/main/actionscript/org/as3commons/asblocks/parser/antlr/as3/AS3Lexer.as':[
8,
],
'project:as3-commons/as3-commons-asblocks/src/main/actionscript/org/as3commons/asblocks/parser/antlr/as3/AS3Parser.as':[
21,
],
'project:as3-commons/as3-commons-asblocks/src/main/actionscript/org/as3commons/asblocks/parser/antlr/asdoc/ASDocLexer.as':[
8,
],
'project:as3-commons/as3-commons-asblocks/src/main/actionscript/org/as3commons/asblocks/parser/antlr/asdoc/ASDocParser.as':[
15,
],
'project:as3-commons/as3-commons-asblocks/src/main/actionscript/org/as3commons/asblocks/parser/antlr/e4x/E4XLexer.as':[
9,
],
'project:as3-commons/as3-commons-asblocks/src/main/actionscript/org/as3commons/asblocks/parser/antlr/e4x/E4XParser.as':[
12,
],
'project:as3-commons/as3-commons-asblocks/src/main/actionscript/org/as3commons/asblocks/parser/antlr/regexsimple/RegexSimpleLexer.as':[
10,
],
'project:as3-commons/as3-commons-async/src/main/actionscript/org/as3commons/async/task/impl/Task.as':[
47,
],
'project:as3-commons/as3-commons-bytecode/src/main/actionscript/org/as3commons/bytecode/abc/ConstantPool.as':[
50,
],
'project:as3-commons/as3-commons-bytecode/src/main/actionscript/org/as3commons/bytecode/emit/impl/MethodBodyBuilder.as':[
38,
],
'project:as3-commons/as3-commons-bytecode/src/main/actionscript/org/as3commons/bytecode/io/AbcSerializer.as':[
69,
],
'project:as3-commons/as3-commons-bytecode/src/main/actionscript/org/as3commons/bytecode/proxy/impl/ProxyFactory.as':[
132,
],
'project:as3-commons/as3-commons-bytecode/src/main/actionscript/org/as3commons/bytecode/reflect/ReflectionDeserializer.as':[
49,
],
'project:as3-commons/as3-commons-bytecode/src/test/actionscript/org/as3commons/bytecode/abc/enum/OpcodeTest.as':[
32,
],
'project:as3-commons/as3-commons-collections/src/main/actionscript/org/as3commons/collections/Treap.as':[
89,
],
'project:as3-commons/as3-commons-collections/src/main/actionscript/org/as3commons/collections/framework/core/AbstractSortedCollection.as':[
31,
],
'project:as3-commons/as3-commons-eventbus/src/main/actionscript/org/as3commons/eventbus/impl/EventBus.as':[
46,
],
'project:as3-commons/as3-commons-lang/src/main/actionscript/org/as3commons/lang/ArrayUtils.as':[
26,
],
'project:as3-commons/as3-commons-lang/src/main/actionscript/org/as3commons/lang/ClassUtils.as':[
31,
],
'project:as3-commons/as3-commons-lang/src/main/actionscript/org/as3commons/lang/StringUtils.as':[
26,
],
'project:as3-commons/as3-commons-reflect/src/main/actionscript/org/as3commons/reflect/Type.as':[
56,
],
'project:as3-commons/as3-commons-stageprocessing/src/main/actionscript/org/as3commons/stageprocessing/impl/FlashStageObjectProcessorRegistry.as':[
38,
],
'project:as3-commons/as3-commons-ui/src/main/actionscript/org/as3commons/ui/layout/framework/core/AbstractLayout.as':[
47,
],
'project:as3-commons/as3-commons-ui/src/test/actionscript/org/as3commons/ui/lifecycle/i10n/tests/I10NAdapterTest.as':[
24,
],
'project:as3-commons/as3-commons-ui/src/test/actionscript/org/as3commons/ui/lifecycle/lifecycle/tests/LifeCycleAdapterTest.as':[
24,
],
'project:as3-commons/as3-commons-zip/src/main/actionscript/org/as3commons/zip/ZipFile.as':[
27,
],
'project:spring-actionscript/spring-actionscript-core/src/main/actionscript/org/springextensions/actionscript/context/impl/ApplicationContext.as':[
97,
],
'project:spring-actionscript/spring-actionscript-core/src/main/actionscript/org/springextensions/actionscript/context/impl/DefaultApplicationContextInitializer.as':[
64,
],
'project:spring-actionscript/spring-actionscript-core/src/main/actionscript/org/springextensions/actionscript/eventbus/impl/DefaultEventBusUserRegistry.as':[
39,
],
'project:spring-actionscript/spring-actionscript-core/src/main/actionscript/org/springextensions/actionscript/ioc/autowire/impl/DefaultAutowireProcessor.as':[
58,
],
'project:spring-actionscript/spring-actionscript-core/src/main/actionscript/org/springextensions/actionscript/ioc/factory/impl/DefaultObjectFactory.as':[
77,
],
'project:spring-actionscript/spring-actionscript-core/src/main/actionscript/org/springextensions/actionscript/ioc/objectdefinition/impl/DefaultObjectDefinitionRegistry.as':[
41,
],
'project:spring-actionscript/spring-actionscript-flex/src/main/actionscript/org/springextensions/actionscript/ioc/config/impl/mxml/component/MXMLObjectDefinition.as':[
55,
],
}
