{
'project:as3-commons/as3-commons-aop/src/main/actionscript/org/as3commons/aop/advice/util/AdviceUtil.as':[
56,
63,
],
'project:as3-commons/as3-commons-aop/src/main/actionscript/org/as3commons/aop/intercept/impl/AdvisorInterceptor.as':[
167,
175,
],
'project:as3-commons/as3-commons-bytecode/src/main/actionscript/org/as3commons/bytecode/abc/AbcFile.as':[
187,
195,
203,
211,
219,
227,
],
'project:as3-commons/as3-commons-bytecode/src/main/actionscript/org/as3commons/bytecode/abc/ConstantPool.as':[
179,
192,
205,
218,
232,
246,
260,
268,
],
'project:as3-commons/as3-commons-bytecode/src/main/actionscript/org/as3commons/bytecode/emit/impl/AccessorBuilder.as':[
67,
72,
],
'project:as3-commons/as3-commons-bytecode/src/main/actionscript/org/as3commons/bytecode/emit/impl/BaseTypeBuilder.as':[
64,
],
'project:as3-commons/as3-commons-bytecode/src/main/actionscript/org/as3commons/bytecode/emit/impl/ClassBuilder.as':[
77,
],
'project:as3-commons/as3-commons-bytecode/src/main/actionscript/org/as3commons/bytecode/emit/impl/MetadataBuilder.as':[
36,
],
'project:as3-commons/as3-commons-bytecode/src/main/actionscript/org/as3commons/bytecode/emit/impl/MethodArgument.as':[
37,
],
'project:as3-commons/as3-commons-bytecode/src/main/actionscript/org/as3commons/bytecode/emit/impl/MethodBodyBuilder.as':[
165,
],
'project:as3-commons/as3-commons-bytecode/src/main/actionscript/org/as3commons/bytecode/emit/impl/MethodBuilder.as':[
315,
319,
],
'project:as3-commons/as3-commons-bytecode/src/main/actionscript/org/as3commons/bytecode/emit/impl/PropertyBuilder.as':[
85,
],
'project:as3-commons/as3-commons-bytecode/src/main/actionscript/org/as3commons/bytecode/reflect/ByteCodeAccessor.as':[
110,
114,
118,
122,
126,
130,
134,
],
'project:as3-commons/as3-commons-bytecode/src/main/actionscript/org/as3commons/bytecode/reflect/ByteCodeConstant.as':[
84,
88,
92,
96,
100,
],
'project:as3-commons/as3-commons-bytecode/src/main/actionscript/org/as3commons/bytecode/reflect/ByteCodeMethod.as':[
118,
122,
126,
130,
134,
138,
142,
146,
150,
154,
158,
162,
],
'project:as3-commons/as3-commons-bytecode/src/main/actionscript/org/as3commons/bytecode/reflect/ByteCodeParameter.as':[
54,
58,
62,
],
'project:as3-commons/as3-commons-bytecode/src/main/actionscript/org/as3commons/bytecode/reflect/ByteCodeType.as':[
274,
333,
363,
367,
371,
375,
379,
383,
387,
],
'project:as3-commons/as3-commons-bytecode/src/main/actionscript/org/as3commons/bytecode/reflect/ByteCodeTypeCache.as':[
115,
133,
],
'project:as3-commons/as3-commons-bytecode/src/main/actionscript/org/as3commons/bytecode/reflect/ByteCodeVariable.as':[
80,
84,
88,
92,
96,
],
'project:as3-commons/as3-commons-bytecode/src/test/actionscript/org/as3commons/bytecode/testclasses/EventDispatcherSubclass3.as':[
61,
],
'project:as3-commons/as3-commons-bytecode/src/test/actionscript/org/as3commons/bytecode/testclasses/SimpleClassWithCustomNamespaceMethod.as':[
28,
32,
36,
],
'project:as3-commons/as3-commons-bytecode/src/test/resources/assets/abc/FullClassDefinition.as':[
91,
],
'project:as3-commons/as3-commons-bytecode/src/test/resources/assets/template/DynamicSubClass.as':[
31,
35,
],
'project:as3-commons/as3-commons-collections/src/main/actionscript/org/as3commons/collections/LinkedList.as':[
122,
132,
],
'project:as3-commons/as3-commons-collections/src/main/actionscript/org/as3commons/collections/Treap.as':[
297,
312,
327,
347,
366,
],
'project:as3-commons/as3-commons-collections/src/main/actionscript/org/as3commons/collections/framework/core/AbstractLinkedCollection.as':[
204,
211,
],
'project:as3-commons/as3-commons-collections/src/main/actionscript/org/as3commons/collections/framework/core/AbstractList.as':[
220,
],
'project:as3-commons/as3-commons-collections/src/main/actionscript/org/as3commons/collections/framework/core/AbstractSortedCollection.as':[
234,
249,
264,
284,
303,
],
'project:as3-commons/as3-commons-eventbus/src/main/actionscript/org/as3commons/eventbus/impl/collection/WeakLinkedList.as':[
52,
62,
],
'project:as3-commons/as3-commons-lang/src/test/actionscript/org/as3commons/lang/testclasses/PropertiesClass.as':[
22,
25,
26,
29,
44,
47,
48,
51,
],
'project:as3-commons/as3-commons-logging/src/main/actionscript/org/as3commons/logging/setup/log4j/Log4JStyleSetup.as':[
202,
207,
211,
231,
267,
272,
283,
326,
331,
345,
350,
],
'project:as3-commons/as3-commons-logging/src/test/actionscript/org/as3commons/logging/util/HereTest.as':[
33,
],
'project:as3-commons/as3-commons-metadata/src/test/actionscript/org/as3commons/metadata/test/AnonMetadataProcessorWithCustomNamespacedProcessMethod.as':[
31,
],
'project:as3-commons/as3-commons-reflect/src/main/actionscript/org/as3commons/reflect/AbstractMember.as':[
235,
239,
243,
247,
251,
],
'project:as3-commons/as3-commons-reflect/src/main/actionscript/org/as3commons/reflect/Accessor.as':[
169,
],
'project:as3-commons/as3-commons-reflect/src/main/actionscript/org/as3commons/reflect/BaseParameter.as':[
104,
108,
],
'project:as3-commons/as3-commons-reflect/src/main/actionscript/org/as3commons/reflect/Metadata.as':[
165,
],
'project:as3-commons/as3-commons-reflect/src/main/actionscript/org/as3commons/reflect/Method.as':[
174,
211,
215,
220,
224,
229,
233,
238,
],
'project:as3-commons/as3-commons-reflect/src/main/actionscript/org/as3commons/reflect/Type.as':[
774,
],
'project:as3-commons/as3-commons-reflect/src/test/actionscript/org/as3commons/reflect/testclasses/ComplexerClass.as':[
36,
],
'project:as3-commons/as3-commons-reflect/src/test/actionscript/org/as3commons/reflect/testclasses/ProxiedClass.as':[
42,
46,
],
'project:as3-commons/as3-commons-swc/src/main/actionscript/org/as3commons/swc/SWC.as':[
129,
153,
162,
166,
],
'project:as3-commons/as3-commons-swc/src/main/actionscript/org/as3commons/swc/SWCFile.as':[
56,
],
'project:as3-commons/as3-commons-ui/src/main/actionscript/org/as3commons/ui/focus/FocusAdapter.as':[
104,
115,
130,
],
'project:as3-commons/as3-commons-ui/src/main/actionscript/org/as3commons/ui/framework/uiservice/AbstractUIAdapter.as':[
41,
46,
],
'project:as3-commons/as3-commons-ui/src/main/actionscript/org/as3commons/ui/framework/uiservice/AbstractUIService.as':[
38,
43,
],
'project:as3-commons/as3-commons-ui/src/main/actionscript/org/as3commons/ui/layer/tooltip/ToolTipAdapter.as':[
123,
133,
144,
164,
],
'project:as3-commons/as3-commons-ui/src/main/actionscript/org/as3commons/ui/layout/framework/core/AbstractLayout.as':[
298,
],
'project:as3-commons/as3-commons-ui/src/main/actionscript/org/as3commons/ui/layout/framework/core/AbstractLayoutItem.as':[
415,
],
'project:as3-commons/as3-commons-ui/src/main/actionscript/org/as3commons/ui/lifecycle/i10n/I10N.as':[
167,
202,
211,
],
'project:as3-commons/as3-commons-ui/src/main/actionscript/org/as3commons/ui/lifecycle/i10n/I10NAdapter.as':[
107,
113,
121,
145,
149,
153,
157,
],
'project:as3-commons/as3-commons-ui/src/main/actionscript/org/as3commons/ui/lifecycle/lifecycle/LifeCycleAdapter.as':[
100,
109,
113,
117,
121,
125,
134,
],
'project:as3-commons/as3-commons-ui/src/main/actionscript/org/as3commons/ui/lifecycle/lifecycle/LifeCycleView.as':[
88,
93,
97,
101,
105,
109,
],
'project:as3-commons/as3-commons-ui/src/test/actionscript/org/as3commons/ui/framework/uiservice/testhelper/TestAdapter.as':[
19,
25,
],
'project:spring-actionscript/spring-actionscript-core/src/test/actionscript/org/springextensions/actionscript/test/testtypes/TestInjectionClass.as':[
51,
],
}
