{
'project:as3-commons/as3-commons-collections/src/test/actionscript/org/as3commons/collections/units/ISortOrderTests.as':[
258,
],
'project:as3-commons/as3-commons-lang/src/main/actionscript/org/as3commons/lang/StringUtils.as':[
2568,
],
'project:as3-commons/as3-commons-logging/src/main/actionscript/org/as3commons/logging/setup/MergedSetup.as':[
61,
],
'project:as3-commons/as3-commons-logging/src/main/actionscript/org/as3commons/logging/setup/target/MergedTarget.as':[
75,
],
'project:as3-commons/as3-commons-logging/src/test/actionscript/org/as3commons/logging/setup/target/BufferTest.as':[
56,
],
'project:as3-commons/as3-commons-logging/src/test/actionscript/org/as3commons/logging/simple/SimpleLoggingTest.as':[
88,
100,
],
}
