{
'project:as3-commons/as3-commons-aop/src/examples/shared/org/as3commons/aop/intercept/StringToUpperCaseConstructorInterceptor.as':[
17,
],
'project:as3-commons/as3-commons-asblocks/src/main/actionscript/org/as3commons/asblocks/impl/ASTASMetaTag.as':[
99,
],
'project:as3-commons/as3-commons-asblocks/src/main/actionscript/org/as3commons/asblocks/impl/MetaTagUtils.as':[
54,
],
'project:as3-commons/as3-commons-bytecode/src/main/actionscript/org/as3commons/bytecode/abc/ConstantPool.as':[
436,
],
'project:as3-commons/as3-commons-bytecode/src/main/actionscript/org/as3commons/bytecode/abc/InstanceInfo.as':[
72,
],
'project:as3-commons/as3-commons-bytecode/src/main/actionscript/org/as3commons/bytecode/abc/Multiname.as':[
45,
46,
],
'project:as3-commons/as3-commons-bytecode/src/main/actionscript/org/as3commons/bytecode/abc/MultinameG.as':[
60,
61,
],
'project:as3-commons/as3-commons-bytecode/src/main/actionscript/org/as3commons/bytecode/abc/MultinameL.as':[
51,
52,
],
'project:as3-commons/as3-commons-bytecode/src/main/actionscript/org/as3commons/bytecode/abc/NamedMultiname.as':[
54,
55,
],
'project:as3-commons/as3-commons-bytecode/src/main/actionscript/org/as3commons/bytecode/abc/QualifiedName.as':[
70,
71,
72,
],
'project:as3-commons/as3-commons-bytecode/src/main/actionscript/org/as3commons/bytecode/emit/impl/BaseTypeBuilder.as':[
145,
166,
],
'project:as3-commons/as3-commons-bytecode/src/main/actionscript/org/as3commons/bytecode/emit/impl/ClassBuilder.as':[
329,
],
'project:as3-commons/as3-commons-bytecode/src/main/actionscript/org/as3commons/bytecode/reflect/ReflectionDeserializer.as':[
485,
],
'project:as3-commons/as3-commons-bytecode/src/main/actionscript/org/as3commons/bytecode/util/Assertions.as':[
69,
70,
],
'project:as3-commons/as3-commons-bytecode/src/main/actionscript/org/as3commons/bytecode/util/OpcodeIO.as':[
229,
],
'project:as3-commons/as3-commons-bytecode/src/test/actionscript/org/as3commons/bytecode/testclasses/interceptors/InterfaceMethodInterceptorImpl.as':[
39,
],
'project:as3-commons/as3-commons-bytecode/src/test/actionscript/org/as3commons/bytecode/testclasses/interceptors/MethodInterceptorImpl.as':[
38,
],
'project:as3-commons/as3-commons-collections/src/main/actionscript/org/as3commons/collections/iterators/RecursiveFilterIterator.as':[
198,
],
'project:as3-commons/as3-commons-collections/src/main/actionscript/org/as3commons/collections/iterators/RecursiveFilterIterator2.as':[
179,
],
'project:as3-commons/as3-commons-collections/src/main/actionscript/org/as3commons/collections/iterators/RecursiveIterator.as':[
127,
],
'project:as3-commons/as3-commons-lang/src/main/actionscript/org/as3commons/lang/StringUtils.as':[
2334,
2347,
],
'project:as3-commons/as3-commons-lang/src/main/actionscript/org/as3commons/lang/XMLUtils.as':[
102,
],
'project:as3-commons/as3-commons-logging/src/main/actionscript/org/as3commons/logging/setup/target/XMLSocketGateway.as':[
91,
],
'project:as3-commons/as3-commons-logging/src/main/actionscript/org/as3commons/logging/util/objectifyLimited.as':[
45,
],
'project:as3-commons/as3-commons-reflect/src/main/actionscript/org/as3commons/reflect/MethodInvoker.as':[
161,
],
'project:as3-commons/as3-commons-stageprocessing/src/main/actionscript/org/as3commons/stageprocessing/impl/FlashStageObjectProcessorRegistry.as':[
193,
295,
490,
554,
],
'project:as3-commons/as3-commons-ui/src/main/actionscript/org/as3commons/ui/layout/framework/core/cell/AbstractCell.as':[
194,
208,
],
'project:as3-commons/as3-commons-ui/src/main/actionscript/org/as3commons/ui/layout/framework/core/parser/DynTableParser.as':[
241,
],
'project:spring-actionscript/spring-actionscript-core/src/main/actionscript/org/springextensions/actionscript/context/impl/DefaultChildContextManager.as':[
170,
],
'project:spring-actionscript/spring-actionscript-core/src/main/actionscript/org/springextensions/actionscript/eventbus/impl/DefaultEventBusUserRegistry.as':[
479,
],
'project:spring-actionscript/spring-actionscript-core/src/main/actionscript/org/springextensions/actionscript/ioc/autowire/impl/DefaultAutowireProcessor.as':[
455,
],
'project:spring-actionscript/spring-actionscript-core/src/main/actionscript/org/springextensions/actionscript/ioc/config/impl/xml/namespacehandler/impl/task/nodeparser/TaskNodeParser.as':[
114,
124,
],
'project:spring-actionscript/spring-actionscript-core/src/main/actionscript/org/springextensions/actionscript/ioc/config/impl/xml/parser/impl/nodeparser/ArrayCollectionNodeParser.as':[
57,
],
'project:spring-actionscript/spring-actionscript-core/src/main/actionscript/org/springextensions/actionscript/ioc/config/impl/xml/preprocess/impl/AttributeToElementPreprocessor.as':[
76,
],
'project:spring-actionscript/spring-actionscript-core/src/main/actionscript/org/springextensions/actionscript/ioc/factory/impl/DefaultObjectFactory.as':[
279,
],
'project:spring-actionscript/spring-actionscript-core/src/main/actionscript/org/springextensions/actionscript/ioc/factory/impl/GenericFactoryObject.as':[
62,
],
'project:spring-actionscript/spring-actionscript-core/src/main/actionscript/org/springextensions/actionscript/ioc/impl/DefaultObjectDestroyer.as':[
114,
],
'project:spring-actionscript/spring-actionscript-core/src/main/actionscript/org/springextensions/actionscript/ioc/objectdefinition/impl/DefaultObjectDefinitionRegistry.as':[
197,
],
'project:spring-actionscript/spring-actionscript-core/src/main/actionscript/org/springextensions/actionscript/stage/DefaultAutowiringStageProcessor.as':[
147,
],
'project:spring-actionscript/spring-actionscript-core/src/main/actionscript/org/springextensions/actionscript/stage/DefaultObjectDefinitionResolver.as':[
107,
],
'project:spring-actionscript/spring-actionscript-flex/src/main/actionscript/org/springextensions/actionscript/ioc/config/impl/mxml/component/MXMLObjectDefinition.as':[
789,
],
'project:spring-actionscript/spring-actionscript-flex/src/test/actionscript/org/springextensions/actionscript/ioc/config/impl/mxml/component/MXMLObjectDefinitionTest.as':[
65,
],
'project:spring-actionscript/spring-actionscript-mvc/src/main/actionscript/org/springextensions/actionscript/mvc/impl/CommandProxy.as':[
93,
],
'project:spring-actionscript/spring-actionscript-samples/cafe-townsend-bootstrap/src/main/actionscript/org/springextensions/actionscript/domain/util/EntityUtil.as':[
39,
58,
76,
93,
111,
112,
139,
172,
],
'project:spring-actionscript/spring-actionscript-samples/cafe-townsend-metadata-config/src/main/actionscript/org/springextensions/actionscript/domain/util/EntityUtil.as':[
39,
58,
76,
93,
111,
112,
139,
172,
],
'project:spring-actionscript/spring-actionscript-samples/cafe-townsend-multi-module/src/main/actionscript/org/springextensions/actionscript/domain/util/EntityUtil.as':[
39,
58,
76,
93,
111,
112,
139,
172,
],
'project:spring-actionscript/spring-actionscript-samples/cafe-townsend-mxml-config/src/main/actionscript/org/springextensions/actionscript/domain/util/EntityUtil.as':[
39,
58,
76,
93,
111,
112,
139,
172,
],
'project:spring-actionscript/spring-actionscript-samples/cafe-townsend/src/main/actionscript/org/springextensions/actionscript/domain/util/EntityUtil.as':[
39,
58,
76,
93,
111,
112,
139,
172,
],
}
