{
'project:as3-commons/as3-commons-asblocks/src/main/actionscript/org/as3commons/asblocks/parser/antlr/as3/AS3Lexer.as':[
5457,
5459,
5461,
5464,
5467,
5470,
5473,
5569,
5571,
5573,
5576,
5579,
5582,
5585,
5681,
5713,
5715,
5759,
5804,
5833,
5836,
],
'project:as3-commons/as3-commons-asblocks/src/main/actionscript/org/as3commons/asblocks/parser/antlr/as3/AS3Parser.as':[
22,
16705,
16707,
16709,
16713,
16716,
16719,
16722,
16892,
16894,
16896,
16898,
16900,
16903,
16905,
16970,
16972,
16974,
16976,
16978,
16981,
16983,
17064,
17066,
17069,
17073,
17077,
17083,
17085,
17172,
17174,
17176,
17179,
17182,
17185,
17188,
17366,
17368,
17370,
17372,
17374,
17377,
17379,
17420,
17422,
17424,
17427,
17430,
17433,
17437,
17665,
17667,
17669,
17672,
17675,
17679,
17682,
17767,
17769,
17771,
17774,
17777,
17780,
17783,
17890,
17892,
17894,
17896,
17898,
17901,
17903,
18026,
18028,
18030,
18033,
18036,
18039,
18041,
18161,
18163,
18165,
18168,
18171,
18175,
18177,
18197,
18198,
18199,
18200,
18201,
18202,
18203,
18204,
18205,
18206,
18207,
18208,
18209,
18210,
18211,
18212,
18213,
18214,
18215,
18216,
18217,
18218,
18219,
18220,
18221,
18222,
18223,
18224,
18225,
18226,
18227,
18228,
18229,
18230,
18231,
18232,
18233,
18234,
18235,
18236,
18237,
18238,
18239,
18240,
18241,
18242,
18243,
18244,
18245,
18246,
18247,
18248,
18249,
18250,
18251,
18252,
18253,
18254,
18255,
18256,
18257,
18258,
18259,
18260,
18261,
18262,
18263,
18264,
18265,
18266,
18267,
18268,
18269,
18270,
18271,
18272,
18273,
18274,
18275,
18276,
18277,
18278,
18279,
18280,
18281,
18282,
18283,
18284,
18285,
18286,
18287,
18288,
18289,
18290,
18291,
18292,
18293,
18294,
18295,
18296,
18297,
18298,
18299,
18300,
18301,
18302,
18303,
18304,
18305,
18306,
18307,
18308,
18309,
18310,
18311,
18312,
18313,
18314,
18315,
18316,
18317,
18318,
18319,
18320,
18321,
18322,
18323,
18324,
18325,
18326,
18327,
18328,
18329,
18330,
18331,
18332,
18333,
18334,
18335,
18336,
18337,
18338,
18339,
18340,
18341,
18342,
18343,
18344,
18345,
18346,
18347,
18348,
18349,
18350,
18351,
18352,
18353,
18354,
18355,
18356,
18357,
18358,
18359,
18360,
18361,
18362,
18363,
18364,
18365,
18366,
18367,
18368,
18369,
18370,
18371,
18372,
18373,
18374,
18375,
18376,
18377,
18378,
18379,
18380,
18381,
18382,
18383,
18384,
18385,
18386,
18387,
18388,
18389,
18390,
18391,
18392,
18393,
18394,
18395,
18396,
18397,
18398,
18399,
18400,
18401,
18402,
18403,
18404,
18405,
18406,
18407,
18408,
18409,
18410,
18411,
18412,
18413,
18414,
18415,
18416,
18417,
18418,
18419,
18420,
18421,
18422,
18423,
18424,
18425,
18426,
18427,
18428,
18429,
18430,
18431,
18432,
18433,
18434,
18435,
18436,
18437,
18438,
18439,
18440,
18441,
18442,
18443,
18444,
18445,
18446,
18447,
18448,
18449,
18450,
18451,
18452,
18453,
18454,
18455,
18456,
18457,
18458,
18459,
18460,
18461,
18462,
18463,
18464,
18465,
18466,
18467,
18468,
18469,
18470,
18471,
18472,
18473,
18474,
18475,
18476,
18477,
18478,
18479,
18480,
18481,
18482,
18483,
18484,
18485,
18486,
18487,
18488,
18489,
18490,
18491,
18492,
18493,
18494,
18495,
18496,
18497,
18498,
18499,
18500,
18501,
18502,
18503,
18504,
18505,
18506,
18507,
18508,
18509,
18510,
18511,
18512,
18513,
18514,
18515,
18516,
18517,
18518,
18519,
18520,
18521,
18522,
18523,
18524,
18525,
18526,
18527,
18528,
18529,
18530,
18531,
18532,
18533,
18534,
18535,
18536,
18537,
18538,
18539,
18540,
18541,
18542,
18543,
18544,
18545,
18546,
18547,
18548,
18549,
18550,
18551,
18552,
18553,
18554,
18555,
18556,
18557,
18558,
18559,
18560,
18561,
18562,
18563,
18564,
18565,
18566,
18567,
18568,
18569,
18570,
18571,
18572,
18573,
18574,
18575,
18576,
18577,
18578,
18579,
18580,
18581,
18582,
18583,
18584,
18585,
18586,
18587,
18588,
18589,
18590,
18591,
18592,
18593,
18594,
18595,
18596,
18597,
18598,
18599,
18600,
18601,
18602,
18603,
18604,
18605,
18606,
18607,
18608,
18609,
18610,
18611,
18612,
18613,
18614,
18615,
18616,
18617,
18618,
18619,
18620,
18621,
18622,
18623,
18624,
18625,
18626,
18627,
18628,
18629,
18630,
18631,
18632,
18633,
18634,
18635,
18636,
18637,
18638,
18639,
18640,
18641,
18642,
18643,
18644,
18645,
18646,
18647,
18648,
18649,
18650,
18651,
18652,
18653,
18654,
18655,
18656,
18657,
18658,
18659,
18660,
18661,
18662,
18663,
18664,
18665,
18666,
18667,
18668,
18669,
18670,
18671,
18672,
18673,
18674,
18675,
18676,
18677,
18678,
18679,
18680,
18681,
18682,
18683,
18684,
18685,
18686,
18687,
18688,
18689,
18690,
18691,
18692,
18693,
18694,
18695,
18696,
18697,
18698,
18699,
18700,
18701,
18702,
18703,
18704,
18705,
18706,
18707,
18708,
18709,
18710,
18711,
18712,
18713,
18714,
18715,
18716,
18717,
18718,
18719,
18720,
18721,
18722,
18723,
18724,
18725,
18726,
18727,
18728,
18729,
18730,
18731,
18732,
18733,
18734,
18735,
18736,
18737,
18738,
18739,
18740,
18741,
18742,
18743,
18744,
18745,
18746,
18747,
18748,
18749,
18750,
18751,
18752,
18753,
18754,
18755,
18756,
18757,
18758,
18759,
18760,
18761,
18762,
18763,
18764,
18765,
18766,
18767,
18768,
18769,
18770,
],
'project:as3-commons/as3-commons-asblocks/src/main/actionscript/org/as3commons/asblocks/parser/antlr/asdoc/ASDocLexer.as':[
521,
524,
526,
529,
532,
536,
539,
],
'project:as3-commons/as3-commons-asblocks/src/main/actionscript/org/as3commons/asblocks/parser/antlr/asdoc/ASDocParser.as':[
16,
1199,
1201,
1203,
1205,
1207,
1210,
1212,
1226,
1228,
1230,
1232,
1234,
1237,
1239,
1253,
1255,
1259,
1266,
1273,
1277,
1285,
1850,
1852,
1856,
1863,
1870,
1874,
1882,
2448,
2450,
2452,
2454,
2456,
2459,
2461,
2475,
2477,
2479,
2481,
2483,
2486,
2488,
2503,
2504,
2505,
2506,
2507,
2508,
2509,
2510,
2511,
2512,
2513,
2514,
2515,
2516,
2517,
2518,
2519,
2520,
2521,
2522,
2523,
2524,
2525,
2526,
2527,
2528,
2529,
2530,
2531,
2532,
2533,
2534,
2535,
2536,
2537,
2538,
2539,
2540,
2541,
],
'project:as3-commons/as3-commons-asblocks/src/main/actionscript/org/as3commons/asblocks/parser/antlr/e4x/E4XLexer.as':[
11,
12,
13,
14,
15,
16,
17,
18,
878,
881,
883,
887,
891,
897,
900,
],
'project:as3-commons/as3-commons-asblocks/src/main/actionscript/org/as3commons/asblocks/parser/antlr/e4x/E4XParser.as':[
13,
17,
18,
19,
20,
21,
22,
23,
24,
1400,
1401,
1402,
1403,
1404,
1405,
1406,
1407,
1408,
1409,
1410,
1411,
1412,
1413,
1414,
1415,
1416,
1417,
1418,
1419,
1420,
1421,
1422,
1423,
1424,
1425,
1426,
1427,
1428,
1429,
1430,
1431,
1432,
1433,
1434,
1435,
1436,
1437,
1438,
1439,
1440,
1441,
1442,
],
'project:as3-commons/as3-commons-asblocks/src/main/actionscript/org/as3commons/asblocks/parser/antlr/regexsimple/RegexSimpleLexer.as':[
480,
482,
484,
487,
490,
493,
496,
],
'project:as3-commons/as3-commons-asblocks/src/main/actionscript/org/as3commons/asblocks/parser/antlr/regexsimple/RegexSimpleParser.as':[
21,
441,
442,
443,
444,
445,
446,
447,
],
'project:as3-commons/as3-commons-async/src/main/actionscript/org/as3commons/async/command/CompositeCommandKind.as':[
31,
],
'project:as3-commons/as3-commons-async/src/main/actionscript/org/as3commons/async/operation/trigger/impl/AbstractCompositeOperationCompleteTrigger.as':[
27,
],
'project:as3-commons/as3-commons-async/src/main/actionscript/org/as3commons/async/operation/trigger/impl/AbstractParallelOperationCompleteTrigger.as':[
26,
],
'project:as3-commons/as3-commons-async/src/main/actionscript/org/as3commons/async/operation/trigger/impl/AndOperationCompleteTrigger.as':[
24,
],
'project:as3-commons/as3-commons-async/src/main/actionscript/org/as3commons/async/operation/trigger/impl/OrOperationCompleteTrigger.as':[
24,
],
'project:as3-commons/as3-commons-async/src/main/actionscript/org/as3commons/async/operation/trigger/impl/TimeBasedOperationCompleteTrigger.as':[
25,
],
'project:as3-commons/as3-commons-bytecode/src/main/actionscript/org/as3commons/bytecode/abc/enum/ClassConstant.as':[
28,
],
'project:as3-commons/as3-commons-bytecode/src/main/actionscript/org/as3commons/bytecode/abc/enum/ConstantKind.as':[
29,
],
'project:as3-commons/as3-commons-bytecode/src/main/actionscript/org/as3commons/bytecode/abc/enum/MultinameKind.as':[
31,
],
'project:as3-commons/as3-commons-bytecode/src/main/actionscript/org/as3commons/bytecode/abc/enum/NamespaceKind.as':[
26,
27,
28,
],
'project:as3-commons/as3-commons-bytecode/src/main/actionscript/org/as3commons/bytecode/abc/enum/Opcode.as':[
37,
38,
44,
45,
46,
47,
48,
49,
50,
51,
52,
53,
54,
55,
56,
57,
58,
59,
60,
61,
62,
63,
64,
65,
66,
67,
68,
69,
70,
71,
72,
73,
74,
75,
76,
77,
78,
79,
80,
81,
82,
83,
84,
85,
86,
87,
88,
89,
90,
91,
92,
93,
94,
95,
96,
97,
98,
99,
100,
101,
102,
103,
104,
105,
106,
107,
108,
109,
110,
111,
112,
113,
114,
115,
116,
117,
118,
119,
120,
121,
122,
123,
124,
125,
126,
127,
128,
129,
130,
131,
132,
133,
134,
135,
136,
137,
138,
139,
140,
141,
142,
143,
144,
145,
146,
147,
148,
149,
150,
151,
152,
153,
154,
155,
156,
157,
158,
159,
160,
161,
162,
163,
164,
165,
166,
167,
168,
169,
170,
171,
172,
173,
174,
175,
176,
177,
178,
179,
180,
181,
182,
183,
184,
185,
186,
187,
188,
189,
190,
191,
192,
193,
194,
195,
196,
197,
198,
199,
200,
201,
202,
203,
204,
205,
206,
207,
208,
209,
212,
213,
214,
215,
216,
218,
219,
220,
221,
222,
223,
],
'project:as3-commons/as3-commons-bytecode/src/main/actionscript/org/as3commons/bytecode/abc/enum/TraitAttributes.as':[
27,
],
'project:as3-commons/as3-commons-bytecode/src/main/actionscript/org/as3commons/bytecode/abc/enum/TraitKind.as':[
29,
],
'project:as3-commons/as3-commons-bytecode/src/main/actionscript/org/as3commons/bytecode/emit/asm/Asm.as':[
32,
],
'project:as3-commons/as3-commons-bytecode/src/main/actionscript/org/as3commons/bytecode/emit/asm/TokenKind.as':[
25,
],
'project:as3-commons/as3-commons-bytecode/src/main/actionscript/org/as3commons/bytecode/emit/enum/MemberVisibility.as':[
29,
],
'project:as3-commons/as3-commons-bytecode/src/main/actionscript/org/as3commons/bytecode/emit/impl/MethodBodyBuilder.as':[
43,
],
'project:as3-commons/as3-commons-bytecode/src/main/actionscript/org/as3commons/bytecode/io/AbcDeserializer.as':[
64,
],
'project:as3-commons/as3-commons-bytecode/src/main/actionscript/org/as3commons/bytecode/io/AbcSerializer.as':[
73,
],
'project:as3-commons/as3-commons-bytecode/src/main/actionscript/org/as3commons/bytecode/io/MethodBodyExtractionKind.as':[
28,
],
'project:as3-commons/as3-commons-bytecode/src/main/actionscript/org/as3commons/bytecode/proxy/error/ProxyBuildError.as':[
67,
],
'project:as3-commons/as3-commons-bytecode/src/main/actionscript/org/as3commons/bytecode/reflect/ByteCodeType.as':[
38,
],
'project:as3-commons/as3-commons-bytecode/src/main/actionscript/org/as3commons/bytecode/reflect/PlayerGlobalData.as':[
54,
67,
82,
83,
84,
88,
94,
100,
106,
107,
108,
112,
118,
123,
125,
159,
],
'project:as3-commons/as3-commons-bytecode/src/main/actionscript/org/as3commons/bytecode/tags/struct/FillStyleType.as':[
23,
],
'project:as3-commons/as3-commons-bytecode/src/main/actionscript/org/as3commons/bytecode/util/AbcSpec.as':[
68,
],
'project:as3-commons/as3-commons-bytecode/src/main/actionscript/org/as3commons/bytecode/util/OpcodeIO.as':[
43,
44,
],
'project:as3-commons/as3-commons-bytecode/src/main/actionscript/org/as3commons/bytecode/util/StringLookup.as':[
33,
],
'project:as3-commons/as3-commons-collections/src/test/actionscript/org/as3commons/collections/utils/LinkedListBuilderTest.as':[
16,
],
'project:as3-commons/as3-commons-collections/src/test/actionscript/org/as3commons/collections/utils/ListBuilderTest.as':[
17,
25,
],
'project:as3-commons/as3-commons-collections/src/test/actionscript/org/as3commons/collections/utils/MapBuilderTest.as':[
16,
26,
38,
],
'project:as3-commons/as3-commons-collections/src/test/actionscript/org/as3commons/collections/utils/SetBuilderTest.as':[
17,
29,
37,
],
'project:as3-commons/as3-commons-lang/src/main/actionscript/org/as3commons/lang/HashArray.as':[
21,
24,
],
'project:as3-commons/as3-commons-lang/src/test/actionscript/org/as3commons/lang/EnumTest.as':[
174,
],
'project:as3-commons/as3-commons-lang/src/test/actionscript/org/as3commons/lang/testclasses/PropertiesClass.as':[
9,
20,
31,
42,
],
'project:as3-commons/as3-commons-lang/src/test/actionscript/org/as3commons/lang/testclasses/SampleEnum.as':[
13,
],
'project:as3-commons/as3-commons-logging/src/main/actionscript/org/as3commons/logging/api/LoggerFactory.as':[
76,
77,
],
'project:as3-commons/as3-commons-logging/src/main/actionscript/org/as3commons/logging/integration/ASAPIntegration.as':[
68,
],
'project:as3-commons/as3-commons-logging/src/main/actionscript/org/as3commons/logging/integration/FlexUnitListener.as':[
52,
53,
69,
],
'project:as3-commons/as3-commons-logging/src/main/actionscript/org/as3commons/logging/integration/Log5FIntegration.as':[
77,
],
'project:as3-commons/as3-commons-logging/src/main/actionscript/org/as3commons/logging/integration/MaashaackIntegration.as':[
50,
],
'project:as3-commons/as3-commons-logging/src/main/actionscript/org/as3commons/logging/integration/MateIntegration.as':[
51,
],
'project:as3-commons/as3-commons-logging/src/main/actionscript/org/as3commons/logging/integration/OSMFIntegration.as':[
48,
],
'project:as3-commons/as3-commons-logging/src/main/actionscript/org/as3commons/logging/integration/Progression4Integration.as':[
67,
],
'project:as3-commons/as3-commons-logging/src/main/actionscript/org/as3commons/logging/integration/PushButtonIntegration.as':[
53,
],
'project:as3-commons/as3-commons-logging/src/main/actionscript/org/as3commons/logging/integration/SwizIntegration.as':[
52,
],
'project:as3-commons/as3-commons-logging/src/main/actionscript/org/as3commons/logging/setup/LogSetupLevel.as':[
42,
],
'project:as3-commons/as3-commons-logging/src/main/actionscript/org/as3commons/logging/setup/log4j/Log4JStyleSetup.as':[
134,
140,
145,
150,
377,
],
'project:as3-commons/as3-commons-logging/src/main/actionscript/org/as3commons/logging/setup/log4j/log4j.as':[
34,
],
'project:as3-commons/as3-commons-logging/src/main/actionscript/org/as3commons/logging/setup/log4j/log4jPropertiesToSetup.as':[
36,
39,
40,
85,
],
'project:as3-commons/as3-commons-logging/src/main/actionscript/org/as3commons/logging/setup/target/AbstractClassicTarget.as':[
12,
],
'project:as3-commons/as3-commons-logging/src/main/actionscript/org/as3commons/logging/setup/target/AbstractHttpTarget.as':[
40,
42,
43,
],
'project:as3-commons/as3-commons-logging/src/main/actionscript/org/as3commons/logging/setup/target/AirFileTarget.as':[
102,
],
'project:as3-commons/as3-commons-logging/src/main/actionscript/org/as3commons/logging/setup/target/AlconTarget.as':[
54,
],
'project:as3-commons/as3-commons-logging/src/main/actionscript/org/as3commons/logging/setup/target/ConditionalBuffer.as':[
47,
],
'project:as3-commons/as3-commons-logging/src/main/actionscript/org/as3commons/logging/setup/target/FirebugTarget.as':[
59,
],
'project:as3-commons/as3-commons-logging/src/main/actionscript/org/as3commons/logging/setup/target/FlexLogTarget.as':[
43,
44,
],
'project:as3-commons/as3-commons-logging/src/main/actionscript/org/as3commons/logging/setup/target/FrameBufferTarget.as':[
49,
70,
77,
],
'project:as3-commons/as3-commons-logging/src/main/actionscript/org/as3commons/logging/setup/target/LSHttpTarget.as':[
47,
],
'project:as3-commons/as3-commons-logging/src/main/actionscript/org/as3commons/logging/setup/target/Log5FTarget.as':[
56,
],
'project:as3-commons/as3-commons-logging/src/main/actionscript/org/as3commons/logging/setup/target/MaashaackTarget.as':[
103,
104,
105,
106,
],
'project:as3-commons/as3-commons-logging/src/main/actionscript/org/as3commons/logging/setup/target/OSMFTarget.as':[
49,
],
'project:as3-commons/as3-commons-logging/src/main/actionscript/org/as3commons/logging/setup/target/SpiceLibTarget.as':[
49,
],
'project:as3-commons/as3-commons-logging/src/main/actionscript/org/as3commons/logging/setup/target/TrazzleTarget.as':[
50,
],
'project:as3-commons/as3-commons-logging/src/main/actionscript/org/as3commons/logging/setup/target/XMLSocketGateway.as':[
46,
47,
],
'project:as3-commons/as3-commons-logging/src/main/actionscript/org/as3commons/logging/util/LogMessageFormatter.as':[
144,
145,
146,
148,
],
'project:as3-commons/as3-commons-logging/src/main/actionscript/org/as3commons/logging/util/allProperties.as':[
79,
81,
],
'project:as3-commons/as3-commons-logging/src/main/actionscript/org/as3commons/logging/util/captureUncaughtErrors.as':[
46,
],
'project:as3-commons/as3-commons-logging/src/main/actionscript/org/as3commons/logging/util/passToFactory.as':[
45,
],
'project:as3-commons/as3-commons-logging/src/main/actionscript/org/as3commons/logging/util/passToTarget.as':[
36,
],
'project:as3-commons/as3-commons-logging/src/test/actionscript/FirebugTest.as':[
31,
],
'project:as3-commons/as3-commons-logging/src/test/actionscript/LSTest.as':[
23,
],
'project:as3-commons/as3-commons-logging/src/test/actionscript/LogTests.as':[
84,
86,
103,
],
'project:as3-commons/as3-commons-logging/src/test/actionscript/PerformanceComparison.as':[
23,
49,
],
'project:as3-commons/as3-commons-logging/src/test/actionscript/SizeAS3Min.as':[
15,
],
'project:as3-commons/as3-commons-logging/src/test/actionscript/SizeAsapMin.as':[
11,
],
'project:as3-commons/as3-commons-logging/src/test/actionscript/SizeFlexMin.as':[
12,
],
'project:as3-commons/as3-commons-logging/src/test/actionscript/SizeMateMin.as':[
13,
],
'project:as3-commons/as3-commons-logging/src/test/actionscript/SizeSpiceLibMin.as':[
10,
],
'project:as3-commons/as3-commons-logging/src/test/actionscript/SizeSwizMin.as':[
10,
],
'project:as3-commons/as3-commons-logging/src/test/actionscript/org/as3commons/logging/integration/MateIntegrationTest.as':[
92,
],
'project:as3-commons/as3-commons-logging/src/test/actionscript/org/as3commons/logging/integration/OSMFIntegrationTest.as':[
86,
],
'project:as3-commons/as3-commons-logging/src/test/actionscript/org/as3commons/logging/integration/SpiceLibIntegrationTest.as':[
122,
123,
],
'project:as3-commons/as3-commons-logging/src/test/actionscript/org/as3commons/logging/setup/LogTargetLevelTest.as':[
14,
],
'project:as3-commons/as3-commons-logging/src/test/actionscript/org/as3commons/logging/setup/log4j/Log4JSetupTest.as':[
272,
],
'project:as3-commons/as3-commons-logging/src/test/actionscript/org/as3commons/logging/setup/target/FrameBufferTest.as':[
18,
],
'project:as3-commons/as3-commons-logging/src/test/actionscript/org/as3commons/logging/setup/target/TextFieldTest.as':[
14,
],
'project:as3-commons/as3-commons-logging/src/test/actionscript/org/as3commons/logging/util/xml/XMLRuleTest.as':[
17,
18,
19,
21,
],
'project:as3-commons/as3-commons-logging/src/test/actionscript/org/as3commons/logging/util/xml/XMLSetupTest.as':[
15,
],
'project:as3-commons/as3-commons-logging/src/test/actionscript/perf/As3CommonsPeformance.as':[
13,
],
'project:as3-commons/as3-commons-logging/src/test/actionscript/perf/FlexPerformance.as':[
12,
],
'project:as3-commons/as3-commons-logging/src/test/actionscript/perf/SpiceLibPerformance.as':[
11,
],
'project:as3-commons/as3-commons-logging/src/test/actionscript/perf/SwizPerformance.as':[
10,
],
'project:as3-commons/as3-commons-reflect/src/main/actionscript/org/as3commons/reflect/AbstractMember.as':[
45,
],
'project:as3-commons/as3-commons-reflect/src/main/actionscript/org/as3commons/reflect/Accessor.as':[
45,
],
'project:as3-commons/as3-commons-reflect/src/main/actionscript/org/as3commons/reflect/AccessorAccess.as':[
36,
],
'project:as3-commons/as3-commons-reflect/src/main/actionscript/org/as3commons/reflect/BaseParameter.as':[
39,
],
'project:as3-commons/as3-commons-reflect/src/main/actionscript/org/as3commons/reflect/Metadata.as':[
34,
],
'project:as3-commons/as3-commons-reflect/src/main/actionscript/org/as3commons/reflect/MetadataArgument.as':[
32,
],
'project:as3-commons/as3-commons-reflect/src/main/actionscript/org/as3commons/reflect/TypeProviderKind.as':[
31,
],
'project:as3-commons/as3-commons-serialization/src/main/actionscript/com/dynamicflash/util/Base64.as':[
32,
],
'project:as3-commons/as3-commons-swc/src/main/actionscript/org/as3commons/swc/SWC.as':[
220,
],
'project:as3-commons/as3-commons-swc/src/main/actionscript/org/as3commons/swc/catalog/reader/impl/XMLCatalogReader.as':[
67,
69,
70,
],
'project:as3-commons/as3-commons-swc/src/test/actionscript/org/as3commons/swc/catalog/reader/impl/XMLCatalogReaderTest.as':[
28,
31,
34,
],
'project:as3-commons/as3-commons-ui/src/main/actionscript/org/as3commons/ui/layer/placement/PlacementAnchor.as':[
94,
],
'project:spring-actionscript/spring-actionscript-core/src/main/actionscript/org/springextensions/actionscript/ioc/autowire/impl/DefaultAutowireProcessor.as':[
100,
],
'project:spring-actionscript/spring-actionscript-core/src/main/actionscript/org/springextensions/actionscript/ioc/config/impl/TextFilesLoader.as':[
39,
],
'project:spring-actionscript/spring-actionscript-core/src/main/actionscript/org/springextensions/actionscript/ioc/config/impl/metadata/MetadataObjectDefinitionsProvider.as':[
69,
],
'project:spring-actionscript/spring-actionscript-core/src/main/actionscript/org/springextensions/actionscript/ioc/config/impl/xml/XMLObjectDefinitionsProvider.as':[
64,
65,
],
'project:spring-actionscript/spring-actionscript-core/src/main/actionscript/org/springextensions/actionscript/ioc/config/impl/xml/namespacehandler/impl/AbstractNamespaceHandler.as':[
37,
],
'project:spring-actionscript/spring-actionscript-core/src/main/actionscript/org/springextensions/actionscript/ioc/config/impl/xml/namespacehandler/impl/AbstractObjectDefinitionParser.as':[
36,
],
'project:spring-actionscript/spring-actionscript-core/src/main/actionscript/org/springextensions/actionscript/ioc/config/impl/xml/namespacehandler/impl/AttributeToPropertyMapping.as':[
31,
],
'project:spring-actionscript/spring-actionscript-core/src/main/actionscript/org/springextensions/actionscript/ioc/config/impl/xml/namespacehandler/impl/eventbus/customconfiguration/EventInterceptorCustomConfigurator.as':[
32,
],
'project:spring-actionscript/spring-actionscript-core/src/main/actionscript/org/springextensions/actionscript/ioc/config/impl/xml/namespacehandler/impl/eventbus/customconfiguration/EventListenerInterceptorCustomConfigurator.as':[
31,
],
'project:spring-actionscript/spring-actionscript-core/src/main/actionscript/org/springextensions/actionscript/ioc/config/impl/xml/namespacehandler/impl/eventbus/nodeparser/AbstractEventBusNodeParser.as':[
49,
],
'project:spring-actionscript/spring-actionscript-core/src/main/actionscript/org/springextensions/actionscript/ioc/config/impl/xml/namespacehandler/impl/eventbus/nodeparser/EventHandlerNodeParser.as':[
42,
],
'project:spring-actionscript/spring-actionscript-core/src/main/actionscript/org/springextensions/actionscript/ioc/config/impl/xml/namespacehandler/impl/eventbus/nodeparser/EventInterceptorNodeParser.as':[
42,
],
'project:spring-actionscript/spring-actionscript-core/src/main/actionscript/org/springextensions/actionscript/ioc/config/impl/xml/namespacehandler/impl/eventbus/nodeparser/EventListenerInterceptorNodeParser.as':[
42,
],
'project:spring-actionscript/spring-actionscript-core/src/main/actionscript/org/springextensions/actionscript/ioc/config/impl/xml/namespacehandler/impl/eventbus/nodeparser/EventRouterNodeParser.as':[
40,
],
'project:spring-actionscript/spring-actionscript-core/src/main/actionscript/org/springextensions/actionscript/ioc/config/impl/xml/namespacehandler/impl/stageprocessing/nodeparser/AutowiringStageProcessorNodeParser.as':[
36,
],
'project:spring-actionscript/spring-actionscript-core/src/main/actionscript/org/springextensions/actionscript/ioc/config/impl/xml/namespacehandler/impl/stageprocessing/nodeparser/GenericStageProcessorNodeParser.as':[
47,
],
'project:spring-actionscript/spring-actionscript-core/src/main/actionscript/org/springextensions/actionscript/ioc/config/impl/xml/namespacehandler/impl/stageprocessing/nodeparser/StageProcessorNodeParser.as':[
39,
],
'project:spring-actionscript/spring-actionscript-core/src/main/actionscript/org/springextensions/actionscript/ioc/config/impl/xml/namespacehandler/impl/task/TaskElementsPreprocessor.as':[
31,
],
'project:spring-actionscript/spring-actionscript-core/src/main/actionscript/org/springextensions/actionscript/ioc/config/impl/xml/namespacehandler/impl/task/TaskNamespaceHandler.as':[
146,
],
'project:spring-actionscript/spring-actionscript-core/src/main/actionscript/org/springextensions/actionscript/ioc/config/impl/xml/namespacehandler/impl/task/nodeparser/BlockNodeParser.as':[
37,
39,
],
'project:spring-actionscript/spring-actionscript-core/src/main/actionscript/org/springextensions/actionscript/ioc/config/impl/xml/namespacehandler/impl/task/nodeparser/CompositeCommandNodeParser.as':[
39,
],
'project:spring-actionscript/spring-actionscript-core/src/main/actionscript/org/springextensions/actionscript/ioc/config/impl/xml/namespacehandler/impl/task/nodeparser/CountProviderNodeParser.as':[
34,
],
'project:spring-actionscript/spring-actionscript-core/src/main/actionscript/org/springextensions/actionscript/ioc/config/impl/xml/namespacehandler/impl/task/nodeparser/IfNodeParser.as':[
30,
],
'project:spring-actionscript/spring-actionscript-core/src/main/actionscript/org/springextensions/actionscript/ioc/config/impl/xml/namespacehandler/impl/task/nodeparser/LoadURLNodeParser.as':[
26,
],
'project:spring-actionscript/spring-actionscript-core/src/main/actionscript/org/springextensions/actionscript/ioc/config/impl/xml/namespacehandler/impl/task/nodeparser/LoadURLStreamNodeParser.as':[
27,
],
'project:spring-actionscript/spring-actionscript-core/src/main/actionscript/org/springextensions/actionscript/ioc/config/impl/xml/namespacehandler/impl/task/nodeparser/PauseCommandNodeParser.as':[
34,
],
'project:spring-actionscript/spring-actionscript-core/src/main/actionscript/org/springextensions/actionscript/ioc/config/impl/xml/namespacehandler/impl/task/nodeparser/TaskNodeParser.as':[
43,
54,
55,
56,
57,
58,
59,
60,
61,
],
'project:spring-actionscript/spring-actionscript-core/src/main/actionscript/org/springextensions/actionscript/ioc/config/impl/xml/namespacehandler/impl/util/customconfiguration/FactoryObjectCustomConfigurator.as':[
32,
],
'project:spring-actionscript/spring-actionscript-core/src/main/actionscript/org/springextensions/actionscript/ioc/config/impl/xml/namespacehandler/impl/util/nodeparser/ConstantNodeParser.as':[
38,
],
'project:spring-actionscript/spring-actionscript-core/src/main/actionscript/org/springextensions/actionscript/ioc/config/impl/xml/namespacehandler/impl/util/nodeparser/FactoryNodeParser.as':[
44,
],
'project:spring-actionscript/spring-actionscript-core/src/main/actionscript/org/springextensions/actionscript/ioc/config/impl/xml/namespacehandler/impl/util/nodeparser/InvokeNodeParser.as':[
36,
],
'project:spring-actionscript/spring-actionscript-core/src/main/actionscript/org/springextensions/actionscript/ioc/config/impl/xml/parser/impl/XMLObjectDefinitionsParser.as':[
102,
],
'project:spring-actionscript/spring-actionscript-core/src/main/actionscript/org/springextensions/actionscript/ioc/config/impl/xml/parser/impl/nodeparser/AbstractNodeParser.as':[
35,
],
'project:spring-actionscript/spring-actionscript-core/src/main/actionscript/org/springextensions/actionscript/ioc/config/impl/xml/parser/impl/nodeparser/ArrayCollectionNodeParser.as':[
38,
],
'project:spring-actionscript/spring-actionscript-core/src/main/actionscript/org/springextensions/actionscript/ioc/config/impl/xml/parser/impl/nodeparser/ArrayNodeParser.as':[
30,
],
'project:spring-actionscript/spring-actionscript-core/src/main/actionscript/org/springextensions/actionscript/ioc/config/impl/xml/parser/impl/nodeparser/DictionaryNodeParser.as':[
33,
],
'project:spring-actionscript/spring-actionscript-core/src/main/actionscript/org/springextensions/actionscript/ioc/config/impl/xml/parser/impl/nodeparser/KeyValueNodeParser.as':[
38,
],
'project:spring-actionscript/spring-actionscript-core/src/main/actionscript/org/springextensions/actionscript/ioc/config/impl/xml/parser/impl/nodeparser/NanNodeParser.as':[
26,
],
'project:spring-actionscript/spring-actionscript-core/src/main/actionscript/org/springextensions/actionscript/ioc/config/impl/xml/parser/impl/nodeparser/NullNodeParser.as':[
28,
],
'project:spring-actionscript/spring-actionscript-core/src/main/actionscript/org/springextensions/actionscript/ioc/config/impl/xml/parser/impl/nodeparser/ObjectNodeParser.as':[
32,
],
'project:spring-actionscript/spring-actionscript-core/src/main/actionscript/org/springextensions/actionscript/ioc/config/impl/xml/parser/impl/nodeparser/RefNodeParser.as':[
31,
],
'project:spring-actionscript/spring-actionscript-core/src/main/actionscript/org/springextensions/actionscript/ioc/config/impl/xml/parser/impl/nodeparser/UndefinedNodeParser.as':[
30,
],
'project:spring-actionscript/spring-actionscript-core/src/main/actionscript/org/springextensions/actionscript/ioc/config/impl/xml/parser/impl/nodeparser/VectorNodeParser.as':[
36,
],
'project:spring-actionscript/spring-actionscript-core/src/main/actionscript/org/springextensions/actionscript/ioc/config/impl/xml/preprocess/impl/AttributeToElementPreprocessor.as':[
42,
],
'project:spring-actionscript/spring-actionscript-core/src/main/actionscript/org/springextensions/actionscript/ioc/config/impl/xml/preprocess/impl/IdAttributePreprocessor.as':[
36,
],
'project:spring-actionscript/spring-actionscript-core/src/main/actionscript/org/springextensions/actionscript/ioc/config/impl/xml/preprocess/impl/InnerObjectsPreprocessor.as':[
36,
],
'project:spring-actionscript/spring-actionscript-core/src/main/actionscript/org/springextensions/actionscript/ioc/config/impl/xml/preprocess/impl/PropertyElementsPreprocessor.as':[
37,
],
'project:spring-actionscript/spring-actionscript-core/src/main/actionscript/org/springextensions/actionscript/ioc/config/impl/xml/preprocess/impl/PropertyImportPreprocessor.as':[
38,
],
'project:spring-actionscript/spring-actionscript-core/src/main/actionscript/org/springextensions/actionscript/ioc/config/impl/xml/preprocess/impl/ScopeAttributePreprocessor.as':[
39,
],
'project:spring-actionscript/spring-actionscript-core/src/main/actionscript/org/springextensions/actionscript/ioc/config/impl/xml/preprocess/impl/SpringNamesPreprocessor.as':[
35,
],
'project:spring-actionscript/spring-actionscript-core/src/main/actionscript/org/springextensions/actionscript/ioc/config/property/impl/KeyValuePropertiesParser.as':[
69,
],
'project:spring-actionscript/spring-actionscript-core/src/main/actionscript/org/springextensions/actionscript/ioc/config/property/impl/Properties.as':[
32,
],
'project:spring-actionscript/spring-actionscript-core/src/main/actionscript/org/springextensions/actionscript/ioc/config/property/impl/PropertyPlaceholderResolver.as':[
35,
],
'project:spring-actionscript/spring-actionscript-core/src/main/actionscript/org/springextensions/actionscript/ioc/objectdefinition/ChildContextObjectDefinitionAccess.as':[
29,
],
'project:spring-actionscript/spring-actionscript-core/src/main/actionscript/org/springextensions/actionscript/ioc/objectdefinition/impl/ObjectDefinition.as':[
45,
],
'project:spring-actionscript/spring-actionscript-core/src/test/actionscript/org/springextensions/actionscript/ioc/config/impl/xml/namespacehandler/impl/eventbus/nodeparser/EventHandlerNodeParserTest.as':[
41,
45,
49,
53,
],
'project:spring-actionscript/spring-actionscript-core/src/test/actionscript/org/springextensions/actionscript/ioc/config/impl/xml/namespacehandler/impl/eventbus/nodeparser/EventInterceptorNodeParserTest.as':[
45,
49,
53,
57,
],
'project:spring-actionscript/spring-actionscript-core/src/test/actionscript/org/springextensions/actionscript/ioc/config/impl/xml/namespacehandler/impl/eventbus/nodeparser/EventListenerInterceptorNodeParserTest.as':[
43,
47,
51,
55,
],
'project:spring-actionscript/spring-actionscript-core/src/test/actionscript/org/springextensions/actionscript/ioc/config/impl/xml/namespacehandler/impl/eventbus/nodeparser/EventRouterNodeParserTest.as':[
40,
44,
48,
],
'project:spring-actionscript/spring-actionscript-core/src/test/actionscript/org/springextensions/actionscript/ioc/config/impl/xml/namespacehandler/impl/stageprocessing/nodeparser/AutowiringStageProcessorNodeParserTest.as':[
47,
],
'project:spring-actionscript/spring-actionscript-core/src/test/actionscript/org/springextensions/actionscript/ioc/config/property/impl/KeyValuePropertiesParserTest.as':[
27,
28,
29,
30,
31,
32,
33,
34,
35,
],
'project:spring-actionscript/spring-actionscript-flex/src/main/actionscript/org/springextensions/actionscript/ioc/config/impl/mxml/custom/eventbus/EventRouterConfiguration.as':[
48,
],
'project:spring-actionscript/spring-actionscript-flex/src/main/actionscript/org/springextensions/actionscript/ioc/config/impl/mxml/custom/util/FactorObjectDefinition.as':[
34,
],
'project:spring-actionscript/spring-actionscript-flex/src/main/actionscript/org/springextensions/actionscript/ioc/factory/process/impl/ApplicationPropertiesObjectFactoryPostProcessor.as':[
92,
],
'project:spring-actionscript/spring-actionscript-flex/src/main/actionscript/org/springextensions/actionscript/stage/DefaultFlexAutowiringStageProcessor.as':[
33,
],
}
