{
'project:as3-commons/as3-commons-aop/src/main/actionscript/org/as3commons/aop/pointcut/impl/name/NameMatcher.as':[
68,
],
'project:as3-commons/as3-commons-asblocks/src/main/actionscript/org/as3commons/asblocks/dom/ASQName.as':[
197,
263,
],
'project:as3-commons/as3-commons-asblocks/src/main/actionscript/org/as3commons/asblocks/impl/ASTASMetaTag.as':[
168,
],
'project:as3-commons/as3-commons-asblocks/src/main/actionscript/org/as3commons/asblocks/impl/ASTBuilder.as':[
73,
],
'project:as3-commons/as3-commons-asblocks/src/main/actionscript/org/as3commons/asblocks/impl/ASTUtils.as':[
468,
],
'project:as3-commons/as3-commons-asblocks/src/main/actionscript/org/as3commons/asblocks/impl/DocumentationUtils.as':[
55,
],
'project:as3-commons/as3-commons-asblocks/src/main/actionscript/org/as3commons/asblocks/impl/ExpressionBuilder.as':[
11,
],
'project:as3-commons/as3-commons-asblocks/src/main/actionscript/org/as3commons/asblocks/impl/ParentheticUpdateFactory.as':[
20,
],
'project:as3-commons/as3-commons-asblocks/src/main/actionscript/org/as3commons/asblocks/impl/StatementBuilder.as':[
15,
],
'project:as3-commons/as3-commons-asblocks/src/main/actionscript/org/as3commons/asblocks/impl/TypeBuilder.as':[
33,
],
'project:as3-commons/as3-commons-asblocks/src/main/actionscript/org/as3commons/asblocks/parser/antlr/BasicListUpdateDelegate.as':[
66,
],
'project:as3-commons/as3-commons-asblocks/src/main/actionscript/org/as3commons/asblocks/parser/antlr/LinkedListTokenStream.as':[
160,
],
'project:as3-commons/as3-commons-asblocks/src/main/actionscript/org/as3commons/asblocks/parser/antlr/as3/AS3Lexer.as':[
2430,
2527,
2688,
2887,
3053,
3119,
3179,
3324,
3457,
3516,
3643,
3869,
3938,
3995,
4161,
4281,
4386,
4503,
4523,
5491,
5603,
],
'project:as3-commons/as3-commons-asblocks/src/main/actionscript/org/as3commons/asblocks/parser/antlr/as3/AS3Parser.as':[
669,
745,
818,
925,
1261,
1403,
1533,
1666,
1804,
2047,
2102,
2165,
2420,
2549,
2730,
2830,
2931,
3031,
3164,
3303,
3418,
3609,
3724,
3852,
3977,
4159,
4299,
4446,
4731,
4887,
4954,
5334,
5520,
5818,
5951,
6029,
6129,
6300,
6372,
6424,
7020,
7075,
7262,
7436,
7492,
7631,
7693,
7851,
7907,
7974,
8030,
8109,
8182,
8255,
8328,
8502,
8720,
8802,
8928,
9048,
9206,
9521,
9624,
9702,
10039,
10163,
10215,
10339,
10463,
10546,
10629,
10712,
10842,
10920,
11163,
11271,
11405,
11535,
11628,
11741,
12040,
12453,
12570,
13107,
13274,
13563,
13637,
13905,
14005,
14075,
14151,
14251,
14344,
14426,
14658,
14881,
15019,
15094,
15403,
15550,
15638,
15723,
15843,
15966,
16111,
16385,
16757,
17234,
17459,
17822,
],
'project:as3-commons/as3-commons-asblocks/src/main/actionscript/org/as3commons/asblocks/parser/antlr/asdoc/ASDocLexer.as':[
563,
],
'project:as3-commons/as3-commons-asblocks/src/main/actionscript/org/as3commons/asblocks/parser/antlr/asdoc/ASDocParser.as':[
114,
317,
458,
595,
747,
980,
1374,
1972,
],
'project:as3-commons/as3-commons-async/src/main/actionscript/org/as3commons/async/task/impl/AbstractTaskBlock.as':[
83,
],
'project:as3-commons/as3-commons-bytecode/src/main/actionscript/org/as3commons/bytecode/abc/BaseTypeInfo.as':[
106,
],
'project:as3-commons/as3-commons-bytecode/src/main/actionscript/org/as3commons/bytecode/abc/ClassInfo.as':[
41,
],
'project:as3-commons/as3-commons-bytecode/src/main/actionscript/org/as3commons/bytecode/abc/ExceptionInfo.as':[
62,
],
'project:as3-commons/as3-commons-bytecode/src/main/actionscript/org/as3commons/bytecode/abc/InstanceInfo.as':[
60,
],
'project:as3-commons/as3-commons-bytecode/src/main/actionscript/org/as3commons/bytecode/abc/MethodBody.as':[
107,
],
'project:as3-commons/as3-commons-bytecode/src/main/actionscript/org/as3commons/bytecode/abc/MethodInfo.as':[
145,
],
'project:as3-commons/as3-commons-bytecode/src/main/actionscript/org/as3commons/bytecode/abc/MethodTrait.as':[
48,
],
'project:as3-commons/as3-commons-bytecode/src/main/actionscript/org/as3commons/bytecode/abc/Op.as':[
66,
107,
],
'project:as3-commons/as3-commons-bytecode/src/main/actionscript/org/as3commons/bytecode/abc/ScriptInfo.as':[
49,
],
'project:as3-commons/as3-commons-bytecode/src/main/actionscript/org/as3commons/bytecode/abc/SlotOrConstantTrait.as':[
60,
],
'project:as3-commons/as3-commons-bytecode/src/main/actionscript/org/as3commons/bytecode/abc/TraitInfo.as':[
57,
],
'project:as3-commons/as3-commons-bytecode/src/main/actionscript/org/as3commons/bytecode/abc/enum/ConstantKind.as':[
72,
],
'project:as3-commons/as3-commons-bytecode/src/main/actionscript/org/as3commons/bytecode/emit/impl/BaseBuilder.as':[
178,
],
'project:as3-commons/as3-commons-bytecode/src/main/actionscript/org/as3commons/bytecode/emit/util/BuildUtil.as':[
45,
],
'project:as3-commons/as3-commons-bytecode/src/main/actionscript/org/as3commons/bytecode/interception/impl/BasicMethodInvocationInterceptor.as':[
43,
],
'project:as3-commons/as3-commons-bytecode/src/main/actionscript/org/as3commons/bytecode/proxy/impl/ProxyFactory.as':[
161,
],
'project:as3-commons/as3-commons-bytecode/src/main/actionscript/org/as3commons/bytecode/reflect/PlayerGlobalData.as':[
122,
],
'project:as3-commons/as3-commons-bytecode/src/main/actionscript/org/as3commons/bytecode/reflect/ReflectionDeserializer.as':[
500,
],
'project:as3-commons/as3-commons-bytecode/src/main/actionscript/org/as3commons/bytecode/swf/AbcClassLoader.as':[
132,
],
'project:as3-commons/as3-commons-bytecode/src/main/actionscript/org/as3commons/bytecode/typeinfo/Argument.as':[
50,
],
'project:as3-commons/as3-commons-bytecode/src/main/actionscript/org/as3commons/bytecode/typeinfo/Metadata.as':[
61,
],
'project:as3-commons/as3-commons-bytecode/src/main/actionscript/org/as3commons/bytecode/util/AbcSpec.as':[
174,
219,
],
'project:as3-commons/as3-commons-bytecode/src/main/actionscript/org/as3commons/bytecode/util/MultinameUtil.as':[
254,
],
'project:as3-commons/as3-commons-bytecode/src/test/actionscript/org/as3commons/bytecode/testclasses/IntroductionImpl.as':[
43,
],
'project:as3-commons/as3-commons-collections/src/main/actionscript/org/as3commons/collections/LinkedSet.as':[
162,
],
'project:as3-commons/as3-commons-collections/src/main/actionscript/org/as3commons/collections/Map.as':[
126,
],
'project:as3-commons/as3-commons-collections/src/main/actionscript/org/as3commons/collections/SortedList.as':[
221,
237,
280,
327,
364,
],
'project:as3-commons/as3-commons-collections/src/main/actionscript/org/as3commons/collections/framework/core/AbstractSortedCollection.as':[
148,
182,
],
'project:as3-commons/as3-commons-collections/src/main/actionscript/org/as3commons/collections/iterators/RecursiveFilterIterator.as':[
153,
],
'project:as3-commons/as3-commons-collections/src/main/actionscript/org/as3commons/collections/iterators/RecursiveFilterIterator2.as':[
162,
],
'project:as3-commons/as3-commons-collections/src/main/actionscript/org/as3commons/collections/utils/ArrayUtils.as':[
35,
58,
],
'project:as3-commons/as3-commons-collections/src/main/examples/ComparatorImplementationExample.as':[
21,
],
'project:as3-commons/as3-commons-collections/src/test/actionscript/org/as3commons/collections/testhelpers/CollectionEventListener.as':[
93,
107,
],
'project:as3-commons/as3-commons-collections/src/test/actionscript/org/as3commons/collections/testhelpers/TestComparator.as':[
36,
],
'project:as3-commons/as3-commons-eventbus/src/main/actionscript/org/as3commons/eventbus/impl/EventBus.as':[
480,
501,
],
'project:as3-commons/as3-commons-lang/src/main/actionscript/org/as3commons/lang/StringUtils.as':[
226,
309,
364,
403,
458,
853,
895,
935,
1151,
1212,
1452,
1490,
2274,
2372,
],
'project:as3-commons/as3-commons-lang/src/main/actionscript/org/as3commons/lang/builder/EqualsBuilder.as':[
76,
184,
],
'project:as3-commons/as3-commons-lang/src/main/actionscript/org/as3commons/lang/util/OrderedUtils.as':[
61,
],
'project:as3-commons/as3-commons-lang/src/test/actionscript/org/as3commons/lang/builder/EqualsBuilderTest.as':[
215,
245,
273,
],
'project:as3-commons/as3-commons-logging/src/main/actionscript/org/as3commons/logging/util/xml/xmlToSetup.as':[
270,
],
'project:as3-commons/as3-commons-logging/src/test/actionscript/org/as3commons/logging/util/AlikeMatcher.as':[
19,
],
'project:as3-commons/as3-commons-logging/src/test/actionscript/org/as3commons/logging/util/ByteArrayCopyTest.as':[
109,
],
'project:as3-commons/as3-commons-reflect/src/main/actionscript/org/as3commons/reflect/MetadataUtils.as':[
216,
],
'project:as3-commons/as3-commons-serialization/src/main/actionscript/org/as3commons/serialization/xml/ConverterRegistery.as':[
42,
],
'project:as3-commons/as3-commons-serialization/src/main/actionscript/org/as3commons/serialization/xml/mapper/Mapper.as':[
63,
],
'project:as3-commons/as3-commons-stageprocessing/src/main/actionscript/org/as3commons/stageprocessing/impl/selector/ComposedObjectSelector.as':[
57,
],
'project:as3-commons/as3-commons-ui/src/main/actionscript/org/as3commons/ui/layer/PopUpManager.as':[
203,
],
'project:as3-commons/as3-commons-ui/src/main/actionscript/org/as3commons/ui/layout/framework/core/AbstractLayout.as':[
485,
498,
],
'project:as3-commons/as3-commons-ui/src/main/actionscript/org/as3commons/ui/lifecycle/i10n/I10N.as':[
351,
],
'project:as3-commons/as3-commons-ui/src/main/actionscript/org/as3commons/ui/lifecycle/i10n/I10NAdapter.as':[
79,
],
'project:spring-actionscript/spring-actionscript-core/src/main/actionscript/org/springextensions/actionscript/eventbus/impl/DefaultEventBusUserRegistry.as':[
189,
],
'project:spring-actionscript/spring-actionscript-core/src/main/actionscript/org/springextensions/actionscript/eventbus/process/EventHandlerProxy.as':[
209,
],
'project:spring-actionscript/spring-actionscript-core/src/main/actionscript/org/springextensions/actionscript/ioc/config/impl/xml/parser/impl/nodeparser/KeyValueNodeParser.as':[
90,
],
'project:spring-actionscript/spring-actionscript-core/src/main/actionscript/org/springextensions/actionscript/stage/PopupAndTooltipWireManager.as':[
83,
],
'project:spring-actionscript/spring-actionscript-flex/src/main/actionscript/org/springextensions/actionscript/ioc/config/impl/mxml/component/MXMLObjectDefinition.as':[
807,
],
'project:spring-actionscript/spring-actionscript-flex/src/main/actionscript/org/springextensions/actionscript/stage/DefaultFlexAutowiringStageProcessor.as':[
66,
],
'project:spring-actionscript/spring-actionscript-samples/cafe-townsend-bootstrap/src/main/actionscript/org/springextensions/actionscript/domain/BaseObject.as':[
192,
],
'project:spring-actionscript/spring-actionscript-samples/cafe-townsend-metadata-config/src/main/actionscript/org/springextensions/actionscript/domain/BaseObject.as':[
192,
],
'project:spring-actionscript/spring-actionscript-samples/cafe-townsend-multi-module/src/main/actionscript/org/springextensions/actionscript/domain/BaseObject.as':[
192,
],
'project:spring-actionscript/spring-actionscript-samples/cafe-townsend-mxml-config/src/main/actionscript/org/springextensions/actionscript/domain/BaseObject.as':[
192,
],
'project:spring-actionscript/spring-actionscript-samples/cafe-townsend/src/main/actionscript/org/springextensions/actionscript/domain/BaseObject.as':[
192,
],
}
