{
'project:as3-commons/as3-commons-aop/src/main/actionscript/org/as3commons/aop/factory/impl/AOPBatchProxyFactory.as':[
82,
],
'project:as3-commons/as3-commons-aop/src/test/actionscript/org/as3commons/aop/pointcut/impl/name/NameRegistryTest.as':[
73,
90,
96,
101,
],
'project:as3-commons/as3-commons-asblocks/src/main/actionscript/org/as3commons/asblocks/impl/ASTASIfStatement.as':[
114,
],
'project:as3-commons/as3-commons-asblocks/src/main/actionscript/org/as3commons/asblocks/impl/ASTASProject.as':[
257,
263,
],
'project:as3-commons/as3-commons-asblocks/src/main/actionscript/org/as3commons/asblocks/impl/ASTDocComment.as':[
148,
],
'project:as3-commons/as3-commons-asblocks/src/main/actionscript/org/as3commons/asblocks/impl/ASTUtils.as':[
382,
],
'project:as3-commons/as3-commons-asblocks/src/main/actionscript/org/as3commons/asblocks/parser/antlr/as3/AS3Parser.as':[
438,
533,
628,
681,
829,
830,
884,
945,
1112,
1220,
1496,
1547,
1548,
1549,
1624,
1680,
1681,
1682,
1763,
1827,
1828,
1866,
2180,
2333,
2382,
2430,
2565,
2615,
2744,
2844,
2887,
2945,
3047,
3114,
3182,
3256,
3314,
3315,
3377,
3620,
3621,
3683,
3746,
3865,
3866,
3927,
3988,
3989,
4043,
4123,
4177,
4251,
4317,
4394,
4464,
4541,
4644,
4693,
4742,
4743,
4805,
5296,
5416,
5589,
5708,
5780,
5862,
5962,
5963,
5993,
6044,
6045,
6046,
6047,
6092,
6150,
6151,
6152,
6153,
6205,
6315,
6316,
6384,
6781,
6882,
6977,
7091,
7214,
7278,
7279,
7280,
7345,
7505,
7506,
7584,
7645,
7705,
7810,
7923,
8041,
8042,
8072,
8344,
8345,
8346,
8394,
8440,
8466,
8513,
8514,
8601,
8732,
9010,
9062,
9063,
9064,
9153,
9217,
9261,
9533,
9589,
9730,
9731,
9737,
9738,
9739,
9740,
9741,
9742,
9743,
9793,
10051,
10175,
10804,
10936,
10937,
10938,
10972,
11285,
11286,
11287,
11288,
11289,
11332,
11497,
11638,
11685,
11762,
11763,
11764,
11765,
11862,
12064,
12065,
12066,
12067,
12068,
12167,
12462,
12463,
12500,
12604,
12605,
12606,
12607,
12608,
12609,
12610,
12611,
12612,
13827,
13916,
13917,
13964,
14015,
14087,
14162,
14163,
14210,
14263,
14356,
14389,
14596,
14622,
14723,
14895,
14896,
14897,
14978,
15108,
15199,
15318,
15361,
15418,
15419,
15420,
15421,
15479,
15563,
15564,
15601,
15651,
15652,
15685,
16073,
16199,
16949,
17043,
17270,
17285,
17300,
17315,
17330,
17345,
17399,
17464,
17479,
17494,
17509,
17524,
17539,
17554,
17569,
17584,
17599,
17614,
17629,
17644,
17854,
17869,
],
'project:as3-commons/as3-commons-asblocks/src/main/actionscript/org/as3commons/asblocks/parser/antlr/asdoc/ASDocParser.as':[
126,
186,
276,
332,
759,
760,
761,
819,
869,
917,
943,
993,
994,
1098,
1379,
1394,
1409,
1424,
1439,
1454,
1469,
1484,
1499,
1514,
1529,
1544,
1559,
1574,
1589,
1604,
1619,
1634,
1649,
1664,
1679,
1694,
1709,
1724,
1739,
1754,
1769,
1784,
1799,
1814,
1829,
1977,
1992,
2007,
2022,
2037,
2052,
2067,
2082,
2097,
2112,
2127,
2142,
2157,
2172,
2187,
2202,
2217,
2232,
2247,
2262,
2277,
2292,
2307,
2322,
2337,
2352,
2367,
2382,
2397,
2412,
2427,
],
'project:as3-commons/as3-commons-asblocks/src/main/actionscript/org/as3commons/asblocks/parser/antlr/e4x/E4XParser.as':[
102,
301,
302,
303,
304,
305,
306,
307,
625,
626,
655,
773,
988,
989,
990,
991,
992,
1065,
1303,
1304,
1357,
],
'project:as3-commons/as3-commons-asblocks/src/main/actionscript/org/as3commons/asblocks/parser/antlr/regexsimple/RegexSimpleParser.as':[
107,
108,
160,
257,
306,
349,
396,
],
'project:as3-commons/as3-commons-asblocks/src/test/actionscript/org/as3commons/asblocks/impl/Test_ASTASClassType.as':[
51,
66,
87,
],
'project:as3-commons/as3-commons-asblocks/src/test/actionscript/org/as3commons/asblocks/impl/Test_ASTASConditionalExpression.as':[
38,
],
'project:as3-commons/as3-commons-asblocks/src/test/actionscript/org/as3commons/asblocks/impl/Test_ASTASInterfaceType.as':[
73,
],
'project:as3-commons/as3-commons-asblocks/src/test/actionscript/org/as3commons/asblocks/impl/Test_ASTASPackage.as':[
71,
],
'project:as3-commons/as3-commons-asblocks/src/test/actionscript/org/as3commons/asblocks/impl/Test_ASTMetaTag.as':[
47,
77,
79,
],
'project:as3-commons/as3-commons-asblocks/src/test/actionscript/org/as3commons/asblocks/impl/Test_ASTStatementList.as':[
499,
694,
],
'project:as3-commons/as3-commons-asblocks/src/test/actionscript/org/as3commons/asblocks/impl/Test_BasicUnit.as':[
149,
],
'project:as3-commons/as3-commons-asblocks/src/test/actionscript/org/as3commons/asblocks/parser/antlr/as3/TestAS3Parser_Proto.as':[
34,
35,
36,
37,
113,
114,
115,
206,
207,
231,
232,
409,
440,
441,
],
'project:as3-commons/as3-commons-asblocks/src/test/actionscript/org/as3commons/asblocks/parser/antlr/as3/TestAS3Parser_Statements.as':[
18,
19,
20,
36,
37,
38,
87,
88,
89,
106,
107,
108,
165,
166,
167,
194,
195,
196,
355,
356,
357,
],
'project:as3-commons/as3-commons-asblocks/src/test/actionscript/org/as3commons/asblocks/parser/antlr/as3/Test_PrimaryExpression.as':[
28,
29,
30,
105,
106,
107,
131,
132,
133,
179,
180,
181,
218,
219,
220,
284,
285,
286,
324,
325,
326,
],
'project:as3-commons/as3-commons-asblocks/src/test/actionscript/org/as3commons/asblocks/parser/antlr/as3/Test_TypeExpression.as':[
14,
15,
16,
],
'project:as3-commons/as3-commons-asblocks/src/test/actionscript/org/as3commons/asblocks/parser/antlr/asdoc/TestASDocParser.as':[
80,
87,
],
'project:as3-commons/as3-commons-async/src/test/actionscript/org/as3commons/async/command/CompositeCommandKindTest.as':[
27,
],
'project:as3-commons/as3-commons-async/src/test/actionscript/org/as3commons/async/command/CompositeCommandTest.as':[
86,
],
'project:as3-commons/as3-commons-bytecode/src/main/actionscript/org/as3commons/bytecode/abc/NamespaceSet.as':[
39,
],
'project:as3-commons/as3-commons-bytecode/src/main/actionscript/org/as3commons/bytecode/emit/impl/MethodBodyBuilder.as':[
257,
],
'project:as3-commons/as3-commons-bytecode/src/main/actionscript/org/as3commons/bytecode/io/AbstractAbcDeserializer.as':[
148,
],
'project:as3-commons/as3-commons-bytecode/src/main/actionscript/org/as3commons/bytecode/proxy/impl/AccessorProxyFactory.as':[
203,
281,
],
'project:as3-commons/as3-commons-bytecode/src/main/actionscript/org/as3commons/bytecode/reflect/ByteCodeType.as':[
68,
],
'project:as3-commons/as3-commons-bytecode/src/main/actionscript/org/as3commons/bytecode/reflect/ClassMetadataDeserializer.as':[
90,
93,
94,
],
'project:as3-commons/as3-commons-bytecode/src/main/actionscript/org/as3commons/bytecode/reflect/ReflectionDeserializer.as':[
72,
73,
172,
173,
289,
],
'project:as3-commons/as3-commons-bytecode/src/main/actionscript/org/as3commons/bytecode/swf/SWFWeaver.as':[
174,
],
'project:as3-commons/as3-commons-bytecode/src/main/actionscript/org/as3commons/bytecode/util/OpcodeIO.as':[
90,
96,
],
'project:as3-commons/as3-commons-bytecode/src/test/actionscript/org/as3commons/bytecode/emit/asm/AsmTest.as':[
210,
],
'project:as3-commons/as3-commons-bytecode/src/test/actionscript/org/as3commons/bytecode/emit/impl/AbcBuilderTest.as':[
79,
167,
170,
447,
],
'project:as3-commons/as3-commons-bytecode/src/test/actionscript/org/as3commons/bytecode/emit/impl/ClassBuilderTest.as':[
69,
],
'project:as3-commons/as3-commons-bytecode/src/test/actionscript/org/as3commons/bytecode/proxy/impl/ProxyFactoryTest.as':[
132,
304,
524,
535,
550,
571,
720,
],
'project:as3-commons/as3-commons-bytecode/src/test/actionscript/org/as3commons/bytecode/reflect/PlayerGlobalDataTest.as':[
43,
],
'project:as3-commons/as3-commons-bytecode/src/test/actionscript/org/as3commons/bytecode/swf/SWFFileIOTest.as':[
40,
45,
50,
],
'project:as3-commons/as3-commons-bytecode/src/test/actionscript/org/as3commons/bytecode/testclasses/EventDispatcherSubclass3.as':[
50,
],
'project:as3-commons/as3-commons-lang/src/main/actionscript/org/as3commons/lang/ArrayUtils.as':[
213,
],
'project:as3-commons/as3-commons-lang/src/main/actionscript/org/as3commons/lang/ObjectUtils.as':[
158,
],
'project:as3-commons/as3-commons-logging/src/main/actionscript/org/as3commons/logging/util/clone.as':[
108,
],
'project:as3-commons/as3-commons-logging/src/main/actionscript/org/as3commons/logging/util/extractPaths.as':[
11,
],
'project:as3-commons/as3-commons-logging/src/main/actionscript/org/as3commons/logging/util/jsonXify.as':[
83,
],
'project:as3-commons/as3-commons-logging/src/test/actionscript/LSTest.as':[
30,
],
'project:as3-commons/as3-commons-logging/src/test/actionscript/org/as3commons/logging/setup/target/AirTargetTest.as':[
39,
],
'project:as3-commons/as3-commons-reflect/src/main/actionscript/org/as3commons/reflect/JSONTypeProvider.as':[
207,
],
'project:as3-commons/as3-commons-reflect/src/test/actionscript/org/as3commons/reflect/JSONTypeProviderTest.as':[
21,
67,
68,
],
'project:as3-commons/as3-commons-swc/src/main/actionscript/org/as3commons/swc/SWC.as':[
112,
],
'project:spring-actionscript/spring-actionscript-core/src/main/actionscript/org/springextensions/actionscript/eventbus/process/EventHandlerMetadataDestroyer.as':[
47,
],
'project:spring-actionscript/spring-actionscript-core/src/test/actionscript/org/springextensions/actionscript/context/impl/ApplicationContextTest.as':[
102,
103,
106,
108,
],
'project:spring-actionscript/spring-actionscript-core/src/test/actionscript/org/springextensions/actionscript/ioc/autowire/impl/DefaultAutowireProcessorTest.as':[
340,
],
'project:spring-actionscript/spring-actionscript-core/src/test/actionscript/org/springextensions/actionscript/ioc/config/impl/metadata/MetadataObjectDefinitionsProviderTest.as':[
278,
348,
],
'project:spring-actionscript/spring-actionscript-core/src/test/actionscript/org/springextensions/actionscript/ioc/config/impl/xml/namespacehandler/impl/stageprocessing/nodeparser/StageProcessorNodeParserTest.as':[
81,
],
'project:spring-actionscript/spring-actionscript-core/src/test/actionscript/org/springextensions/actionscript/ioc/config/impl/xml/preprocess/impl/PropertyElementsPreprocessorTest.as':[
39,
],
'project:spring-actionscript/spring-actionscript-core/src/test/actionscript/org/springextensions/actionscript/ioc/config/impl/xml/preprocess/impl/PropertyImportPreprocessorTest.as':[
35,
],
'project:spring-actionscript/spring-actionscript-core/src/test/actionscript/org/springextensions/actionscript/ioc/factory/impl/referenceresolver/ObjectReferenceResolverTest.as':[
93,
],
'project:spring-actionscript/spring-actionscript-core/src/test/actionscript/org/springextensions/actionscript/ioc/impl/DefaultDependencyCheckerTest.as':[
74,
108,
129,
140,
],
'project:spring-actionscript/spring-actionscript-flex/src/main/actionscript/org/springextensions/actionscript/ioc/config/impl/mxml/MXMLObjectDefinitionsProvider.as':[
140,
],
}
