{
'project:as3-commons/as3-commons-aop/src/test/actionscript/org/as3commons/aop/pointcut/impl/name/NameRegistryTest.as':[
25,
],
'project:as3-commons/as3-commons-asblocks/src/main/actionscript/org/as3commons/asblocks/ASFactory.as':[
94,
],
'project:as3-commons/as3-commons-asblocks/src/main/actionscript/org/as3commons/asblocks/impl/AS3FragmentParser.as':[
12,
],
'project:as3-commons/as3-commons-asblocks/src/main/actionscript/org/as3commons/asblocks/impl/ASTASClassType.as':[
13,
],
'project:as3-commons/as3-commons-asblocks/src/main/actionscript/org/as3commons/asblocks/impl/ASTASFunctionExpression.as':[
52,
],
'project:as3-commons/as3-commons-asblocks/src/main/actionscript/org/as3commons/asblocks/impl/ASTASFunctionType.as':[
52,
],
'project:as3-commons/as3-commons-asblocks/src/main/actionscript/org/as3commons/asblocks/impl/ASTASMember.as':[
37,
],
'project:as3-commons/as3-commons-asblocks/src/main/actionscript/org/as3commons/asblocks/impl/ASTASMethod.as':[
60,
],
'project:as3-commons/as3-commons-asblocks/src/main/actionscript/org/as3commons/asblocks/impl/ASTASPackage.as':[
45,
],
'project:as3-commons/as3-commons-asblocks/src/main/actionscript/org/as3commons/asblocks/impl/ASTASProject.as':[
53,
],
'project:as3-commons/as3-commons-asblocks/src/main/actionscript/org/as3commons/asblocks/impl/ASTASType.as':[
37,
],
'project:as3-commons/as3-commons-asblocks/src/main/actionscript/org/as3commons/asblocks/impl/ASTStatementBuilder.as':[
14,
],
'project:as3-commons/as3-commons-asblocks/src/main/actionscript/org/as3commons/asblocks/impl/ASTStatementList.as':[
55,
],
'project:as3-commons/as3-commons-asblocks/src/main/actionscript/org/as3commons/asblocks/impl/ASTUtils.as':[
44,
],
'project:as3-commons/as3-commons-asblocks/src/main/actionscript/org/as3commons/asblocks/impl/ContainerDelegate.as':[
32,
],
'project:as3-commons/as3-commons-asblocks/src/main/actionscript/org/as3commons/asblocks/impl/DocumentationUtils.as':[
43,
],
'project:as3-commons/as3-commons-asblocks/src/main/actionscript/org/as3commons/asblocks/impl/ModifierUtils.as':[
14,
],
'project:as3-commons/as3-commons-asblocks/src/main/actionscript/org/as3commons/asblocks/impl/TokenBuilder.as':[
11,
],
'project:as3-commons/as3-commons-asblocks/src/main/actionscript/org/as3commons/asblocks/parser/antlr/LinkedListTokenStream.as':[
10,
],
'project:as3-commons/as3-commons-asblocks/src/main/actionscript/org/as3commons/asblocks/parser/antlr/LinkedListTree.as':[
9,
],
'project:as3-commons/as3-commons-asblocks/src/main/actionscript/org/as3commons/asblocks/parser/antlr/as3/AS3Lexer.as':[
8,
],
'project:as3-commons/as3-commons-asblocks/src/main/actionscript/org/as3commons/asblocks/parser/antlr/as3/AS3Parser.as':[
21,
],
'project:as3-commons/as3-commons-asblocks/src/main/actionscript/org/as3commons/asblocks/parser/antlr/asdoc/ASDocParser.as':[
15,
],
'project:as3-commons/as3-commons-asblocks/src/main/actionscript/org/as3commons/asblocks/parser/antlr/e4x/E4XLexer.as':[
9,
],
'project:as3-commons/as3-commons-asblocks/src/main/actionscript/org/as3commons/asblocks/parser/antlr/e4x/E4XParser.as':[
12,
],
'project:as3-commons/as3-commons-asblocks/src/test/actionscript/org/as3commons/asblocks/impl/Test_ASTASBinaryExpression.as':[
11,
],
'project:as3-commons/as3-commons-asblocks/src/test/actionscript/org/as3commons/asblocks/impl/Test_ASTASLiteral.as':[
45,
],
'project:as3-commons/as3-commons-asblocks/src/test/actionscript/org/as3commons/asblocks/impl/Test_ASTStatementList.as':[
53,
],
'project:as3-commons/as3-commons-asblocks/src/test/actionscript/org/as3commons/asblocks/impl/Test_DocComment.as':[
21,
],
'project:as3-commons/as3-commons-asblocks/src/test/actionscript/org/as3commons/asblocks/parser/antlr/as3/TestAS3Parser_CompilationUnit.as':[
28,
],
'project:as3-commons/as3-commons-asblocks/src/test/actionscript/org/as3commons/asblocks/parser/antlr/as3/Test_Expression.as':[
10,
],
'project:as3-commons/as3-commons-async/src/main/actionscript/org/as3commons/async/command/impl/CompositeCommand.as':[
57,
],
'project:as3-commons/as3-commons-async/src/main/actionscript/org/as3commons/async/operation/impl/AbstractOperation.as':[
43,
],
'project:as3-commons/as3-commons-async/src/main/actionscript/org/as3commons/async/task/impl/IfElseBlock.as':[
37,
],
'project:as3-commons/as3-commons-async/src/main/actionscript/org/as3commons/async/task/impl/Task.as':[
47,
],
'project:as3-commons/as3-commons-bytecode/src/main/actionscript/org/as3commons/bytecode/abc/AbcFile.as':[
30,
],
'project:as3-commons/as3-commons-bytecode/src/main/actionscript/org/as3commons/bytecode/abc/ConstantPool.as':[
50,
],
'project:as3-commons/as3-commons-bytecode/src/main/actionscript/org/as3commons/bytecode/abc/SimpleConstantPool.as':[
27,
],
'project:as3-commons/as3-commons-bytecode/src/main/actionscript/org/as3commons/bytecode/emit/impl/AbcBuilder.as':[
119,
],
'project:as3-commons/as3-commons-bytecode/src/main/actionscript/org/as3commons/bytecode/emit/impl/BaseTypeBuilder.as':[
47,
],
'project:as3-commons/as3-commons-bytecode/src/main/actionscript/org/as3commons/bytecode/emit/impl/ClassBuilder.as':[
50,
],
'project:as3-commons/as3-commons-bytecode/src/main/actionscript/org/as3commons/bytecode/emit/impl/MethodBodyBuilder.as':[
38,
],
'project:as3-commons/as3-commons-bytecode/src/main/actionscript/org/as3commons/bytecode/emit/impl/MethodBuilder.as':[
40,
],
'project:as3-commons/as3-commons-bytecode/src/main/actionscript/org/as3commons/bytecode/emit/impl/PropertyBuilder.as':[
37,
],
'project:as3-commons/as3-commons-bytecode/src/main/actionscript/org/as3commons/bytecode/io/AbcSerializer.as':[
69,
],
'project:as3-commons/as3-commons-bytecode/src/main/actionscript/org/as3commons/bytecode/proxy/impl/ClassProxyInfo.as':[
29,
],
'project:as3-commons/as3-commons-bytecode/src/main/actionscript/org/as3commons/bytecode/proxy/impl/ProxyFactory.as':[
132,
],
'project:as3-commons/as3-commons-bytecode/src/main/actionscript/org/as3commons/bytecode/reflect/ByteCodeMethod.as':[
26,
],
'project:as3-commons/as3-commons-bytecode/src/main/actionscript/org/as3commons/bytecode/reflect/ByteCodeType.as':[
36,
],
'project:as3-commons/as3-commons-bytecode/src/main/actionscript/org/as3commons/bytecode/util/AbcSpec.as':[
32,
],
'project:as3-commons/as3-commons-bytecode/src/main/actionscript/org/as3commons/bytecode/util/SWFSpec.as':[
21,
],
'project:as3-commons/as3-commons-bytecode/src/test/actionscript/org/as3commons/bytecode/abc/enum/OpcodeTest.as':[
32,
],
'project:as3-commons/as3-commons-bytecode/src/test/actionscript/org/as3commons/bytecode/emit/impl/AbcBuilderTest.as':[
47,
],
'project:as3-commons/as3-commons-bytecode/src/test/actionscript/org/as3commons/bytecode/proxy/impl/ProxyFactoryTest.as':[
89,
],
'project:as3-commons/as3-commons-collections/src/main/actionscript/org/as3commons/collections/LinkedMap.as':[
78,
],
'project:as3-commons/as3-commons-collections/src/main/actionscript/org/as3commons/collections/Treap.as':[
89,
],
'project:as3-commons/as3-commons-collections/src/main/actionscript/org/as3commons/collections/framework/core/AbstractLinkedCollection.as':[
28,
],
'project:as3-commons/as3-commons-collections/src/main/actionscript/org/as3commons/collections/framework/core/AbstractList.as':[
26,
],
'project:as3-commons/as3-commons-collections/src/main/actionscript/org/as3commons/collections/framework/core/AbstractSortedCollection.as':[
31,
],
'project:as3-commons/as3-commons-collections/src/main/actionscript/org/as3commons/collections/fx/ArrayListFx.as':[
58,
],
'project:as3-commons/as3-commons-collections/src/test/actionscript/org/as3commons/collections/ArrayListTest.as':[
28,
],
'project:as3-commons/as3-commons-collections/src/test/actionscript/org/as3commons/collections/LinkedSetTest.as':[
28,
],
'project:as3-commons/as3-commons-collections/src/test/actionscript/org/as3commons/collections/units/ICollectionTests.as':[
27,
],
'project:as3-commons/as3-commons-collections/src/test/actionscript/org/as3commons/collections/units/IListTests.as':[
25,
],
'project:as3-commons/as3-commons-collections/src/test/actionscript/org/as3commons/collections/units/IMapTests.as':[
26,
],
'project:as3-commons/as3-commons-collections/src/test/actionscript/org/as3commons/collections/units/ISetTests.as':[
25,
],
'project:as3-commons/as3-commons-collections/src/test/actionscript/org/as3commons/collections/units/IStringMapTests.as':[
23,
],
'project:as3-commons/as3-commons-collections/src/test/actionscript/org/as3commons/collections/utils/MapsTest.as':[
13,
],
'project:as3-commons/as3-commons-eventbus/src/main/actionscript/org/as3commons/eventbus/impl/EventBus.as':[
46,
],
'project:as3-commons/as3-commons-eventbus/src/main/actionscript/org/as3commons/eventbus/impl/SimpleEventBus.as':[
33,
],
'project:as3-commons/as3-commons-eventbus/src/main/actionscript/org/as3commons/eventbus/singleton/StaticEventBus.as':[
32,
],
'project:as3-commons/as3-commons-eventbus/src/main/actionscript/org/as3commons/eventbus/singleton/StaticSimpleEventBus.as':[
29,
],
'project:as3-commons/as3-commons-eventbus/src/test/actionscript/org/as3commons/eventbus/impl/EventBusTest.as':[
28,
],
'project:as3-commons/as3-commons-lang/src/main/actionscript/org/as3commons/lang/ArrayUtils.as':[
26,
],
'project:as3-commons/as3-commons-lang/src/main/actionscript/org/as3commons/lang/ClassUtils.as':[
31,
],
'project:as3-commons/as3-commons-lang/src/main/actionscript/org/as3commons/lang/DateUtils.as':[
21,
],
'project:as3-commons/as3-commons-lang/src/main/actionscript/org/as3commons/lang/StringUtils.as':[
26,
],
'project:as3-commons/as3-commons-lang/src/test/actionscript/org/as3commons/lang/ArrayUtilsTest.as':[
30,
],
'project:as3-commons/as3-commons-lang/src/test/actionscript/org/as3commons/lang/ClassUtilsTest.as':[
50,
],
'project:as3-commons/as3-commons-lang/src/test/actionscript/org/as3commons/lang/DateUtilsTest.as':[
29,
],
'project:as3-commons/as3-commons-lang/src/test/actionscript/org/as3commons/lang/StringUtilsTest.as':[
32,
],
'project:as3-commons/as3-commons-reflect/src/main/actionscript/org/as3commons/reflect/Type.as':[
56,
],
'project:as3-commons/as3-commons-reflect/src/test/actionscript/org/as3commons/reflect/AccessorTest.as':[
12,
],
'project:as3-commons/as3-commons-stageprocessing/src/main/actionscript/org/as3commons/stageprocessing/impl/FlashStageObjectProcessorRegistry.as':[
38,
],
'project:as3-commons/as3-commons-ui/src/main/actionscript/org/as3commons/ui/focus/FocusAdapter.as':[
13,
],
'project:as3-commons/as3-commons-ui/src/main/actionscript/org/as3commons/ui/layer/tooltip/ToolTipAdapter.as':[
18,
],
'project:as3-commons/as3-commons-ui/src/main/actionscript/org/as3commons/ui/layout/framework/core/AbstractLayout.as':[
47,
],
'project:as3-commons/as3-commons-ui/src/main/actionscript/org/as3commons/ui/layout/framework/core/AbstractLayoutItem.as':[
34,
],
'project:as3-commons/as3-commons-ui/src/main/actionscript/org/as3commons/ui/lifecycle/i10n/I10N.as':[
33,
],
'project:as3-commons/as3-commons-ui/src/main/actionscript/org/as3commons/ui/lifecycle/lifecycle/LifeCycleAdapter.as':[
17,
],
'project:as3-commons/as3-commons-ui/src/main/actionscript/org/as3commons/ui/lifecycle/lifecycle/LifeCycleView.as':[
11,
],
'project:as3-commons/as3-commons-ui/src/test/actionscript/org/as3commons/ui/layout/framework/core/tests/AbstractLayoutTest.as':[
24,
],
'project:as3-commons/as3-commons-ui/src/test/actionscript/org/as3commons/ui/lifecycle/i10n/tests/I10NAdapterTest.as':[
24,
],
'project:as3-commons/as3-commons-ui/src/test/actionscript/org/as3commons/ui/lifecycle/lifecycle/tests/LifeCycleAdapterTest.as':[
24,
],
'project:as3-commons/as3-commons-zip/src/main/actionscript/org/as3commons/zip/Zip.as':[
109,
],
'project:as3-commons/as3-commons-zip/src/main/actionscript/org/as3commons/zip/ZipFile.as':[
27,
],
'project:spring-actionscript/spring-actionscript-core/src/main/actionscript/org/springextensions/actionscript/context/impl/ApplicationContext.as':[
97,
],
'project:spring-actionscript/spring-actionscript-core/src/main/actionscript/org/springextensions/actionscript/context/impl/DefaultApplicationContextInitializer.as':[
64,
],
'project:spring-actionscript/spring-actionscript-core/src/main/actionscript/org/springextensions/actionscript/eventbus/impl/DefaultEventBusUserRegistry.as':[
39,
],
'project:spring-actionscript/spring-actionscript-core/src/main/actionscript/org/springextensions/actionscript/ioc/autowire/impl/DefaultAutowireProcessor.as':[
58,
],
'project:spring-actionscript/spring-actionscript-core/src/main/actionscript/org/springextensions/actionscript/ioc/config/impl/metadata/MetadataObjectDefinitionsProvider.as':[
59,
],
'project:spring-actionscript/spring-actionscript-core/src/main/actionscript/org/springextensions/actionscript/ioc/config/impl/xml/XMLObjectDefinitionsProvider.as':[
61,
],
'project:spring-actionscript/spring-actionscript-core/src/main/actionscript/org/springextensions/actionscript/ioc/config/impl/xml/parser/impl/XMLObjectDefinitionsParser.as':[
55,
],
'project:spring-actionscript/spring-actionscript-core/src/main/actionscript/org/springextensions/actionscript/ioc/factory/impl/DefaultInstanceCache.as':[
53,
],
'project:spring-actionscript/spring-actionscript-core/src/main/actionscript/org/springextensions/actionscript/ioc/factory/impl/DefaultObjectFactory.as':[
77,
],
'project:spring-actionscript/spring-actionscript-core/src/main/actionscript/org/springextensions/actionscript/ioc/impl/DefaultDependencyInjector.as':[
57,
],
'project:spring-actionscript/spring-actionscript-core/src/main/actionscript/org/springextensions/actionscript/ioc/objectdefinition/impl/BaseObjectDefinition.as':[
28,
],
'project:spring-actionscript/spring-actionscript-core/src/main/actionscript/org/springextensions/actionscript/ioc/objectdefinition/impl/DefaultObjectDefinitionRegistry.as':[
41,
],
'project:spring-actionscript/spring-actionscript-core/src/main/actionscript/org/springextensions/actionscript/ioc/objectdefinition/impl/ObjectDefinition.as':[
41,
],
'project:spring-actionscript/spring-actionscript-core/src/test/actionscript/org/springextensions/actionscript/eventbus/impl/DefaultEventBusUserRegistryTest.as':[
40,
],
'project:spring-actionscript/spring-actionscript-core/src/test/actionscript/org/springextensions/actionscript/ioc/config/impl/xml/parser/impl/XmlObjectDefinitionsParserTest.as':[
41,
],
'project:spring-actionscript/spring-actionscript-flex/src/main/actionscript/org/springextensions/actionscript/ioc/config/impl/mxml/component/MXMLObjectDefinition.as':[
55,
],
'project:spring-actionscript/spring-actionscript-flex/src/main/actionscript/org/springextensions/actionscript/ioc/config/impl/mxml/component/SASObjects.as':[
36,
],
'project:spring-actionscript/spring-actionscript-flex/src/main/actionscript/org/springextensions/actionscript/ioc/config/impl/mxml/custom/eventbus/EventHandlerMethod.as':[
38,
],
'project:spring-actionscript/spring-actionscript-flex/src/test/actionscript/org/springextensions/actionscript/ioc/config/impl/mxml/component/MXMLObjectDefinitionTest.as':[
35,
],
'project:spring-actionscript/spring-actionscript-samples/cafe-townsend-bootstrap/src/main/actionscript/org/springextensions/actionscript/samples/cafetownsend/presentation/EmployeeListPresentationModel.as':[
20,
],
'project:spring-actionscript/spring-actionscript-samples/cafe-townsend-metadata-config/src/main/actionscript/org/springextensions/actionscript/samples/cafetownsend/presentation/EmployeeListPresentationModel.as':[
21,
],
'project:spring-actionscript/spring-actionscript-samples/cafe-townsend-multi-module/src/main/actionscript/org/springextensions/actionscript/samples/cafetownsend/presentation/EmployeeListPresentationModel.as':[
20,
],
'project:spring-actionscript/spring-actionscript-samples/cafe-townsend-mxml-config/src/main/actionscript/org/springextensions/actionscript/samples/cafetownsend/presentation/EmployeeListPresentationModel.as':[
20,
],
'project:spring-actionscript/spring-actionscript-samples/cafe-townsend/src/main/actionscript/org/springextensions/actionscript/samples/cafetownsend/presentation/EmployeeListPresentationModel.as':[
20,
],
}
