{
'project:as3-commons/as3-commons-asblocks/src/main/actionscript/org/as3commons/asblocks/impl/ASTASTryStatement.as':[
80,
],
'project:as3-commons/as3-commons-asblocks/src/main/actionscript/org/as3commons/asblocks/impl/ASTTypeBuilder.as':[
364,
],
'project:as3-commons/as3-commons-asblocks/src/main/actionscript/org/as3commons/asblocks/impl/ImportUtils.as':[
32,
],
'project:as3-commons/as3-commons-asblocks/src/main/actionscript/org/as3commons/asblocks/impl/IncludeUtils.as':[
31,
],
'project:as3-commons/as3-commons-asblocks/src/main/actionscript/org/as3commons/asblocks/impl/MetaTagUtils.as':[
61,
],
'project:as3-commons/as3-commons-asblocks/src/main/actionscript/org/as3commons/asblocks/impl/UseUtils.as':[
32,
],
'project:as3-commons/as3-commons-asblocks/src/main/actionscript/org/as3commons/asblocks/parser/antlr/regexsimple/RegexSimpleHelper.as':[
33,
],
'project:as3-commons/as3-commons-asblocks/src/test/actionscript/org/as3commons/asblocks/impl/Test_ASTStatementList.as':[
688,
],
'project:as3-commons/as3-commons-async-flex/src/main/actionscript/org/as3commons/async/operation/impl/LoadModuleOperation.as':[
50,
],
'project:as3-commons/as3-commons-async-flex/src/main/actionscript/org/as3commons/async/operation/impl/LoadResourceModuleOperation.as':[
62,
],
'project:as3-commons/as3-commons-async-flex/src/main/actionscript/org/as3commons/async/operation/impl/LoadStyleModuleOperation.as':[
80,
],
'project:as3-commons/as3-commons-async/src/test/actionscript/org/as3commons/async/task/command/TaskCommandTest.as':[
53,
],
'project:as3-commons/as3-commons-async/src/test/actionscript/org/as3commons/async/task/impl/ForBlockTest.as':[
75,
],
'project:as3-commons/as3-commons-async/src/test/actionscript/org/as3commons/async/task/impl/TaskTest.as':[
85,
142,
161,
184,
205,
229,
250,
],
'project:as3-commons/as3-commons-async/src/test/actionscript/org/as3commons/async/task/impl/WhileBlockTest.as':[
66,
],
'project:as3-commons/as3-commons-bytecode/src/main/actionscript/org/as3commons/bytecode/abc/AbcFile.as':[
231,
],
'project:as3-commons/as3-commons-bytecode/src/main/actionscript/org/as3commons/bytecode/emit/impl/MethodBuilder.as':[
235,
257,
],
'project:as3-commons/as3-commons-bytecode/src/main/actionscript/org/as3commons/bytecode/io/AbcDeserializer.as':[
274,
],
'project:as3-commons/as3-commons-bytecode/src/main/actionscript/org/as3commons/bytecode/proxy/impl/AccessorProxyFactory.as':[
190,
263,
334,
359,
],
'project:as3-commons/as3-commons-bytecode/src/main/actionscript/org/as3commons/bytecode/proxy/impl/ClassIntroducer.as':[
183,
],
'project:as3-commons/as3-commons-bytecode/src/main/actionscript/org/as3commons/bytecode/proxy/impl/ConstructorProxyFactory.as':[
60,
],
'project:as3-commons/as3-commons-bytecode/src/main/actionscript/org/as3commons/bytecode/reflect/ReflectionDeserializer.as':[
109,
163,
],
'project:as3-commons/as3-commons-bytecode/src/main/actionscript/org/as3commons/bytecode/util/Assertions.as':[
58,
],
'project:as3-commons/as3-commons-bytecode/src/main/actionscript/org/as3commons/bytecode/util/OpcodeIO.as':[
106,
202,
245,
313,
],
'project:as3-commons/as3-commons-bytecode/src/test/actionscript/org/as3commons/bytecode/emit/impl/AbcBuilderTest.as':[
72,
86,
109,
127,
152,
167,
193,
280,
305,
336,
359,
382,
400,
421,
440,
466,
488,
513,
],
'project:as3-commons/as3-commons-bytecode/src/test/actionscript/org/as3commons/bytecode/io/AbcSerializerTest.as':[
70,
94,
117,
],
'project:as3-commons/as3-commons-bytecode/src/test/actionscript/org/as3commons/bytecode/proxy/impl/ProxyFactoryTest.as':[
184,
226,
243,
265,
302,
321,
350,
373,
439,
],
'project:as3-commons/as3-commons-bytecode/src/test/actionscript/org/as3commons/bytecode/testclasses/EventDispatcherSubclass3.as':[
29,
],
'project:as3-commons/as3-commons-bytecode/src/test/resources/assets/template/BaseClass.as':[
20,
24,
29,
33,
],
'project:as3-commons/as3-commons-collections/src/test/actionscript/org/as3commons/collections/testhelpers/AbstractCollectionTestCase.as':[
195,
],
'project:as3-commons/as3-commons-collections/src/test/actionscript/org/as3commons/collections/testhelpers/AbstractIteratorTestCase.as':[
42,
],
'project:as3-commons/as3-commons-collections/src/test/actionscript/org/as3commons/collections/testhelpers/CollectionTest.as':[
69,
],
'project:as3-commons/as3-commons-concurrency/src/test/actionscript/org/as3commons/concurrency/thread/PseudoThreadTest.as':[
41,
66,
97,
],
'project:as3-commons/as3-commons-eventbus/src/main/actionscript/org/as3commons/eventbus/impl/EventBus.as':[
298,
],
'project:as3-commons/as3-commons-eventbus/src/main/actionscript/org/as3commons/eventbus/impl/collection/WeakLinkedListIterator.as':[
47,
70,
],
'project:as3-commons/as3-commons-eventbus/src/test/actionscript/org/as3commons/eventbus/impl/EventBusTest.as':[
38,
],
'project:as3-commons/as3-commons-lang/src/main/actionscript/org/as3commons/lang/ArrayUtils.as':[
56,
94,
169,
212,
249,
],
'project:as3-commons/as3-commons-lang/src/main/actionscript/org/as3commons/lang/ClassUtils.as':[
481,
],
'project:as3-commons/as3-commons-lang/src/main/actionscript/org/as3commons/lang/builder/ToStringStyle.as':[
58,
],
'project:as3-commons/as3-commons-lang/src/test/actionscript/org/as3commons/lang/testclasses/ComplexClass.as':[
37,
],
'project:as3-commons/as3-commons-lang/src/test/actionscript/org/as3commons/lang/testclasses/IncompleteInterfaceImplementation.as':[
12,
16,
],
'project:as3-commons/as3-commons-lang/src/test/actionscript/org/as3commons/lang/testclasses/IncorrectInterfaceImplementation.as':[
13,
17,
21,
],
'project:as3-commons/as3-commons-lang/src/test/actionscript/org/as3commons/lang/testclasses/InformalInterfaceImplementation.as':[
12,
16,
20,
],
'project:as3-commons/as3-commons-logging/src/main/actionscript/org/as3commons/logging/setup/target/AbstractHttpTarget.as':[
61,
],
'project:as3-commons/as3-commons-logging/src/main/actionscript/org/as3commons/logging/setup/target/AirFileTarget.as':[
179,
],
'project:as3-commons/as3-commons-logging/src/main/actionscript/org/as3commons/logging/util/LogMessageFormatter.as':[
457,
],
'project:as3-commons/as3-commons-logging/src/main/actionscript/org/as3commons/logging/util/logRuntimeInfo.as':[
30,
],
'project:as3-commons/as3-commons-logging/src/test/actionscript/FirebugTest.as':[
42,
78,
],
'project:as3-commons/as3-commons-logging/src/test/actionscript/LSTest.as':[
34,
],
'project:as3-commons/as3-commons-logging/src/test/actionscript/org/as3commons/logging/setup/target/AirTargetTest.as':[
51,
],
'project:as3-commons/as3-commons-logging/src/test/actionscript/org/as3commons/logging/setup/target/FrameBufferTest.as':[
49,
],
'project:as3-commons/as3-commons-logging/src/test/actionscript/org/as3commons/logging/util/RestAnalyzer.as':[
21,
],
'project:as3-commons/as3-commons-reflect/src/main/actionscript/org/as3commons/reflect/JSONTypeProvider.as':[
117,
146,
182,
229,
],
'project:as3-commons/as3-commons-reflect/src/main/actionscript/org/as3commons/reflect/ReflectionUtils.as':[
61,
],
'project:as3-commons/as3-commons-reflect/src/main/actionscript/org/as3commons/reflect/XmlTypeProvider.as':[
40,
179,
211,
],
'project:as3-commons/as3-commons-reflect/src/test/actionscript/org/as3commons/reflect/testclasses/ComplexClass.as':[
36,
],
'project:as3-commons/as3-commons-reflect/src/test/actionscript/org/as3commons/reflect/testclasses/ConstructorRecursionHazardClass.as':[
38,
],
'project:as3-commons/as3-commons-reflect/src/test/actionscript/org/as3commons/reflect/testclasses/DynamicFinalComplexClass.as':[
36,
],
'project:as3-commons/as3-commons-rpc/src/main/actionscript/org/as3commons/rpc/impl/RemotingService.as':[
65,
],
'project:as3-commons/as3-commons-serialization/src/main/actionscript/org/as3commons/serialization/xml/ConverterRegistery.as':[
27,
],
'project:as3-commons/as3-commons-serialization/src/main/actionscript/org/as3commons/serialization/xml/core/ASToXML.as':[
127,
],
'project:as3-commons/as3-commons-serialization/src/main/actionscript/org/as3commons/serialization/xml/core/XMLToAS.as':[
36,
],
'project:as3-commons/as3-commons-ui/src/main/actionscript/org/as3commons/ui/focus/FocusManager.as':[
38,
],
'project:as3-commons/as3-commons-ui/src/main/actionscript/org/as3commons/ui/layer/tooltip/ToolTipAdapter.as':[
249,
],
'project:as3-commons/as3-commons-ui/src/main/actionscript/org/as3commons/ui/layout/debugger/LayoutDebugger.as':[
196,
204,
212,
],
'project:as3-commons/as3-commons-ui/src/main/actionscript/org/as3commons/ui/layout/framework/core/AbstractLayout.as':[
287,
],
'project:as3-commons/as3-commons-ui/src/main/actionscript/org/as3commons/ui/layout/framework/core/parser/AbstractGroupLayoutParser.as':[
63,
],
'project:as3-commons/as3-commons-ui/src/test/actionscript/org/as3commons/ui/layout/framework/core/tests/AbstractLayoutTest.as':[
1024,
1054,
1088,
1122,
],
'project:as3-commons/as3-commons-ui/src/test/actionscript/org/as3commons/ui/layout/tests/DisplayTest.as':[
68,
211,
],
'project:as3-commons/as3-commons-ui/src/test/actionscript/org/as3commons/ui/lifecycle/i10n/core/tests/I10NPhaseTest.as':[
64,
118,
186,
270,
351,
429,
],
'project:as3-commons/as3-commons-ui/src/test/actionscript/org/as3commons/ui/lifecycle/i10n/tests/I10NAdapterTest.as':[
64,
99,
109,
147,
173,
205,
225,
233,
258,
288,
341,
394,
399,
431,
436,
451,
466,
473,
497,
528,
567,
592,
599,
634,
638,
684,
688,
733,
768,
778,
828,
928,
936,
998,
1032,
1138,
1145,
],
'project:as3-commons/as3-commons-ui/src/test/actionscript/org/as3commons/ui/lifecycle/i10n/tests/I10NTest.as':[
112,
120,
159,
197,
205,
224,
233,
253,
257,
277,
282,
289,
308,
328,
332,
366,
370,
405,
409,
447,
451,
],
'project:as3-commons/as3-commons-ui/src/test/actionscript/org/as3commons/ui/lifecycle/lifecycle/tests/LifeCycleAdapterTest.as':[
64,
107,
126,
132,
154,
201,
258,
297,
312,
327,
334,
357,
389,
432,
457,
464,
502,
552,
610,
666,
724,
890,
952,
986,
1099,
1278,
1325,
1367,
1399,
1441,
1484,
1526,
1556,
1599,
],
'project:as3-commons/as3-commons-ui/src/test/actionscript/org/as3commons/ui/lifecycle/lifecycle/tests/LifeCycleTest.as':[
60,
68,
91,
131,
146,
155,
176,
199,
206,
222,
243,
288,
328,
377,
],
'project:as3-commons/as3-commons-zip/src/main/actionscript/org/as3commons/zip/Zip.as':[
419,
],
'project:as3-commons/as3-commons-zip/src/main/actionscript/org/as3commons/zip/ZipLibrary.as':[
195,
],
'project:spring-actionscript/spring-actionscript-core/src/main/actionscript/org/springextensions/actionscript/context/impl/ApplicationContext.as':[
272,
],
'project:spring-actionscript/spring-actionscript-core/src/main/actionscript/org/springextensions/actionscript/context/impl/DefaultApplicationContextInitializer.as':[
341,
],
'project:spring-actionscript/spring-actionscript-core/src/main/actionscript/org/springextensions/actionscript/context/impl/DefaultChildContextManager.as':[
100,
118,
],
'project:spring-actionscript/spring-actionscript-core/src/main/actionscript/org/springextensions/actionscript/eventbus/process/EventInterceptorMetadataProcessor.as':[
60,
],
'project:spring-actionscript/spring-actionscript-core/src/main/actionscript/org/springextensions/actionscript/ioc/config/impl/metadata/MetadataObjectDefinitionsProvider.as':[
516,
],
'project:spring-actionscript/spring-actionscript-core/src/main/actionscript/org/springextensions/actionscript/ioc/config/impl/xml/namespacehandler/impl/ParsingUtils.as':[
90,
],
'project:spring-actionscript/spring-actionscript-core/src/main/actionscript/org/springextensions/actionscript/ioc/config/impl/xml/namespacehandler/impl/task/nodeparser/IfNodeParser.as':[
41,
],
'project:spring-actionscript/spring-actionscript-core/src/main/actionscript/org/springextensions/actionscript/ioc/config/impl/xml/namespacehandler/impl/task/nodeparser/TaskNodeParser.as':[
131,
135,
],
'project:spring-actionscript/spring-actionscript-core/src/main/actionscript/org/springextensions/actionscript/ioc/factory/process/impl/factory/ObjectDefinitionFactoryPostProcessor.as':[
228,
250,
],
'project:spring-actionscript/spring-actionscript-core/src/test/actionscript/org/springextensions/actionscript/context/impl/DefaultApplicationContextInitializerTest.as':[
162,
],
'project:spring-actionscript/spring-actionscript-core/src/test/actionscript/org/springextensions/actionscript/ioc/config/impl/metadata/MetadataObjectDefinitionsProviderTest.as':[
90,
],
'project:spring-actionscript/spring-actionscript-core/src/test/actionscript/org/springextensions/actionscript/test/testtypes/metadatascan/AnnotatedComponentWithConstructor.as':[
27,
],
'project:spring-actionscript/spring-actionscript-flex/src/main/actionscript/org/springextensions/actionscript/ioc/config/impl/mxml/MXMLObjectDefinitionsProvider.as':[
107,
139,
],
'project:spring-actionscript/spring-actionscript-flex/src/main/actionscript/org/springextensions/actionscript/ioc/config/impl/mxml/custom/eventbus/EventHandlerMethod.as':[
165,
],
'project:spring-actionscript/spring-actionscript-flex/src/main/actionscript/org/springextensions/actionscript/ioc/config/impl/mxml/custom/eventbus/EventRouterConfiguration.as':[
137,
],
'project:spring-actionscript/spring-actionscript-flex/src/main/actionscript/org/springextensions/actionscript/ioc/config/impl/mxml/custom/eventbus/InterceptionConfiguration.as':[
151,
],
'project:spring-actionscript/spring-actionscript-flex/src/main/actionscript/org/springextensions/actionscript/ioc/config/impl/mxml/custom/stage/StageObjectProcessor.as':[
57,
],
'project:spring-actionscript/spring-actionscript-flex/src/main/actionscript/org/springextensions/actionscript/ioc/config/impl/mxml/custom/util/FactorObjectDefinition.as':[
48,
],
'project:spring-actionscript/spring-actionscript-flex/src/main/actionscript/org/springextensions/actionscript/localization/LocalizationStageProcessor.as':[
164,
],
'project:spring-actionscript/spring-actionscript-samples/cafe-townsend-bootstrap/src/main/actionscript/org/springextensions/actionscript/domain/NamedEntity.as':[
40,
],
'project:spring-actionscript/spring-actionscript-samples/cafe-townsend-metadata-config/src/main/actionscript/org/springextensions/actionscript/domain/NamedEntity.as':[
40,
],
'project:spring-actionscript/spring-actionscript-samples/cafe-townsend-multi-module/src/main/actionscript/org/springextensions/actionscript/domain/NamedEntity.as':[
40,
],
'project:spring-actionscript/spring-actionscript-samples/cafe-townsend-mxml-config/src/main/actionscript/org/springextensions/actionscript/domain/NamedEntity.as':[
40,
],
'project:spring-actionscript/spring-actionscript-samples/cafe-townsend/src/main/actionscript/org/springextensions/actionscript/domain/NamedEntity.as':[
40,
],
'project:spring-actionscript/spring-actionscript-security/src/main/actionscript/org/springextensions/actionscript/security/impl/SimpleStageSecurityManager.as':[
148,
],
}
