{
'project:as3-commons/as3-commons-aop/src/main/actionscript/org/as3commons/aop/factory/impl/AOPProxyFactory.as':[
129,
],
'project:as3-commons/as3-commons-asblocks/src/main/actionscript/org/as3commons/asblocks/impl/ASTASClassType.as':[
95,
134,
197,
226,
241,
259,
],
'project:as3-commons/as3-commons-asblocks/src/main/actionscript/org/as3commons/asblocks/impl/ASTASDeclarationStatement.as':[
56,
],
'project:as3-commons/as3-commons-asblocks/src/main/actionscript/org/as3commons/asblocks/impl/ASTASInterfaceType.as':[
82,
117,
],
'project:as3-commons/as3-commons-asblocks/src/main/actionscript/org/as3commons/asblocks/impl/ASTASMember.as':[
165,
],
'project:as3-commons/as3-commons-asblocks/src/main/actionscript/org/as3commons/asblocks/impl/ASTASMetaTag.as':[
79,
94,
],
'project:as3-commons/as3-commons-asblocks/src/main/actionscript/org/as3commons/asblocks/impl/ASTASProject.as':[
334,
],
'project:as3-commons/as3-commons-asblocks/src/main/actionscript/org/as3commons/asblocks/impl/ASTDocTag.as':[
61,
119,
],
'project:as3-commons/as3-commons-asblocks/src/main/actionscript/org/as3commons/asblocks/impl/ASTFunctionCommon.as':[
45,
118,
],
'project:as3-commons/as3-commons-asblocks/src/main/actionscript/org/as3commons/asblocks/impl/ASTLiteralBuilder.as':[
133,
],
'project:as3-commons/as3-commons-asblocks/src/main/actionscript/org/as3commons/asblocks/impl/ASTPrinter.as':[
29,
],
'project:as3-commons/as3-commons-asblocks/src/main/actionscript/org/as3commons/asblocks/impl/ASTUtils.as':[
73,
174,
434,
440,
487,
584,
649,
673,
765,
792,
860,
],
'project:as3-commons/as3-commons-asblocks/src/main/actionscript/org/as3commons/asblocks/impl/DocumentationUtils.as':[
264,
277,
296,
],
'project:as3-commons/as3-commons-asblocks/src/main/actionscript/org/as3commons/asblocks/impl/MethodAwareUtils.as':[
15,
28,
43,
],
'project:as3-commons/as3-commons-asblocks/src/main/actionscript/org/as3commons/asblocks/impl/ModifierUtils.as':[
55,
67,
81,
95,
138,
168,
210,
214,
],
'project:as3-commons/as3-commons-asblocks/src/main/actionscript/org/as3commons/asblocks/impl/SourceFolderResourceRoot.as':[
64,
92,
],
'project:as3-commons/as3-commons-asblocks/src/main/actionscript/org/as3commons/asblocks/parser/antlr/as3/AS3ParserHelper.as':[
89,
],
'project:as3-commons/as3-commons-asblocks/src/test/actionscript/org/as3commons/asblocks/impl/CodeMirror.as':[
62,
95,
112,
137,
],
'project:as3-commons/as3-commons-asblocks/src/test/actionscript/org/as3commons/asblocks/impl/Test_DocComment.as':[
258,
],
'project:as3-commons/as3-commons-bytecode/src/main/actionscript/org/as3commons/bytecode/abc/NamespaceSet.as':[
54,
],
'project:as3-commons/as3-commons-bytecode/src/main/actionscript/org/as3commons/bytecode/util/MultinameUtil.as':[
62,
70,
],
'project:as3-commons/as3-commons-bytecode/src/test/actionscript/org/as3commons/bytecode/testclasses/interceptors/RestMethodInterceptor.as':[
29,
],
'project:as3-commons/as3-commons-collections/src/main/actionscript/org/as3commons/collections/SortedList.as':[
266,
],
'project:as3-commons/as3-commons-collections/src/main/actionscript/org/as3commons/collections/framework/core/AbstractLinkedCollection.as':[
368,
369,
],
'project:as3-commons/as3-commons-collections/src/main/actionscript/org/as3commons/collections/framework/core/AbstractList.as':[
148,
],
'project:as3-commons/as3-commons-collections/src/main/actionscript/org/as3commons/collections/utils/ArrayUtils.as':[
109,
],
'project:as3-commons/as3-commons-collections/src/main/actionscript/org/as3commons/collections/utils/CollectionUtils.as':[
49,
],
'project:as3-commons/as3-commons-collections/src/main/actionscript/org/as3commons/collections/utils/LinkedLists.as':[
75,
],
'project:as3-commons/as3-commons-collections/src/main/actionscript/org/as3commons/collections/utils/Lists.as':[
116,
],
'project:as3-commons/as3-commons-collections/src/main/actionscript/org/as3commons/collections/utils/Maps.as':[
146,
159,
],
'project:as3-commons/as3-commons-collections/src/main/actionscript/org/as3commons/collections/utils/Sets.as':[
135,
],
'project:as3-commons/as3-commons-collections/src/test/actionscript/org/as3commons/collections/testhelpers/AbstractCollectionTestCase.as':[
197,
203,
],
'project:as3-commons/as3-commons-collections/src/test/actionscript/org/as3commons/collections/testhelpers/CollectionEventListener.as':[
86,
110,
130,
141,
],
'project:as3-commons/as3-commons-collections/src/test/actionscript/org/as3commons/collections/testhelpers/CollectionTest.as':[
71,
77,
],
'project:as3-commons/as3-commons-collections/src/test/actionscript/org/as3commons/collections/testhelpers/TestItems.as':[
88,
96,
104,
113,
122,
131,
],
'project:as3-commons/as3-commons-collections/src/test/actionscript/org/as3commons/collections/units/fx/IDuplicatesFxTests.as':[
141,
161,
],
'project:as3-commons/as3-commons-collections/src/test/actionscript/org/as3commons/collections/units/fx/IMapFxTests.as':[
233,
265,
297,
],
'project:as3-commons/as3-commons-lang/src/main/actionscript/org/as3commons/lang/ArrayUtils.as':[
382,
],
'project:as3-commons/as3-commons-lang/src/main/actionscript/org/as3commons/lang/ClassUtils.as':[
220,
233,
],
'project:as3-commons/as3-commons-lang/src/main/actionscript/org/as3commons/lang/StringUtils.as':[
822,
1500,
2588,
],
'project:as3-commons/as3-commons-logging/src/main/actionscript/org/as3commons/logging/setup/log4j/log4jPropertiesToSetup.as':[
54,
],
'project:as3-commons/as3-commons-logging/src/main/actionscript/org/as3commons/logging/util/removeDuplicates.as':[
40,
],
'project:as3-commons/as3-commons-logging/src/test/actionscript/org/as3commons/logging/util/AlikeMatcher.as':[
33,
],
'project:as3-commons/as3-commons-logging/src/test/actionscript/org/as3commons/logging/util/RestAnalyzer.as':[
25,
],
'project:as3-commons/as3-commons-logging/src/test/actionscript/org/as3commons/logging/util/xml/XMLTargetTest.as':[
363,
],
'project:as3-commons/as3-commons-serialization/src/main/actionscript/com/dynamicflash/util/Base64.as':[
58,
79,
105,
108,
118,
],
'project:as3-commons/as3-commons-stageprocessing/src/main/actionscript/org/as3commons/stageprocessing/impl/selector/NameBasedObjectSelector.as':[
122,
],
'project:as3-commons/as3-commons-swc/src/main/actionscript/org/as3commons/swc/SWC.as':[
89,
91,
114,
],
'project:as3-commons/as3-commons-swc/src/main/actionscript/org/as3commons/swc/catalog/reader/impl/XMLCatalogReader.as':[
68,
94,
109,
165,
],
'project:as3-commons/as3-commons-ui/src/main/actionscript/org/as3commons/ui/layout/framework/core/AbstractLayout.as':[
150,
184,
190,
389,
],
'project:as3-commons/as3-commons-ui/src/main/actionscript/org/as3commons/ui/layout/framework/core/init/AbstractLayoutItemInitializer.as':[
51,
55,
],
'project:as3-commons/as3-commons-ui/src/main/actionscript/org/as3commons/ui/layout/framework/core/parser/DynTableParser.as':[
152,
],
'project:as3-commons/as3-commons-ui/src/main/actionscript/org/as3commons/ui/layout/framework/core/parser/TableParser.as':[
94,
],
'project:as3-commons/as3-commons-ui/src/main/actionscript/org/as3commons/ui/layout/shortcut/cellconfig.as':[
29,
],
'project:as3-commons/as3-commons-zip/src/main/actionscript/org/as3commons/zip/Zip.as':[
231,
],
'project:spring-actionscript/spring-actionscript-core/src/main/actionscript/org/springextensions/actionscript/ioc/config/impl/xml/preprocess/impl/PropertyImportPreprocessor.as':[
65,
71,
],
'project:spring-actionscript/spring-actionscript-core/src/main/actionscript/org/springextensions/actionscript/ioc/config/property/impl/KeyValuePropertiesParser.as':[
150,
],
'project:spring-actionscript/spring-actionscript-core/src/main/actionscript/org/springextensions/actionscript/ioc/factory/impl/referenceresolver/ArrayCollectionReferenceResolver.as':[
58,
],
'project:spring-actionscript/spring-actionscript-core/src/main/actionscript/org/springextensions/actionscript/stage/PopupAndTooltipWireManager.as':[
199,
],
'project:spring-actionscript/spring-actionscript-core/src/test/actionscript/org/springextensions/actionscript/ioc/config/impl/xml/namespacehandler/impl/ParsingUtilsTest.as':[
112,
126,
],
'project:spring-actionscript/spring-actionscript-core/src/test/actionscript/org/springextensions/actionscript/test/testtypes/Person.as':[
99,
],
'project:spring-actionscript/spring-actionscript-samples/cafe-townsend-bootstrap/src/main/actionscript/org/springextensions/actionscript/domain/ManagedEntity.as':[
96,
112,
125,
],
'project:spring-actionscript/spring-actionscript-samples/cafe-townsend-bootstrap/src/main/actionscript/org/springextensions/actionscript/domain/util/EntityUtil.as':[
137,
154,
],
'project:spring-actionscript/spring-actionscript-samples/cafe-townsend-metadata-config/src/main/actionscript/org/springextensions/actionscript/domain/ManagedEntity.as':[
96,
112,
125,
],
'project:spring-actionscript/spring-actionscript-samples/cafe-townsend-metadata-config/src/main/actionscript/org/springextensions/actionscript/domain/util/EntityUtil.as':[
137,
154,
],
'project:spring-actionscript/spring-actionscript-samples/cafe-townsend-multi-module/src/main/actionscript/org/springextensions/actionscript/domain/ManagedEntity.as':[
96,
112,
125,
],
'project:spring-actionscript/spring-actionscript-samples/cafe-townsend-multi-module/src/main/actionscript/org/springextensions/actionscript/domain/util/EntityUtil.as':[
137,
154,
],
'project:spring-actionscript/spring-actionscript-samples/cafe-townsend-mxml-config/src/main/actionscript/org/springextensions/actionscript/domain/ManagedEntity.as':[
96,
112,
125,
],
'project:spring-actionscript/spring-actionscript-samples/cafe-townsend-mxml-config/src/main/actionscript/org/springextensions/actionscript/domain/util/EntityUtil.as':[
137,
154,
],
'project:spring-actionscript/spring-actionscript-samples/cafe-townsend/src/main/actionscript/org/springextensions/actionscript/domain/ManagedEntity.as':[
96,
112,
125,
],
'project:spring-actionscript/spring-actionscript-samples/cafe-townsend/src/main/actionscript/org/springextensions/actionscript/domain/util/EntityUtil.as':[
137,
154,
],
}
