{
'project:as3-commons/as3-commons-eventbus/src/test/actionscript/org/as3commons/eventbus/impl/EventBusTest.as':[
119,
121,
229,
231,
234,
284,
330,
339,
348,
410,
456,
515,
543,
544,
556,
557,
574,
575,
592,
593,
601,
602,
],
'project:as3-commons/as3-commons-logging/src/main/actionscript/org/as3commons/logging/setup/target/AirFileTarget.as':[
149,
],
'project:as3-commons/as3-commons-logging/src/main/actionscript/org/as3commons/logging/util/captureUncaughtErrors.as':[
37,
],
'project:spring-actionscript/spring-actionscript-core/src/main/actionscript/org/springextensions/actionscript/stage/PopupAndTooltipWireManager.as':[
100,
105,
],
}
