{
'project:as3-commons/as3-commons-asblocks/src/main/actionscript/org/as3commons/asblocks/parser/antlr/as3/AS3Lexer.as':[
2688,
3643,
4523,
],
'project:as3-commons/as3-commons-asblocks/src/main/actionscript/org/as3commons/asblocks/parser/antlr/as3/AS3Parser.as':[
925,
1261,
1804,
3418,
4954,
6129,
6582,
7075,
8502,
9048,
9206,
9702,
10920,
11741,
12040,
12570,
13274,
13637,
15094,
17459,
],
'project:as3-commons/as3-commons-asblocks/src/main/actionscript/org/as3commons/asblocks/parser/antlr/asdoc/ASDocParser.as':[
317,
458,
595,
980,
1374,
1972,
],
'project:as3-commons/as3-commons-asblocks/src/main/actionscript/org/as3commons/asblocks/parser/antlr/e4x/E4XParser.as':[
281,
],
'project:as3-commons/as3-commons-bytecode/src/main/actionscript/org/as3commons/bytecode/emit/asm/Asm.as':[
56,
],
'project:as3-commons/as3-commons-bytecode/src/main/actionscript/org/as3commons/bytecode/io/AbcDeserializer.as':[
472,
],
'project:as3-commons/as3-commons-bytecode/src/main/actionscript/org/as3commons/bytecode/io/AbstractAbcDeserializer.as':[
88,
],
'project:as3-commons/as3-commons-bytecode/src/main/actionscript/org/as3commons/bytecode/reflect/ClassMetadataDeserializer.as':[
82,
],
'project:as3-commons/as3-commons-bytecode/src/main/actionscript/org/as3commons/bytecode/reflect/ReflectionDeserializer.as':[
257,
514,
],
'project:as3-commons/as3-commons-bytecode/src/test/actionscript/org/as3commons/bytecode/io/AbcSerializerTest.as':[
187,
],
'project:as3-commons/as3-commons-collections/src/main/examples/ArrayListIteratorExample.as':[
8,
],
'project:as3-commons/as3-commons-collections/src/test/actionscript/org/as3commons/collections/iterators/RecursiveFilterIterator2Test.as':[
168,
477,
657,
861,
],
'project:as3-commons/as3-commons-collections/src/test/actionscript/org/as3commons/collections/iterators/RecursiveFilterIteratorTest.as':[
167,
346,
522,
726,
],
'project:as3-commons/as3-commons-collections/src/test/actionscript/org/as3commons/collections/units/fx/ICollectionFxTests.as':[
72,
251,
],
'project:as3-commons/as3-commons-logging/src/main/actionscript/org/as3commons/logging/util/LogMessageFormatter.as':[
162,
292,
],
'project:as3-commons/as3-commons-logging/src/main/actionscript/org/as3commons/logging/util/xml/xmlToSetup.as':[
270,
],
'project:as3-commons/as3-commons-logging/src/test/actionscript/org/as3commons/logging/setup/LogSetupTest.as':[
72,
],
}
