{
'project:as3-commons/as3-commons-aop/src/main/actionscript/org/as3commons/aop/factory/impl/AOPBatchProxyFactory.as':[
158,
],
'project:as3-commons/as3-commons-aop/src/main/actionscript/org/as3commons/aop/factory/util/LoadProxyFactoryOperation.as':[
71,
76,
],
'project:as3-commons/as3-commons-aop/src/test/actionscript/org/as3commons/aop/advice/util/AdviceUtilTest.as':[
36,
44,
54,
64,
70,
],
'project:as3-commons/as3-commons-aop/src/test/actionscript/org/as3commons/aop/advisor/impl/PointcutAdvisorTest.as':[
33,
38,
43,
],
'project:as3-commons/as3-commons-aop/src/test/actionscript/org/as3commons/aop/pointcut/impl/binary/AndPointcutTest.as':[
28,
36,
44,
52,
],
'project:as3-commons/as3-commons-aop/src/test/actionscript/org/as3commons/aop/pointcut/impl/binary/OrPointcutTest.as':[
28,
36,
44,
52,
],
'project:as3-commons/as3-commons-aop/src/test/actionscript/org/as3commons/aop/pointcut/impl/name/NameRegistryTest.as':[
37,
45,
54,
67,
77,
88,
94,
100,
111,
134,
142,
151,
160,
166,
172,
184,
190,
196,
202,
208,
214,
],
'project:as3-commons/as3-commons-asblocks/src/main/actionscript/org/as3commons/asblocks/impl/ASTUtils.as':[
845,
],
'project:as3-commons/as3-commons-asblocks/src/main/actionscript/org/as3commons/asblocks/parser/antlr/LinkedListTokenStream.as':[
160,
194,
219,
],
'project:as3-commons/as3-commons-asblocks/src/main/actionscript/org/as3commons/asblocks/parser/antlr/as3/AS3Lexer.as':[
1566,
1648,
1709,
1730,
1771,
1833,
1915,
1976,
2017,
2079,
2121,
2142,
2163,
2243,
2285,
2368,
2430,
2474,
2527,
2668,
2688,
2887,
2987,
3005,
3053,
3119,
3179,
3239,
3324,
3457,
3516,
3593,
3643,
3995,
4098,
4241,
4265,
4361,
4386,
4503,
5353,
5373,
5393,
5412,
5426,
5440,
5491,
5603,
6349,
],
'project:as3-commons/as3-commons-asblocks/src/main/actionscript/org/as3commons/asblocks/parser/antlr/as3/AS3Parser.as':[
16236,
16252,
16268,
16279,
16295,
16306,
16318,
16329,
16345,
16360,
16372,
16385,
16399,
16414,
16425,
16437,
16449,
16464,
16478,
16492,
16506,
16520,
16534,
16548,
16562,
16576,
16590,
16604,
16618,
16632,
16646,
16660,
16674,
16688,
16757,
16927,
17038,
17146,
17234,
17394,
17459,
17704,
17822,
17946,
18083,
],
'project:as3-commons/as3-commons-asblocks/src/main/actionscript/org/as3commons/asblocks/parser/antlr/asdoc/ASDocLexer.as':[
407,
563,
],
'project:as3-commons/as3-commons-asblocks/src/main/actionscript/org/as3commons/asblocks/parser/antlr/asdoc/ASDocParser.as':[
1142,
1154,
1168,
1182,
1374,
1972,
],
'project:as3-commons/as3-commons-asblocks/src/main/actionscript/org/as3commons/asblocks/parser/antlr/e4x/E4XLexer.as':[
53,
74,
94,
115,
135,
155,
175,
196,
217,
237,
292,
337,
439,
499,
568,
637,
660,
683,
706,
722,
935,
],
'project:as3-commons/as3-commons-asblocks/src/main/actionscript/org/as3commons/asblocks/parser/antlr/regexsimple/RegexSimpleLexer.as':[
46,
66,
121,
189,
212,
251,
268,
309,
332,
355,
425,
516,
],
'project:as3-commons/as3-commons-asblocks/src/test/actionscript/org/as3commons/asblocks/impl/Test_ASTASArrayAccessExpression.as':[
56,
65,
],
'project:as3-commons/as3-commons-asblocks/src/test/actionscript/org/as3commons/asblocks/impl/Test_ASTASAssignmentExpression.as':[
41,
48,
55,
62,
69,
76,
83,
90,
97,
104,
111,
118,
125,
134,
142,
],
'project:as3-commons/as3-commons-asblocks/src/test/actionscript/org/as3commons/asblocks/impl/Test_ASTASBinaryExpression.as':[
41,
48,
55,
62,
69,
76,
83,
90,
97,
104,
111,
118,
125,
132,
139,
146,
153,
160,
167,
175,
184,
192,
],
'project:as3-commons/as3-commons-asblocks/src/test/actionscript/org/as3commons/asblocks/impl/Test_ASTASClassType.as':[
43,
56,
64,
85,
106,
119,
138,
148,
156,
168,
176,
190,
204,
217,
],
'project:as3-commons/as3-commons-asblocks/src/test/actionscript/org/as3commons/asblocks/impl/Test_ASTASConditionalExpression.as':[
45,
57,
66,
],
'project:as3-commons/as3-commons-asblocks/src/test/actionscript/org/as3commons/asblocks/impl/Test_ASTASConfigStatement.as':[
35,
43,
],
'project:as3-commons/as3-commons-asblocks/src/test/actionscript/org/as3commons/asblocks/impl/Test_ASTASFieldAccessExpression.as':[
17,
],
'project:as3-commons/as3-commons-asblocks/src/test/actionscript/org/as3commons/asblocks/impl/Test_ASTASFunctionExpression.as':[
46,
53,
63,
],
'project:as3-commons/as3-commons-asblocks/src/test/actionscript/org/as3commons/asblocks/impl/Test_ASTASFunctionType.as':[
32,
48,
],
'project:as3-commons/as3-commons-asblocks/src/test/actionscript/org/as3commons/asblocks/impl/Test_ASTASInterfaceType.as':[
33,
63,
71,
97,
116,
133,
],
'project:as3-commons/as3-commons-asblocks/src/test/actionscript/org/as3commons/asblocks/impl/Test_ASTASInvocationExpression.as':[
48,
56,
67,
76,
88,
],
'project:as3-commons/as3-commons-asblocks/src/test/actionscript/org/as3commons/asblocks/impl/Test_ASTASMethod.as':[
75,
101,
113,
143,
159,
218,
233,
287,
296,
323,
],
'project:as3-commons/as3-commons-asblocks/src/test/actionscript/org/as3commons/asblocks/impl/Test_ASTASNamespaceType.as':[
32,
48,
64,
],
'project:as3-commons/as3-commons-asblocks/src/test/actionscript/org/as3commons/asblocks/impl/Test_ASTASPackage.as':[
43,
58,
83,
107,
131,
141,
],
'project:as3-commons/as3-commons-asblocks/src/test/actionscript/org/as3commons/asblocks/impl/Test_ASTASPostfixExpression.as':[
34,
43,
50,
57,
],
'project:as3-commons/as3-commons-asblocks/src/test/actionscript/org/as3commons/asblocks/impl/Test_ASTASPrefixExpression.as':[
36,
45,
52,
59,
66,
73,
80,
],
'project:as3-commons/as3-commons-asblocks/src/test/actionscript/org/as3commons/asblocks/impl/Test_ASTASProject.as':[
41,
57,
67,
77,
85,
91,
97,
103,
109,
115,
121,
127,
],
'project:as3-commons/as3-commons-asblocks/src/test/actionscript/org/as3commons/asblocks/impl/Test_ASTStatementList.as':[
76,
86,
102,
119,
126,
143,
153,
164,
173,
192,
204,
222,
239,
285,
302,
319,
331,
343,
355,
380,
390,
404,
422,
445,
458,
473,
483,
496,
503,
511,
526,
533,
543,
550,
567,
587,
609,
617,
632,
641,
648,
655,
678,
],
'project:as3-commons/as3-commons-asblocks/src/test/actionscript/org/as3commons/asblocks/impl/Test_DocComment.as':[
47,
56,
72,
91,
100,
],
'project:as3-commons/as3-commons-asblocks/src/test/actionscript/org/as3commons/asblocks/parser/antlr/TestLinkedListTree.as':[
29,
],
'project:as3-commons/as3-commons-asblocks/src/test/actionscript/org/as3commons/asblocks/parser/antlr/Test_AST.as':[
33,
],
'project:as3-commons/as3-commons-asblocks/src/test/actionscript/org/as3commons/asblocks/parser/antlr/Test_BasicListUpdateDelegate.as':[
32,
],
'project:as3-commons/as3-commons-asblocks/src/test/actionscript/org/as3commons/asblocks/parser/antlr/Test_LinkedListTokenStream.as':[
17,
],
'project:as3-commons/as3-commons-asblocks/src/test/actionscript/org/as3commons/asblocks/parser/antlr/as3/TestAS3Parser_CompilationUnit.as':[
31,
79,
94,
104,
142,
154,
184,
193,
203,
255,
269,
275,
288,
297,
314,
331,
347,
353,
386,
415,
421,
438,
444,
450,
456,
504,
510,
520,
529,
562,
589,
595,
609,
629,
645,
659,
683,
695,
733,
741,
749,
782,
806,
830,
865,
896,
921,
935,
949,
972,
998,
1026,
1080,
1103,
1142,
1156,
1221,
1234,
1245,
1256,
1267,
1278,
1289,
1314,
1370,
1389,
1404,
1423,
1468,
1478,
1551,
1573,
1617,
1653,
1718,
1729,
1747,
1774,
],
'project:as3-commons/as3-commons-asblocks/src/test/actionscript/org/as3commons/asblocks/parser/antlr/as3/TestAS3Parser_Proto.as':[
110,
158,
179,
202,
227,
314,
404,
436,
452,
],
'project:as3-commons/as3-commons-asblocks/src/test/actionscript/org/as3commons/asblocks/parser/antlr/as3/TestAS3Parser_Statements.as':[
16,
34,
85,
104,
163,
191,
330,
352,
398,
],
'project:as3-commons/as3-commons-asblocks/src/test/actionscript/org/as3commons/asblocks/parser/antlr/as3/Test_AS3ParserModes.as':[
25,
],
'project:as3-commons/as3-commons-asblocks/src/test/actionscript/org/as3commons/asblocks/parser/antlr/as3/Test_Expression.as':[
13,
22,
72,
111,
126,
136,
148,
178,
187,
197,
207,
259,
272,
289,
298,
315,
330,
336,
369,
398,
404,
421,
469,
481,
519,
527,
535,
568,
592,
616,
650,
681,
706,
720,
734,
757,
783,
811,
865,
888,
927,
943,
1008,
1265,
1275,
1348,
1370,
1414,
1449,
1514,
1525,
1543,
1566,
],
'project:as3-commons/as3-commons-asblocks/src/test/actionscript/org/as3commons/asblocks/parser/antlr/as3/Test_Package.as':[
7,
],
'project:as3-commons/as3-commons-asblocks/src/test/actionscript/org/as3commons/asblocks/parser/antlr/as3/Test_PrimaryExpression.as':[
17,
26,
103,
129,
177,
216,
282,
297,
322,
],
'project:as3-commons/as3-commons-asblocks/src/test/actionscript/org/as3commons/asblocks/parser/antlr/as3/Test_TypeExpression.as':[
11,
],
'project:as3-commons/as3-commons-asblocks/src/test/actionscript/org/as3commons/asblocks/parser/antlr/asdoc/TestASDocParser.as':[
46,
],
'project:as3-commons/as3-commons-asblocks/src/test/actionscript/org/as3commons/asblocks/parser/antlr/e4x/TestE4XParser.as':[
17,
25,
33,
41,
51,
59,
67,
77,
87,
],
'project:as3-commons/as3-commons-async-flex/src/main/actionscript/org/as3commons/async/operation/impl/LoadResourceBundleOperation.as':[
78,
98,
],
'project:as3-commons/as3-commons-async/src/main/actionscript/org/as3commons/async/operation/impl/OperationQueue.as':[
128,
143,
],
'project:as3-commons/as3-commons-async/src/main/actionscript/org/as3commons/async/operation/trigger/impl/AbstractParallelOperationCompleteTrigger.as':[
62,
],
'project:as3-commons/as3-commons-async/src/main/actionscript/org/as3commons/async/operation/trigger/impl/AndOperationCompleteTrigger.as':[
41,
],
'project:as3-commons/as3-commons-async/src/main/actionscript/org/as3commons/async/operation/trigger/impl/OrOperationCompleteTrigger.as':[
53,
],
'project:as3-commons/as3-commons-async/src/main/actionscript/org/as3commons/async/operation/trigger/impl/SequenceOperationCompleteTrigger.as':[
66,
],
'project:as3-commons/as3-commons-async/src/main/actionscript/org/as3commons/async/task/ITask.as':[
107,
113,
121,
129,
165,
170,
],
'project:as3-commons/as3-commons-async/src/main/actionscript/org/as3commons/async/task/command/PauseCommand.as':[
45,
],
'project:as3-commons/as3-commons-async/src/main/actionscript/org/as3commons/async/task/command/TaskCommand.as':[
109,
],
'project:as3-commons/as3-commons-async/src/main/actionscript/org/as3commons/async/task/impl/AbstractTaskBlock.as':[
113,
128,
137,
],
'project:as3-commons/as3-commons-async/src/main/actionscript/org/as3commons/async/task/impl/ForBlock.as':[
132,
],
'project:as3-commons/as3-commons-async/src/main/actionscript/org/as3commons/async/task/impl/IfElseBlock.as':[
215,
222,
229,
236,
262,
266,
],
'project:as3-commons/as3-commons-async/src/main/actionscript/org/as3commons/async/task/impl/Task.as':[
199,
213,
228,
242,
417,
421,
477,
484,
],
'project:as3-commons/as3-commons-bytecode/src/main/actionscript/org/as3commons/bytecode/emit/INamespaceBuilder.as':[
35,
39,
],
'project:as3-commons/as3-commons-bytecode/src/main/actionscript/org/as3commons/bytecode/emit/impl/NamespaceBuilder.as':[
54,
58,
],
'project:as3-commons/as3-commons-bytecode/src/test/actionscript/org/as3commons/bytecode/abc/enum/OpcodeTest.as':[
44,
49,
159,
164,
169,
174,
179,
184,
189,
214,
219,
224,
229,
234,
239,
264,
274,
314,
319,
374,
379,
384,
389,
509,
519,
529,
539,
599,
609,
774,
779,
784,
789,
824,
834,
839,
],
'project:as3-commons/as3-commons-bytecode/src/test/actionscript/org/as3commons/bytecode/emit/impl/AbcBuilderTest.as':[
215,
220,
225,
230,
235,
240,
245,
250,
255,
260,
265,
294,
299,
],
'project:as3-commons/as3-commons-collections/src/main/actionscript/org/as3commons/collections/LinkedList.as':[
122,
132,
],
'project:as3-commons/as3-commons-collections/src/main/actionscript/org/as3commons/collections/LinkedMap.as':[
374,
395,
],
'project:as3-commons/as3-commons-collections/src/main/actionscript/org/as3commons/collections/LinkedSet.as':[
334,
354,
],
'project:as3-commons/as3-commons-collections/src/main/actionscript/org/as3commons/collections/Treap.as':[
297,
312,
327,
347,
366,
387,
],
'project:as3-commons/as3-commons-collections/src/main/actionscript/org/as3commons/collections/framework/core/AbstractLinkedCollection.as':[
204,
211,
],
'project:as3-commons/as3-commons-collections/src/main/actionscript/org/as3commons/collections/framework/core/AbstractList.as':[
220,
],
'project:as3-commons/as3-commons-collections/src/main/actionscript/org/as3commons/collections/framework/core/AbstractSortedCollection.as':[
234,
249,
264,
284,
303,
],
'project:as3-commons/as3-commons-collections/src/main/actionscript/org/as3commons/collections/framework/core/ArrayListIterator.as':[
101,
],
'project:as3-commons/as3-commons-collections/src/test/actionscript/org/as3commons/collections/ArrayListTest.as':[
42,
54,
62,
74,
82,
104,
111,
133,
155,
165,
175,
189,
197,
211,
225,
237,
247,
273,
285,
291,
],
'project:as3-commons/as3-commons-collections/src/test/actionscript/org/as3commons/collections/LinkedListTest.as':[
46,
58,
66,
74,
86,
],
'project:as3-commons/as3-commons-collections/src/test/actionscript/org/as3commons/collections/LinkedMapKeyIteratorTest.as':[
57,
],
'project:as3-commons/as3-commons-collections/src/test/actionscript/org/as3commons/collections/LinkedMapTest.as':[
46,
58,
66,
78,
86,
94,
106,
124,
134,
144,
162,
172,
186,
206,
],
'project:as3-commons/as3-commons-collections/src/test/actionscript/org/as3commons/collections/LinkedSetTest.as':[
45,
57,
65,
77,
85,
93,
105,
123,
133,
143,
161,
171,
185,
199,
222,
234,
246,
269,
285,
],
'project:as3-commons/as3-commons-collections/src/test/actionscript/org/as3commons/collections/MapKeyIteratorTest.as':[
57,
],
'project:as3-commons/as3-commons-collections/src/test/actionscript/org/as3commons/collections/MapTest.as':[
53,
],
'project:as3-commons/as3-commons-collections/src/test/actionscript/org/as3commons/collections/SetTest.as':[
51,
],
'project:as3-commons/as3-commons-collections/src/test/actionscript/org/as3commons/collections/SortedListTest.as':[
47,
59,
67,
79,
103,
122,
141,
],
'project:as3-commons/as3-commons-collections/src/test/actionscript/org/as3commons/collections/SortedMapKeyIteratorTest.as':[
58,
],
'project:as3-commons/as3-commons-collections/src/test/actionscript/org/as3commons/collections/SortedMapTest.as':[
48,
60,
68,
80,
88,
108,
],
'project:as3-commons/as3-commons-collections/src/test/actionscript/org/as3commons/collections/SortedSetTest.as':[
48,
60,
68,
80,
88,
],
'project:as3-commons/as3-commons-collections/src/test/actionscript/org/as3commons/collections/StringMapTest.as':[
52,
],
'project:as3-commons/as3-commons-collections/src/test/actionscript/org/as3commons/collections/StringSetTest.as':[
51,
],
'project:as3-commons/as3-commons-collections/src/test/actionscript/org/as3commons/collections/TreapTest.as':[
53,
61,
],
'project:as3-commons/as3-commons-collections/src/test/actionscript/org/as3commons/collections/framework/core/ArrayListIteratorTest.as':[
59,
67,
79,
87,
102,
],
'project:as3-commons/as3-commons-collections/src/test/actionscript/org/as3commons/collections/framework/core/LinkedListIteratorTest.as':[
63,
71,
79,
91,
],
'project:as3-commons/as3-commons-collections/src/test/actionscript/org/as3commons/collections/framework/core/LinkedMapIteratorTest.as':[
86,
94,
102,
114,
127,
],
'project:as3-commons/as3-commons-collections/src/test/actionscript/org/as3commons/collections/framework/core/LinkedSetIteratorTest.as':[
84,
92,
100,
112,
125,
142,
],
'project:as3-commons/as3-commons-collections/src/test/actionscript/org/as3commons/collections/framework/core/MapIteratorTest.as':[
60,
],
'project:as3-commons/as3-commons-collections/src/test/actionscript/org/as3commons/collections/framework/core/SetIteratorTest.as':[
62,
],
'project:as3-commons/as3-commons-collections/src/test/actionscript/org/as3commons/collections/framework/core/SortedListIteratorTest.as':[
61,
],
'project:as3-commons/as3-commons-collections/src/test/actionscript/org/as3commons/collections/framework/core/SortedMapIteratorTest.as':[
88,
96,
],
'project:as3-commons/as3-commons-collections/src/test/actionscript/org/as3commons/collections/framework/core/SortedSetIteratorTest.as':[
88,
96,
],
'project:as3-commons/as3-commons-collections/src/test/actionscript/org/as3commons/collections/framework/core/TreapIteratorTest.as':[
62,
70,
],
'project:as3-commons/as3-commons-collections/src/test/actionscript/org/as3commons/collections/fx/ArrayListFxTest.as':[
69,
77,
157,
213,
262,
273,
292,
311,
334,
352,
369,
406,
445,
],
'project:as3-commons/as3-commons-collections/src/test/actionscript/org/as3commons/collections/fx/LinkedMapFxTest.as':[
41,
73,
81,
93,
111,
133,
151,
168,
191,
218,
255,
290,
],
'project:as3-commons/as3-commons-collections/src/test/actionscript/org/as3commons/collections/fx/LinkedSetFxTest.as':[
42,
74,
82,
94,
143,
154,
165,
],
'project:as3-commons/as3-commons-collections/src/test/actionscript/org/as3commons/collections/fx/MapFxTest.as':[
43,
],
'project:as3-commons/as3-commons-collections/src/test/actionscript/org/as3commons/collections/fx/SetFxTest.as':[
43,
],
'project:as3-commons/as3-commons-collections/src/test/actionscript/org/as3commons/collections/fx/SortedListFxTest.as':[
44,
],
'project:as3-commons/as3-commons-collections/src/test/actionscript/org/as3commons/collections/fx/SortedMapFxTest.as':[
45,
53,
],
'project:as3-commons/as3-commons-collections/src/test/actionscript/org/as3commons/collections/fx/SortedSetFxTest.as':[
45,
53,
],
'project:as3-commons/as3-commons-collections/src/test/actionscript/org/as3commons/collections/iterators/ArrayIteratorTest.as':[
55,
],
'project:as3-commons/as3-commons-collections/src/test/actionscript/org/as3commons/collections/iterators/CollectionFilterIteratorTest.as':[
49,
57,
69,
85,
101,
130,
160,
179,
198,
222,
247,
270,
279,
288,
297,
310,
341,
],
'project:as3-commons/as3-commons-collections/src/test/actionscript/org/as3commons/collections/iterators/FilterIteratorTest.as':[
47,
55,
],
'project:as3-commons/as3-commons-collections/src/test/actionscript/org/as3commons/collections/iterators/RecursiveFilterIterator2Test.as':[
54,
62,
70,
168,
362,
419,
477,
657,
861,
],
'project:as3-commons/as3-commons-collections/src/test/actionscript/org/as3commons/collections/iterators/RecursiveFilterIteratorTest.as':[
53,
61,
69,
167,
346,
522,
726,
],
'project:as3-commons/as3-commons-collections/src/test/actionscript/org/as3commons/collections/iterators/RecursiveIteratorTest.as':[
48,
56,
],
'project:as3-commons/as3-commons-collections/src/test/actionscript/org/as3commons/collections/testhelpers/AbstractSpecialIteratorUnitTestCase.as':[
27,
],
'project:as3-commons/as3-commons-collections/src/test/actionscript/org/as3commons/collections/units/ICollectionTests.as':[
33,
41,
45,
53,
62,
81,
92,
107,
123,
127,
138,
142,
148,
154,
162,
177,
185,
198,
217,
221,
229,
236,
265,
278,
311,
],
'project:as3-commons/as3-commons-collections/src/test/actionscript/org/as3commons/collections/units/IDuplicatesTests.as':[
31,
39,
47,
66,
70,
76,
94,
104,
133,
139,
146,
],
'project:as3-commons/as3-commons-collections/src/test/actionscript/org/as3commons/collections/units/IInsertionOrderDuplicatesTests.as':[
33,
37,
45,
54,
87,
98,
121,
154,
],
'project:as3-commons/as3-commons-collections/src/test/actionscript/org/as3commons/collections/units/IInsertionOrderTests.as':[
33,
41,
49,
65,
83,
99,
117,
136,
140,
146,
158,
170,
182,
194,
213,
217,
223,
],
'project:as3-commons/as3-commons-collections/src/test/actionscript/org/as3commons/collections/units/IListTests.as':[
31,
43,
55,
63,
71,
83,
97,
116,
120,
126,
134,
144,
148,
154,
171,
181,
189,
193,
203,
216,
229,
242,
246,
257,
270,
283,
296,
303,
317,
333,
339,
359,
],
'project:as3-commons/as3-commons-collections/src/test/actionscript/org/as3commons/collections/units/IMapTests.as':[
31,
43,
55,
63,
71,
81,
91,
106,
120,
134,
158,
167,
177,
196,
211,
224,
248,
261,
274,
298,
311,
324,
351,
360,
369,
389,
398,
407,
430,
439,
448,
468,
478,
487,
510,
518,
526,
543,
551,
559,
576,
589,
602,
654,
667,
680,
707,
747,
787,
846,
880,
914,
969,
992,
1015,
],
'project:as3-commons/as3-commons-collections/src/test/actionscript/org/as3commons/collections/units/IOrderTests.as':[
31,
39,
47,
51,
57,
73,
77,
83,
98,
115,
119,
146,
150,
177,
],
'project:as3-commons/as3-commons-collections/src/test/actionscript/org/as3commons/collections/units/ISetTests.as':[
31,
43,
51,
60,
69,
83,
96,
109,
136,
145,
154,
174,
183,
192,
215,
223,
231,
248,
266,
284,
348,
360,
372,
398,
417,
436,
],
'project:as3-commons/as3-commons-collections/src/test/actionscript/org/as3commons/collections/units/ISortOrderDuplicateEqualsTests.as':[
30,
38,
47,
63,
82,
104,
130,
],
'project:as3-commons/as3-commons-collections/src/test/actionscript/org/as3commons/collections/units/ISortOrderDuplicatesTests.as':[
31,
35,
43,
52,
81,
128,
169,
185,
218,
],
'project:as3-commons/as3-commons-collections/src/test/actionscript/org/as3commons/collections/units/ISortOrderTests.as':[
38,
46,
54,
78,
98,
113,
132,
147,
166,
179,
206,
222,
228,
237,
245,
253,
],
'project:as3-commons/as3-commons-collections/src/test/actionscript/org/as3commons/collections/units/IStringMapTests.as':[
32,
35,
38,
41,
44,
47,
50,
53,
56,
59,
62,
65,
68,
71,
74,
77,
80,
83,
86,
89,
92,
95,
98,
101,
104,
107,
110,
113,
116,
],
'project:as3-commons/as3-commons-collections/src/test/actionscript/org/as3commons/collections/units/IStringSetTests.as':[
33,
36,
39,
42,
45,
48,
51,
54,
57,
],
'project:as3-commons/as3-commons-collections/src/test/actionscript/org/as3commons/collections/units/fx/ICollectionFxTests.as':[
36,
63,
72,
190,
223,
251,
],
'project:as3-commons/as3-commons-collections/src/test/actionscript/org/as3commons/collections/units/fx/IDuplicatesFxTests.as':[
34,
42,
51,
130,
150,
],
'project:as3-commons/as3-commons-collections/src/test/actionscript/org/as3commons/collections/units/fx/IInsertionOrderFxTests.as':[
35,
43,
52,
100,
152,
168,
189,
204,
225,
302,
371,
],
'project:as3-commons/as3-commons-collections/src/test/actionscript/org/as3commons/collections/units/fx/IListFxTests.as':[
38,
50,
58,
74,
83,
104,
166,
228,
245,
268,
295,
311,
320,
335,
356,
381,
394,
],
'project:as3-commons/as3-commons-collections/src/test/actionscript/org/as3commons/collections/units/fx/IMapFxTests.as':[
38,
50,
62,
71,
147,
215,
324,
335,
354,
371,
399,
417,
453,
466,
],
'project:as3-commons/as3-commons-collections/src/test/actionscript/org/as3commons/collections/units/fx/IOrderBaseFxTests.as':[
35,
43,
52,
61,
116,
125,
],
'project:as3-commons/as3-commons-collections/src/test/actionscript/org/as3commons/collections/units/fx/ISortOrderFxTests.as':[
34,
42,
51,
],
'project:as3-commons/as3-commons-collections/src/test/actionscript/org/as3commons/collections/units/iterators/FilterIteratorTests.as':[
34,
52,
67,
85,
100,
],
'project:as3-commons/as3-commons-collections/src/test/actionscript/org/as3commons/collections/units/iterators/ICollectionIteratorStartIndexTests.as':[
34,
44,
54,
64,
74,
84,
94,
],
'project:as3-commons/as3-commons-collections/src/test/actionscript/org/as3commons/collections/units/iterators/ICollectionIteratorTests.as':[
34,
39,
66,
97,
149,
186,
243,
300,
327,
364,
410,
443,
488,
537,
585,
640,
],
'project:as3-commons/as3-commons-collections/src/test/actionscript/org/as3commons/collections/units/iterators/IIteratorInsertionOrderTests.as':[
34,
42,
67,
141,
159,
186,
213,
300,
319,
341,
373,
440,
],
'project:as3-commons/as3-commons-collections/src/test/actionscript/org/as3commons/collections/units/iterators/IIteratorNextPreviousLookupTests.as':[
34,
42,
],
'project:as3-commons/as3-commons-collections/src/test/actionscript/org/as3commons/collections/units/iterators/IIteratorStartIndexTests.as':[
35,
44,
52,
60,
69,
],
'project:as3-commons/as3-commons-collections/src/test/actionscript/org/as3commons/collections/units/iterators/IIteratorTests.as':[
35,
39,
49,
73,
95,
],
'project:as3-commons/as3-commons-collections/src/test/actionscript/org/as3commons/collections/units/iterators/IListIteratorTests.as':[
38,
46,
54,
62,
94,
],
'project:as3-commons/as3-commons-collections/src/test/actionscript/org/as3commons/collections/units/iterators/IMapIteratorTests.as':[
39,
51,
59,
93,
103,
],
'project:as3-commons/as3-commons-collections/src/test/actionscript/org/as3commons/collections/units/iterators/ISetIteratorTests.as':[
38,
50,
],
'project:as3-commons/as3-commons-collections/src/test/actionscript/org/as3commons/collections/units/iterators/RecursiveIteratorTests.as':[
102,
107,
117,
133,
164,
188,
217,
247,
297,
],
'project:as3-commons/as3-commons-collections/src/test/actionscript/org/as3commons/collections/utils/LinkedListBuilderTest.as':[
15,
],
'project:as3-commons/as3-commons-collections/src/test/actionscript/org/as3commons/collections/utils/LinkedListsTest.as':[
24,
48,
72,
106,
118,
160,
178,
186,
198,
226,
239,
247,
263,
],
'project:as3-commons/as3-commons-collections/src/test/actionscript/org/as3commons/collections/utils/ListBuilderTest.as':[
16,
24,
],
'project:as3-commons/as3-commons-collections/src/test/actionscript/org/as3commons/collections/utils/ListsTest.as':[
25,
45,
69,
93,
127,
152,
194,
212,
220,
232,
260,
273,
281,
297,
],
'project:as3-commons/as3-commons-collections/src/test/actionscript/org/as3commons/collections/utils/MapBuilderTest.as':[
15,
25,
37,
],
'project:as3-commons/as3-commons-collections/src/test/actionscript/org/as3commons/collections/utils/MapsTest.as':[
25,
64,
103,
151,
165,
182,
190,
200,
210,
226,
255,
306,
341,
400,
414,
423,
436,
474,
483,
494,
521,
548,
577,
591,
600,
615,
],
'project:as3-commons/as3-commons-collections/src/test/actionscript/org/as3commons/collections/utils/SetBuilderTest.as':[
16,
28,
36,
],
'project:as3-commons/as3-commons-collections/src/test/actionscript/org/as3commons/collections/utils/SetsTest.as':[
26,
46,
66,
90,
114,
148,
173,
215,
233,
241,
253,
281,
294,
302,
318,
],
'project:as3-commons/as3-commons-collections/src/test/actionscript/org/as3commons/collections/utils/StringComparatorTest.as':[
27,
134,
241,
348,
],
'project:as3-commons/as3-commons-eventbus/src/main/actionscript/org/as3commons/eventbus/impl/collection/WeakLinkedList.as':[
52,
62,
],
'project:as3-commons/as3-commons-lang/src/test/actionscript/org/as3commons/lang/AssertTest.as':[
13,
22,
],
'project:as3-commons/as3-commons-lang/src/test/actionscript/org/as3commons/lang/ClassUtilsTest.as':[
63,
68,
73,
78,
83,
88,
93,
98,
103,
189,
218,
256,
261,
266,
271,
276,
281,
286,
293,
302,
307,
312,
321,
326,
331,
336,
345,
350,
360,
365,
370,
375,
],
'project:as3-commons/as3-commons-lang/src/test/actionscript/org/as3commons/lang/EnumTest.as':[
57,
65,
74,
83,
92,
101,
110,
130,
141,
176,
187,
],
'project:as3-commons/as3-commons-lang/src/test/actionscript/org/as3commons/lang/ObjectUtilsTest.as':[
45,
],
'project:as3-commons/as3-commons-lang/src/test/actionscript/org/as3commons/lang/XMLUtilsTest.as':[
117,
122,
127,
132,
],
'project:as3-commons/as3-commons-lang/src/test/actionscript/org/as3commons/lang/builder/EqualsBuilderTest.as':[
38,
43,
48,
53,
72,
84,
93,
101,
109,
117,
123,
136,
149,
],
'project:as3-commons/as3-commons-lang/src/test/actionscript/org/as3commons/lang/testclasses/SampleEnum.as':[
17,
25,
],
'project:as3-commons/as3-commons-logging/src/main/actionscript/org/as3commons/logging/integration/ASAPIntegration.as':[
44,
],
'project:as3-commons/as3-commons-logging/src/main/actionscript/org/as3commons/logging/integration/Progression4Integration.as':[
38,
],
'project:as3-commons/as3-commons-reflect/src/main/actionscript/org/as3commons/reflect/MetadataUtils.as':[
54,
],
'project:as3-commons/as3-commons-reflect/src/test/actionscript/org/as3commons/reflect/AccessorTest.as':[
34,
38,
42,
52,
56,
60,
70,
74,
78,
88,
92,
96,
],
'project:as3-commons/as3-commons-reflect/src/test/actionscript/org/as3commons/reflect/MetadataContainerTest.as':[
39,
45,
51,
61,
],
'project:as3-commons/as3-commons-reflect/src/test/actionscript/org/as3commons/reflect/MetadataTest.as':[
25,
],
'project:as3-commons/as3-commons-reflect/src/test/actionscript/org/as3commons/reflect/MethodInvokerTest.as':[
45,
55,
64,
73,
83,
93,
],
'project:as3-commons/as3-commons-reflect/src/test/actionscript/org/as3commons/reflect/TypeTest.as':[
89,
],
'project:as3-commons/as3-commons-serialization/src/test/actionscript/org/as3commons/serialization/xml/converters/basic/BooleanConverterTest.as':[
34,
38,
42,
57,
62,
67,
],
'project:as3-commons/as3-commons-stageprocessing/src/main/actionscript/org/as3commons/stageprocessing/impl/FlashStageObjectProcessorRegistry.as':[
475,
612,
],
'project:as3-commons/as3-commons-swc/src/main/actionscript/org/as3commons/swc/SWC.as':[
245,
254,
308,
313,
],
'project:as3-commons/as3-commons-swc/src/test/actionscript/org/as3commons/swc/SWCTest.as':[
45,
58,
65,
69,
75,
],
'project:as3-commons/as3-commons-swc/src/test/actionscript/org/as3commons/swc/catalog/reader/impl/XMLCatalogReaderTest.as':[
51,
73,
],
'project:as3-commons/as3-commons-ui/src/main/actionscript/org/as3commons/ui/focus/FocusAdapter.as':[
104,
115,
130,
],
'project:as3-commons/as3-commons-ui/src/main/actionscript/org/as3commons/ui/framework/uiservice/AbstractUIAdapter.as':[
41,
46,
],
'project:as3-commons/as3-commons-ui/src/main/actionscript/org/as3commons/ui/framework/uiservice/AbstractUIService.as':[
38,
43,
55,
67,
83,
95,
137,
],
'project:as3-commons/as3-commons-ui/src/main/actionscript/org/as3commons/ui/layer/tooltip/ToolTipAdapter.as':[
123,
133,
144,
164,
],
'project:as3-commons/as3-commons-ui/src/main/actionscript/org/as3commons/ui/layout/framework/core/cell/DisplayCell.as':[
83,
],
'project:as3-commons/as3-commons-ui/src/main/actionscript/org/as3commons/ui/lifecycle/i10n/I10N.as':[
167,
202,
211,
],
'project:as3-commons/as3-commons-ui/src/main/actionscript/org/as3commons/ui/lifecycle/i10n/I10NAdapter.as':[
107,
113,
121,
145,
149,
153,
157,
],
'project:as3-commons/as3-commons-ui/src/main/actionscript/org/as3commons/ui/lifecycle/lifecycle/LifeCycleAdapter.as':[
100,
109,
113,
117,
121,
125,
134,
],
'project:as3-commons/as3-commons-ui/src/main/actionscript/org/as3commons/ui/lifecycle/lifecycle/LifeCycleView.as':[
19,
27,
88,
93,
97,
101,
105,
109,
],
'project:as3-commons/as3-commons-ui/src/test/actionscript/org/as3commons/ui/framework/uiservice/testhelper/TestAdapter.as':[
19,
25,
],
'project:as3-commons/as3-commons-ui/src/test/actionscript/org/as3commons/ui/framework/uiservice/tests/AbstractUIServiceTest.as':[
40,
45,
54,
71,
89,
109,
134,
169,
191,
210,
247,
282,
],
'project:as3-commons/as3-commons-ui/src/test/actionscript/org/as3commons/ui/layout/framework/core/tests/AbstractLayoutTest.as':[
41,
55,
71,
95,
109,
123,
135,
153,
165,
182,
203,
217,
235,
275,
323,
354,
406,
420,
451,
569,
601,
719,
814,
909,
1006,
1030,
1060,
1094,
1128,
],
'project:as3-commons/as3-commons-ui/src/test/actionscript/org/as3commons/ui/layout/tests/DisplayTest.as':[
35,
49,
74,
91,
],
'project:as3-commons/as3-commons-ui/src/test/actionscript/org/as3commons/ui/layout/tests/HLayoutTest.as':[
32,
42,
54,
65,
78,
89,
102,
115,
127,
],
'project:as3-commons/as3-commons-ui/src/test/actionscript/org/as3commons/ui/lifecycle/i10n/core/tests/I10NPhaseTest.as':[
45,
77,
140,
224,
305,
383,
],
'project:as3-commons/as3-commons-ui/src/test/actionscript/org/as3commons/ui/lifecycle/i10n/tests/I10NAdapterTest.as':[
54,
74,
89,
115,
134,
153,
183,
217,
241,
270,
301,
373,
410,
442,
457,
479,
506,
540,
581,
605,
655,
705,
754,
798,
863,
882,
917,
943,
955,
970,
981,
1004,
1038,
1071,
1117,
1156,
1186,
1216,
1241,
1270,
],
'project:as3-commons/as3-commons-ui/src/test/actionscript/org/as3commons/ui/lifecycle/i10n/tests/I10NTest.as':[
51,
56,
72,
87,
100,
126,
139,
165,
184,
212,
239,
263,
295,
314,
339,
386,
420,
],
'project:as3-commons/as3-commons-ui/src/test/actionscript/org/as3commons/ui/lifecycle/lifecycle/tests/LifeCycleAdapterTest.as':[
50,
75,
90,
118,
138,
164,
229,
269,
303,
318,
340,
366,
400,
446,
470,
523,
573,
631,
686,
758,
777,
796,
821,
846,
871,
897,
909,
924,
935,
958,
992,
1025,
1071,
1110,
1140,
1170,
1195,
1224,
1253,
1297,
1344,
1374,
1418,
1459,
1503,
1533,
1574,
],
'project:as3-commons/as3-commons-ui/src/test/actionscript/org/as3commons/ui/lifecycle/lifecycle/tests/LifeCycleTest.as':[
47,
52,
74,
97,
113,
138,
161,
182,
212,
228,
250,
304,
339,
],
'project:as3-commons/as3-commons-zip/src/main/actionscript/org/as3commons/zip/utils/ChecksumUtil.as':[
61,
89,
],
'project:spring-actionscript/spring-actionscript-core/src/test/actionscript/org/springextensions/actionscript/ioc/config/impl/metadata/MetadataObjectDefinitionsProviderTest.as':[
271,
336,
],
'project:spring-actionscript/spring-actionscript-core/src/test/actionscript/org/springextensions/actionscript/ioc/config/impl/xml/parser/impl/XmlObjectDefinitionsParserTest.as':[
183,
204,
224,
244,
403,
518,
538,
],
'project:spring-actionscript/spring-actionscript-core/src/test/actionscript/org/springextensions/actionscript/ioc/config/impl/xml/parser/impl/nodeparser/DictionaryNodeParserTest.as':[
46,
64,
90,
102,
125,
147,
],
'project:spring-actionscript/spring-actionscript-core/src/test/actionscript/org/springextensions/actionscript/ioc/config/impl/xml/parser/impl/nodeparser/KeyValueNodeParserTest.as':[
41,
],
'project:spring-actionscript/spring-actionscript-core/src/test/actionscript/org/springextensions/actionscript/ioc/config/impl/xml/preprocess/impl/IdAttributePreprocessorTest.as':[
41,
],
'project:spring-actionscript/spring-actionscript-core/src/test/actionscript/org/springextensions/actionscript/ioc/config/impl/xml/preprocess/impl/ScopeAttributePreprocessorTest.as':[
30,
42,
54,
],
'project:spring-actionscript/spring-actionscript-core/src/test/actionscript/org/springextensions/actionscript/ioc/factory/impl/FieldRetrievingFactoryObjectTest.as':[
76,
92,
103,
],
'project:spring-actionscript/spring-actionscript-core/src/test/actionscript/org/springextensions/actionscript/stage/DefaultSpringObjectSelectorTest.as':[
30,
],
'project:spring-actionscript/spring-actionscript-flex/src/main/actionscript/org/springextensions/actionscript/ioc/config/impl/mxml/component/PropertyPlaceholder.as':[
53,
57,
],
'project:spring-actionscript/spring-actionscript-flex/src/main/actionscript/org/springextensions/actionscript/localization/LocalizationStageProcessor.as':[
205,
],
'project:spring-actionscript/spring-actionscript-samples/cafe-townsend-bootstrap/src/main/actionscript/org/springextensions/actionscript/samples/cafetownsend/application/ApplicationController.as':[
54,
],
'project:spring-actionscript/spring-actionscript-samples/cafe-townsend-bootstrap/src/main/actionscript/org/springextensions/actionscript/samples/cafetownsend/presentation/EmployeeListPresentationModel.as':[
193,
197,
208,
217,
221,
226,
],
'project:spring-actionscript/spring-actionscript-samples/cafe-townsend-bootstrap/src/main/actionscript/org/springextensions/actionscript/samples/cafetownsend/presentation/EmployeeLoginPresentationModel.as':[
172,
186,
],
'project:spring-actionscript/spring-actionscript-samples/cafe-townsend-bootstrap/src/main/actionscript/org/springextensions/actionscript/samples/cafetownsend/presentation/MainViewPresentationModel.as':[
82,
87,
],
'project:spring-actionscript/spring-actionscript-samples/cafe-townsend-metadata-config/src/main/actionscript/org/springextensions/actionscript/samples/cafetownsend/application/ApplicationController.as':[
57,
],
'project:spring-actionscript/spring-actionscript-samples/cafe-townsend-metadata-config/src/main/actionscript/org/springextensions/actionscript/samples/cafetownsend/presentation/EmployeeListPresentationModel.as':[
194,
198,
209,
218,
222,
227,
],
'project:spring-actionscript/spring-actionscript-samples/cafe-townsend-metadata-config/src/main/actionscript/org/springextensions/actionscript/samples/cafetownsend/presentation/EmployeeLoginPresentationModel.as':[
171,
185,
],
'project:spring-actionscript/spring-actionscript-samples/cafe-townsend-multi-module/src/main/actionscript/org/springextensions/actionscript/samples/cafetownsend/application/ApplicationController.as':[
31,
],
'project:spring-actionscript/spring-actionscript-samples/cafe-townsend-multi-module/src/main/actionscript/org/springextensions/actionscript/samples/cafetownsend/presentation/EmployeeListPresentationModel.as':[
193,
197,
208,
217,
221,
226,
],
'project:spring-actionscript/spring-actionscript-samples/cafe-townsend-multi-module/src/main/actionscript/org/springextensions/actionscript/samples/cafetownsend/presentation/EmployeeLoginPresentationModel.as':[
172,
186,
],
'project:spring-actionscript/spring-actionscript-samples/cafe-townsend-multi-module/src/main/actionscript/org/springextensions/actionscript/samples/cafetownsend/presentation/MainViewPresentationModel.as':[
54,
59,
],
'project:spring-actionscript/spring-actionscript-samples/cafe-townsend-mxml-config/src/main/actionscript/org/springextensions/actionscript/samples/cafetownsend/application/ApplicationController.as':[
54,
],
'project:spring-actionscript/spring-actionscript-samples/cafe-townsend-mxml-config/src/main/actionscript/org/springextensions/actionscript/samples/cafetownsend/presentation/EmployeeListPresentationModel.as':[
193,
197,
208,
217,
221,
226,
],
'project:spring-actionscript/spring-actionscript-samples/cafe-townsend-mxml-config/src/main/actionscript/org/springextensions/actionscript/samples/cafetownsend/presentation/EmployeeLoginPresentationModel.as':[
172,
186,
],
'project:spring-actionscript/spring-actionscript-samples/cafe-townsend-mxml-config/src/main/actionscript/org/springextensions/actionscript/samples/cafetownsend/presentation/MainViewPresentationModel.as':[
82,
87,
],
'project:spring-actionscript/spring-actionscript-samples/cafe-townsend/src/main/actionscript/org/springextensions/actionscript/samples/cafetownsend/application/ApplicationController.as':[
56,
],
'project:spring-actionscript/spring-actionscript-samples/cafe-townsend/src/main/actionscript/org/springextensions/actionscript/samples/cafetownsend/presentation/EmployeeListPresentationModel.as':[
193,
197,
208,
217,
221,
226,
],
'project:spring-actionscript/spring-actionscript-samples/cafe-townsend/src/main/actionscript/org/springextensions/actionscript/samples/cafetownsend/presentation/EmployeeLoginPresentationModel.as':[
172,
186,
],
'project:spring-actionscript/spring-actionscript-samples/cafe-townsend/src/main/actionscript/org/springextensions/actionscript/samples/cafetownsend/presentation/MainViewPresentationModel.as':[
82,
87,
],
'project:spring-actionscript/spring-actionscript-security/src/main/actionscript/org/springextensions/actionscript/security/impl/SimpleSecurityManagerFactory.as':[
188,
],
}
