{
'project:as3-commons/as3-commons-asblocks/src/main/actionscript/org/as3commons/asblocks/impl/ASTDocTag.as':[
73,
],
'project:as3-commons/as3-commons-asblocks/src/main/actionscript/org/as3commons/asblocks/impl/ASTLiteralBuilder.as':[
136,
],
'project:as3-commons/as3-commons-asblocks/src/main/actionscript/org/as3commons/asblocks/impl/ASTUtils.as':[
437,
582,
],
'project:as3-commons/as3-commons-asblocks/src/main/actionscript/org/as3commons/asblocks/impl/CommentUtils.as':[
133,
],
'project:as3-commons/as3-commons-asblocks/src/main/actionscript/org/as3commons/asblocks/impl/DocumentationUtils.as':[
330,
],
'project:as3-commons/as3-commons-asblocks/src/main/actionscript/org/as3commons/asblocks/parser/antlr/as3/AS3Lexer.as':[
2451,
2491,
2547,
2709,
2777,
2904,
2930,
2959,
3021,
3290,
3343,
3486,
3538,
3561,
3613,
3662,
3678,
3708,
3729,
3759,
3784,
3828,
3960,
4015,
4047,
4066,
4130,
4182,
4213,
6352,
],
'project:as3-commons/as3-commons-asblocks/src/main/actionscript/org/as3commons/asblocks/parser/antlr/as3/AS3Parser.as':[
504,
599,
706,
777,
852,
968,
1191,
1575,
1601,
1701,
1722,
2207,
2304,
2690,
2759,
2785,
2960,
2986,
3082,
3217,
3345,
3651,
3895,
4011,
4212,
4362,
4509,
4618,
4773,
4903,
5367,
5390,
5611,
5868,
6176,
6485,
6743,
6856,
6951,
7124,
7152,
7182,
7310,
7529,
7555,
7781,
8141,
8214,
8287,
8685,
8763,
8956,
9092,
9124,
9557,
9655,
10097,
10252,
10376,
10500,
10583,
10666,
10749,
10873,
11224,
11442,
11581,
12418,
12483,
13591,
13935,
14033,
14112,
14181,
14288,
14300,
14691,
14846,
14916,
14937,
15047,
15124,
15150,
15173,
15335,
15453,
16144,
16930,
17041,
17149,
17397,
17707,
17949,
18086,
],
'project:as3-commons/as3-commons-asblocks/src/main/actionscript/org/as3commons/asblocks/parser/antlr/asdoc/ASDocLexer.as':[
69,
93,
202,
298,
316,
353,
423,
],
'project:as3-commons/as3-commons-asblocks/src/main/actionscript/org/as3commons/asblocks/parser/antlr/asdoc/ASDocParser.as':[
154,
247,
351,
368,
402,
787,
1008,
1042,
1054,
],
'project:as3-commons/as3-commons-asblocks/src/main/actionscript/org/as3commons/asblocks/parser/antlr/e4x/E4XLexer.as':[
256,
311,
355,
374,
410,
471,
540,
609,
],
'project:as3-commons/as3-commons-asblocks/src/main/actionscript/org/as3commons/asblocks/parser/antlr/e4x/E4XParser.as':[
164,
236,
339,
387,
440,
475,
581,
835,
1014,
1037,
1127,
1326,
],
'project:as3-commons/as3-commons-asblocks/src/main/actionscript/org/as3commons/asblocks/parser/antlr/regexsimple/RegexSimpleLexer.as':[
95,
139,
284,
519,
],
'project:as3-commons/as3-commons-asblocks/src/main/actionscript/org/as3commons/asblocks/parser/antlr/regexsimple/RegexSimpleParser.as':[
135,
226,
368,
],
'project:as3-commons/as3-commons-bytecode/src/main/actionscript/org/as3commons/bytecode/abc/ConstantPool.as':[
325,
],
'project:as3-commons/as3-commons-bytecode/src/test/actionscript/org/as3commons/bytecode/testclasses/interceptors/EventDispatcherExInterceptor.as':[
41,
],
'project:as3-commons/as3-commons-ui/src/main/actionscript/org/as3commons/ui/layout/framework/core/cell/AbstractCell.as':[
196,
210,
],
'project:as3-commons/as3-commons-ui/src/main/actionscript/org/as3commons/ui/layout/framework/core/row/AbstractRow.as':[
240,
263,
],
'project:spring-actionscript/spring-actionscript-security/src/main/actionscript/org/springextensions/actionscript/security/impl/SimpleStageSecurityManager.as':[
175,
],
}
