{
'project:as3-commons/as3-commons-lang/src/test/actionscript/org/as3commons/lang/testclasses/PropertiesClass.as':[
31,
],
'project:as3-commons/as3-commons-lang/src/test/actionscript/org/as3commons/lang/testclasses/PublicClass.as':[
47,
],
'project:as3-commons/as3-commons-logging/src/main/actionscript/org/as3commons/logging/setup/log4j/Log4JStyleSetup.as':[
140,
145,
150,
],
'project:as3-commons/as3-commons-logging/src/test/actionscript/org/as3commons/logging/setup/log4j/Log4JSetupTest.as':[
272,
],
'project:as3-commons/as3-commons-reflect/src/test/actionscript/org/as3commons/reflect/testclasses/FullTestClass.as':[
6,
],
'project:as3-commons/as3-commons-reflect/src/test/actionscript/org/as3commons/reflect/testclasses/PublicClass.as':[
42,
],
}
